<html>
<body>
<pre>
<h1>µVision Build Log</h1>
<h2>Tool Versions:</h2>
IDE-Version: ¦ÌVision V5.25.2.0
Copyright (C) 2018 ARM Ltd and ARM Germany GmbH. All rights reserved.
License Information: XU YIFEI, Jiangnan University, LIC=IK112-95HF1-ZWV2V-PEMIW-Y2SWT-ZJL39
 
Tool Versions:
Toolchain:       MDK-ARM Plus  Version: 5.25.2.0
Toolchain Path:  D:\Keil_v5\ARM\ARMCC\Bin
C Compiler:      Armcc.exe V5.06 update 6 (build 750)
Assembler:       Armasm.exe V5.06 update 6 (build 750)
Linker/Locator:  ArmLink.exe V5.06 update 6 (build 750)
Library Manager: ArmAr.exe V5.06 update 6 (build 750)
Hex Converter:   FromElf.exe V5.06 update 6 (build 750)
CPU DLL:         SARMCM3.DLL V5.25.2.0
Dialog DLL:      DARMSTM.DLL V1.68.0.0
Target DLL:      STLink\ST-LINKIII-KEIL_SWO.dll V3.0.1.0
Dialog DLL:      TARMSTM.DLL V1.66.0.0
 
<h2>Project:</h2>
C:\Users\XYF\Desktop\WENSHIDU_GPRS\NB\USER\KEY.uvprojx
Project File Date:  11/22/2020

<h2>Output:</h2>
*** Using Compiler 'V5.06 update 6 (build 750)', folder: 'D:\Keil_v5\ARM\ARMCC\Bin'
Build target 'KEY'
compiling lcd.c...
..\HARDWARE\LCD\lcd.c(827): warning:  #940-D: missing return statement at end of non-void function "getChr_Wendu" 
  	}
..\HARDWARE\LCD\lcd.c(840): warning:  #940-D: missing return statement at end of non-void function "getChr_Shidu" 
  	}
..\HARDWARE\LCD\lcd.c(853): warning:  #940-D: missing return statement at end of non-void function "getChr_Others" 
  	}
..\HARDWARE\LCD\lcd.c: 3 warnings, 0 errors
linking...
Program Size: Code=75506 RO-data=462 RW-data=1184 ZI-data=3168  
FromELF: creating hex file...
"..\OBJ\KEY.axf" - 0 Error(s), 3 Warning(s).

<h2>Software Packages used:</h2>

Package Vendor: Keil
                http://www.keil.com/pack/Keil.STM32F1xx_DFP.2.2.0.pack
                Keil.STM32F1xx_DFP.2.2.0
                STMicroelectronics STM32F1 Series Device Support, Drivers and Examples

<h2>Collection of Component include folders:</h2>
  .\RTE\_KEY
  D:\Keil_v5\ARM\PACK\Keil\STM32F1xx_DFP\2.2.0\Device\Include

<h2>Collection of Component Files used:</h2>
Build Time Elapsed:  00:00:01
</pre>
</body>
</html>
