<html>
<body>
<pre>
<h1>µVision Build Log</h1>
<h2>Tool Versions:</h2>
IDE-Version: ¦ÌVision V5.25.2.0
Copyright (C) 2018 ARM Ltd and ARM Germany GmbH. All rights reserved.
License Information: XU YIFEI, Jiangnan University, LIC=IK112-95HF1-ZWV2V-PEMIW-Y2SWT-ZJL39
 
Tool Versions:
Toolchain:       MDK-ARM Plus  Version: 5.25.2.0
Toolchain Path:  D:\Keil_v5\ARM\ARMCC\Bin
C Compiler:      Armcc.exe V5.06 update 6 (build 750)
Assembler:       Armasm.exe V5.06 update 6 (build 750)
Linker/Locator:  ArmLink.exe V5.06 update 6 (build 750)
Library Manager: ArmAr.exe V5.06 update 6 (build 750)
Hex Converter:   FromElf.exe V5.06 update 6 (build 750)
CPU DLL:         SARMCM3.DLL V5.25.2.0
Dialog DLL:      DARMSTM.DLL V1.68.0.0
Target DLL:      STLink\ST-LINKIII-KEIL_SWO.dll V3.0.1.0
Dialog DLL:      TARMSTM.DLL V1.66.0.0
 
<h2>Project:</h2>
C:\Users\XYF\Desktop\WENSHIDU_GPRS\NB\USER\KEY.uvprojx
Project File Date:  11/22/2020

<h2>Output:</h2>
*** Using Compiler 'V5.06 update 6 (build 750)', folder: 'D:\Keil_v5\ARM\ARMCC\Bin'
Build target 'KEY'
compiling main.c...
..\HARDWARE\KEY\key.h(35): warning:  #1295-D: Deprecated declaration KEY_Scan - give arg types
  void KEY_Scan();  	//°´¼üÉ¨Ãèº¯Êý			
..\HARDWARE\SD3078\sd3078.h(24): warning:  #47-D: incompatible redefinition of macro "SDA_IN"  (declared at line 21 of "..\HARDWARE\IIC\myiic.h")
  #define SDA_IN  {GPIOB->CRL&=0XFFFF0FFF;GPIOB->CRL|=(u32)8<<12;}
..\HARDWARE\SD3078\sd3078.h(25): warning:  #47-D: incompatible redefinition of macro "SDA_OUT"  (declared at line 22 of "..\HARDWARE\IIC\myiic.h")
  #define SDA_OUT {GPIOB->CRL&=0XFFFF0FFF;GPIOB->CRL|=(u32)3<<12;}
..\HARDWARE\SD3078\sd3078.h(34): warning:  #1295-D: Deprecated declaration i2cInit - give arg types
  void i2cInit();
main.c(6323): warning:  #940-D: missing return statement at end of non-void function "Temperature_Warning_Data" 
  }
main.c(6439): warning:  #940-D: missing return statement at end of non-void function "Humitidy_Warning_Data" 
  }
main.c(7466): warning:  #167-D: argument of type "u8 *" is incompatible with parameter of type "char *"
  						Nb_SendData(deviceidArr);
main.c(6745): warning:  #177-D: variable "TxData"  was declared but never referenced
  		u8 TxData[20];
main.c(6746): warning:  #177-D: variable "TmpArr"  was declared but never referenced
  		u8 TmpArr[4];
main.c(6747): warning:  #177-D: variable "HumArr"  was declared but never referenced
  		u8 HumArr[4];
main.c(6673): warning:  #177-D: variable "BUFFER_SIZE2"  was declared but never referenced
  	u8 BUFFER_SIZE2;
main.c: 11 warnings, 0 errors
linking...
Program Size: Code=75322 RO-data=462 RW-data=1184 ZI-data=3168  
FromELF: creating hex file...
"..\OBJ\KEY.axf" - 0 Error(s), 11 Warning(s).

<h2>Software Packages used:</h2>

Package Vendor: Keil
                http://www.keil.com/pack/Keil.STM32F1xx_DFP.2.2.0.pack
                Keil.STM32F1xx_DFP.2.2.0
                STMicroelectronics STM32F1 Series Device Support, Drivers and Examples

<h2>Collection of Component include folders:</h2>
  .\RTE\_KEY
  D:\Keil_v5\ARM\PACK\Keil\STM32F1xx_DFP\2.2.0\Device\Include

<h2>Collection of Component Files used:</h2>
Build Time Elapsed:  00:00:03
</pre>
</body>
</html>
