<html>
<body>
<pre>
<h1>礦ision Build Log</h1>
<h2>Tool Versions:</h2>
IDE-Version: μVision V5.25.2.0
Copyright (C) 2018 ARM Ltd and ARM Germany GmbH. All rights reserved.
License Information: XU YIFEI, Jiangnan University, LIC=IK112-95HF1-ZWV2V-PEMIW-Y2SWT-ZJL39
 
Tool Versions:
Toolchain:       MDK-ARM Plus  Version: 5.25.2.0
Toolchain Path:  D:\Keil_v5\ARM\ARMCC\Bin
C Compiler:      Armcc.exe V5.06 update 6 (build 750)
Assembler:       Armasm.exe V5.06 update 6 (build 750)
Linker/Locator:  ArmLink.exe V5.06 update 6 (build 750)
Library Manager: ArmAr.exe V5.06 update 6 (build 750)
Hex Converter:   FromElf.exe V5.06 update 6 (build 750)
CPU DLL:         SARMCM3.DLL V5.25.2.0
Dialog DLL:      DARMSTM.DLL V1.68.0.0
Target DLL:      STLink\ST-LINKIII-KEIL_SWO.dll V3.0.1.0
Dialog DLL:      TARMSTM.DLL V1.66.0.0
 
<h2>Project:</h2>
C:\Users\XYF\Desktop\WENSHIDU_GPRS\WIFI\USER\KEY.uvprojx
Project File Date:  11/22/2020

<h2>Output:</h2>
*** Using Compiler 'V5.06 update 6 (build 750)', folder: 'D:\Keil_v5\ARM\ARMCC\Bin'
Rebuild target 'KEY'
compiling adc.c...
compiling key.c...
..\HARDWARE\KEY\key.h(35): warning:  #1295-D: Deprecated declaration KEY_Scan - give arg types
  void KEY_Scan();  	//按键扫描函数			
..\HARDWARE\KEY\key.c: 1 warning, 0 errors
compiling timer.c...
compiling led.c...
compiling system_stm32f10x.c...
compiling stm32f10x_it.c...
stm32f10x_it.c(466): warning:  #177-D: variable "i"  was declared but never referenced
  	int i=0;
stm32f10x_it.c: 1 warning, 0 errors
compiling dac.c...
compiling dac7512.c...
compiling RELAY.c...
compiling SHT2x.c...
compiling main.c...
..\HARDWARE\KEY\key.h(35): warning:  #1295-D: Deprecated declaration KEY_Scan - give arg types
  void KEY_Scan();  	//按键扫描函数			
..\HARDWARE\SD3078\sd3078.h(24): warning:  #47-D: incompatible redefinition of macro "SDA_IN"  (declared at line 21 of "..\HARDWARE\IIC\myiic.h")
  #define SDA_IN  {GPIOB->CRL&=0XFFFF0FFF;GPIOB->CRL|=(u32)8<<12;}
..\HARDWARE\SD3078\sd3078.h(25): warning:  #47-D: incompatible redefinition of macro "SDA_OUT"  (declared at line 22 of "..\HARDWARE\IIC\myiic.h")
  #define SDA_OUT {GPIOB->CRL&=0XFFFF0FFF;GPIOB->CRL|=(u32)3<<12;}
..\HARDWARE\SD3078\sd3078.h(34): warning:  #1295-D: Deprecated declaration i2cInit - give arg types
  void i2cInit();
main.c(6544): warning:  #940-D: missing return statement at end of non-void function "Temperature_Warning_Data" 
  }
main.c(6660): warning:  #940-D: missing return statement at end of non-void function "Humitidy_Warning_Data" 
  }
main.c(7752): warning:  #167-D: argument of type "u8 *" is incompatible with parameter of type "char *"
  							Send_Str(TxData);
main.c(7786): warning:  #167-D: argument of type "u8 *" is incompatible with parameter of type "char *"
  							Send_Str(TxData);
main.c(6894): warning:  #177-D: variable "BUFFER_SIZE2"  was declared but never referenced
  	u8 BUFFER_SIZE2;
main.c: 9 warnings, 0 errors
compiling rtc.c...
..\HARDWARE\SD3078\sd3078.h(34): warning:  #1295-D: Deprecated declaration i2cInit - give arg types
  void i2cInit();
..\HARDWARE\RTC\rtc.c(71): warning:  #940-D: missing return statement at end of non-void function "RTC_Init" 
  }		 				    
..\HARDWARE\RTC\rtc.c(151): warning:  #940-D: missing return statement at end of non-void function "RTC_Set" 
  }
..\HARDWARE\RTC\rtc.c(14): warning:  #177-D: function "RTC_NVIC_Config"  was declared but never referenced
  static void RTC_NVIC_Config(void)
..\HARDWARE\RTC\rtc.c: 4 warnings, 0 errors
compiling lcd.c...
..\HARDWARE\LCD\lcd.c(830): warning:  #940-D: missing return statement at end of non-void function "getChr_Wendu" 
  	}
..\HARDWARE\LCD\lcd.c(843): warning:  #940-D: missing return statement at end of non-void function "getChr_Shidu" 
  	}
..\HARDWARE\LCD\lcd.c(856): warning:  #940-D: missing return statement at end of non-void function "getChr_Others" 
  	}
..\HARDWARE\LCD\lcd.c: 3 warnings, 0 errors
compiling DHxx.c...
compiling sys2.c...
compiling sht10.c...
compiling stm32_eval_i2c_ee.c...
compiling 24cxx.c...
..\HARDWARE\24CXX\24cxx.c(162): warning:  #940-D: missing return statement at end of non-void function "EEPROM1024Part" 
  }
..\HARDWARE\24CXX\24cxx.c: 1 warning, 0 errors
compiling exti.c...
compiling myiic.c...
..\HARDWARE\IIC\myiic.c(68): warning:  #61-D: integer operation result is out of range
  	SDA_IN();      //SDA设置为输入  
..\HARDWARE\IIC\myiic.c(68): warning:  #68-D: integer conversion resulted in a change of sign
  	SDA_IN();      //SDA设置为输入  
..\HARDWARE\IIC\myiic.c(140): warning:  #61-D: integer operation result is out of range
  	SDA_IN();//SDA设置为输入
..\HARDWARE\IIC\myiic.c(140): warning:  #68-D: integer conversion resulted in a change of sign
  	SDA_IN();//SDA设置为输入
..\HARDWARE\IIC\myiic.c: 4 warnings, 0 errors
compiling sd3078.c...
..\HARDWARE\SD3078\sd3078.h(34): warning:  #1295-D: Deprecated declaration i2cInit - give arg types
  void i2cInit();
..\HARDWARE\SD3078\sd3078.c: 1 warning, 0 errors
assembling startup_stm32f10x_hd.s...
compiling gprs.c...
..\HARDWARE\gprs\gprs.c(135): warning:  #167-D: argument of type "unsigned char *" is incompatible with parameter of type "char *"
  			if(Compare_str(RXBUF,Str2)!=255)
..\HARDWARE\gprs\gprs.c(218): warning:  #167-D: argument of type "unsigned char *" is incompatible with parameter of type "char *"
    num=Compare_str(RXBUF,"+CSQ:");
..\HARDWARE\gprs\gprs.c(337): warning:  #167-D: argument of type "unsigned char *" is incompatible with parameter of type "char *"
    num=Compare_str(RXBUF,"+CWLAP:");
..\HARDWARE\gprs\gprs.c: 3 warnings, 0 errors
compiling core_cm3.c...
compiling delay.c...
compiling sys.c...
compiling usart.c...
compiling stm32f10x_rcc.c...
compiling stm32f10x_gpio.c...
compiling stm32f10x_usart.c...
compiling misc.c...
compiling stm32f10x_tim.c...
compiling stm32f10x_adc.c...
compiling stm32f10x_dac.c...
compiling stm32f10x_dma.c...
compiling stm32f10x_i2c.c...
compiling stm32f10x_rtc.c...
compiling stm32f10x_pwr.c...
compiling stm32f10x_bkp.c...
compiling stm32f10x_exti.c...
linking...
Program Size: Code=74358 RO-data=462 RW-data=1180 ZI-data=3164  
FromELF: creating hex file...
"..\OBJ\KEY.axf" - 0 Error(s), 27 Warning(s).

<h2>Software Packages used:</h2>

Package Vendor: Keil
                http://www.keil.com/pack/Keil.STM32F1xx_DFP.2.2.0.pack
                Keil.STM32F1xx_DFP.2.2.0
                STMicroelectronics STM32F1 Series Device Support, Drivers and Examples

<h2>Collection of Component include folders:</h2>
  .\RTE\_KEY
  D:\Keil_v5\ARM\PACK\Keil\STM32F1xx_DFP\2.2.0\Device\Include

<h2>Collection of Component Files used:</h2>
Build Time Elapsed:  00:00:07
</pre>
</body>
</html>
