Component: ARM Compiler 5.06 update 6 (build 750) Tool: armlink [4d35ed]

==============================================================================

Section Cross References

    system_stm32f10x.o(.text) refers to system_stm32f10x.o(.data) for SystemCoreClock
    stm32f10x_it.o(.text) refers to _printf_percent.o(.ARM.Collect$$_printf_percent$$00000000) for _printf_percent
    stm32f10x_it.o(.text) refers to _printf_d.o(.ARM.Collect$$_printf_percent$$00000009) for _printf_d
    stm32f10x_it.o(.text) refers to _printf_dec.o(.text) for _printf_int_dec
    stm32f10x_it.o(.text) refers to _printf_s.o(.ARM.Collect$$_printf_percent$$00000014) for _printf_s
    stm32f10x_it.o(.text) refers to _printf_str.o(.text) for _printf_str
    stm32f10x_it.o(.text) refers to stm32f10x_usart.o(.text) for USART_ReceiveData
    stm32f10x_it.o(.text) refers to stm32f10x_tim.o(.text) for TIM_Cmd
    stm32f10x_it.o(.text) refers to fmul.o(x$fpl$fmul) for __aeabi_fmul
    stm32f10x_it.o(.text) refers to ffix.o(x$fpl$ffix) for __aeabi_f2iz
    stm32f10x_it.o(.text) refers to faddsub_clz.o(x$fpl$fsub) for __aeabi_fsub
    stm32f10x_it.o(.text) refers to stm32f10x_it.o(.data) for auchCRCHi
    stm32f10x_it.o(.text) refers to main.o(.data) for address
    stm32f10x_it.o(.text) refers to stm32f10x_it.o(.bss) for Rcv_Buffer
    stm32f10x_it.o(.text) refers to main.o(.bss) for usart_tx_buff
    stm32f10x_it.o(.text) refers to 24cxx.o(.text) for EEPROM1024Part
    stm32f10x_it.o(.text) refers to stm32f10x_gpio.o(.text) for GPIO_SetBits
    stm32f10x_it.o(.text) refers to gprs.o(.text) for Nb_DisConnect
    stm32f10x_it.o(.text) refers to noretval__2sprintf.o(.text) for __2sprintf
    stm32f10x_it.o(.text) refers to gprs.o(.bss) for temp_nb
    stm32f10x_it.o(.text) refers to timer.o(.data) for flag_1s_nnn
    stm32f10x_it.o(.text) refers to gprs.o(.data) for routerSet
    stm32f10x_it.o(.data) refers to stm32f10x_it.o(.bss) for Rcv_Buffer
    main.o(.text) refers to _printf_percent.o(.ARM.Collect$$_printf_percent$$00000000) for _printf_percent
    main.o(.text) refers to _printf_d.o(.ARM.Collect$$_printf_percent$$00000009) for _printf_d
    main.o(.text) refers to _printf_dec.o(.text) for _printf_int_dec
    main.o(.text) refers to 24cxx.o(.text) for EEPROM1024Part
    main.o(.text) refers to delay.o(.text) for delay_ms
    main.o(.text) refers to noretval__2sprintf.o(.text) for __2sprintf
    main.o(.text) refers to main.o(.data) for NumDataRead
    main.o(.text) refers to main.o(.bss) for ParameterRead
    main.o(.text) refers to gprs.o(.bss) for temp_nb
    main.o(.text) refers to stm32f10x_it.o(.data) for flag_ls_set
    main.o(.text) refers to stm32f10x_rcc.o(.text) for RCC_APB2PeriphClockCmd
    main.o(.text) refers to stm32f10x_gpio.o(.text) for GPIO_Init
    main.o(.text) refers to lcd.o(.text) for Clr_Wendu
    main.o(.text) refers to usart.o(.text) for uart2_init
    main.o(.text) refers to fmul.o(x$fpl$fmul) for __aeabi_fmul
    main.o(.text) refers to fleqf.o(x$fpl$fleqf) for __aeabi_cfcmple
    main.o(.text) refers to frleqf.o(x$fpl$frleqf) for __aeabi_cfrcmple
    main.o(.text) refers to fflt_clz.o(x$fpl$fflt) for __aeabi_i2f
    main.o(.text) refers to fdiv.o(x$fpl$fdiv) for __aeabi_fdiv
    main.o(.text) refers to faddsub_clz.o(x$fpl$fadd) for __aeabi_fadd
    main.o(.text) refers to faddsub_clz.o(x$fpl$fsub) for __aeabi_fsub
    main.o(.text) refers to ffix.o(x$fpl$ffix) for __aeabi_f2iz
    main.o(.text) refers to faddsub_clz.o(x$fpl$frsb) for __aeabi_frsub
    main.o(.text) refers to ffixu.o(x$fpl$ffixu) for __aeabi_f2uiz
    main.o(.text) refers to fflt_clz.o(x$fpl$ffltu) for __aeabi_ui2f
    main.o(.text) refers to misc.o(.text) for NVIC_PriorityGroupConfig
    main.o(.text) refers to led.o(.text) for LED_Init
    main.o(.text) refers to key.o(.text) for KEY_Init
    main.o(.text) refers to sd3078.o(.text) for i2cInit
    main.o(.text) refers to adc.o(.text) for Adc_Init
    main.o(.text) refers to exti.o(.text) for EXTIX_Init
    main.o(.text) refers to relay.o(.text) for RelayInit
    main.o(.text) refers to sht2x.o(.text) for SHT2x_Init
    main.o(.text) refers to timer.o(.text) for TIM3_Int_Init
    main.o(.text) refers to gprs.o(.text) for GetRSSI
    main.o(.text) refers to gprs.o(.data) for RssiGrade
    main.o(.text) refers to rtc.o(.text) for RTC_Set
    main.o(.text) refers to dhxx.o(.text) for ReadDHT11
    main.o(.text) refers to dflt_clz.o(x$fpl$dfltu) for __aeabi_ui2d
    main.o(.text) refers to ddiv.o(x$fpl$ddiv) for __aeabi_ddiv
    main.o(.text) refers to daddsub_clz.o(x$fpl$dadd) for __aeabi_dadd
    main.o(.text) refers to d2f.o(x$fpl$d2f) for __aeabi_d2f
    main.o(.text) refers to sht2x.o(.bss) for g_sht2x_param
    main.o(.text) refers to dhxx.o(.data) for tdata
    main.o(.text) refers to feqf.o(x$fpl$feqf) for __aeabi_cfcmpeq
    main.o(.text) refers to dflt_clz.o(x$fpl$dflt) for __aeabi_i2d
    main.o(.text) refers to f2d.o(x$fpl$f2d) for __aeabi_f2d
[...]
    Clr_Wendu1                               0x0800bf71   Thumb Code    24  lcd.o(.text)
    Display_Wendu                            0x0800bf89   Thumb Code   424  lcd.o(.text)
    Clr_Shidu                                0x0800c131   Thumb Code    14  lcd.o(.text)
    Display_Shidu                            0x0800c13f   Thumb Code   112  lcd.o(.text)
    Clr_Wendu                                0x0800c1af   Thumb Code    14  lcd.o(.text)
    Clr_Others                               0x0800c1bd   Thumb Code    14  lcd.o(.text)
    DisplayOthers                            0x0800c1cb   Thumb Code    76  lcd.o(.text)
    SetTimeParameters                        0x0800c217   Thumb Code    58  lcd.o(.text)
    OnlyDisplayTime                          0x0800c251   Thumb Code   402  lcd.o(.text)
    DisplayTime                              0x0800c3e3   Thumb Code  2002  lcd.o(.text)
    DisplayRssi                              0x0800cbb5   Thumb Code   234  lcd.o(.text)
    RTC_Init                                 0x0800ccc1   Thumb Code     2  rtc.o(.text)
    RTC_Get                                  0x0800ccc3   Thumb Code   262  rtc.o(.text)
    RTC_IRQHandler                           0x0800cdc9   Thumb Code    40  rtc.o(.text)
    Is_Leap_Year                             0x0800cdf1   Thumb Code    58  rtc.o(.text)
    RTC_Set                                  0x0800ce2b   Thumb Code   202  rtc.o(.text)
    RTC_Get_Week                             0x0800cef5   Thumb Code   116  rtc.o(.text)
    RelayInit                                0x0800cf71   Thumb Code    74  relay.o(.text)
    DHT_PortIN                               0x0800cfc9   Thumb Code    30  dhxx.o(.text)
    DHT_PortOUT                              0x0800cfe7   Thumb Code    30  dhxx.o(.text)
    StartDHT11                               0x0800d005   Thumb Code    76  dhxx.o(.text)
    StartDHT21                               0x0800d051   Thumb Code    76  dhxx.o(.text)
    com                                      0x0800d09d   Thumb Code   108  dhxx.o(.text)
    ReadDHT11                                0x0800d109   Thumb Code   108  dhxx.o(.text)
    ReadDHT21                                0x0800d175   Thumb Code   108  dhxx.o(.text)
    sEE_LowLevel_DeInit                      0x0800d1f9   Thumb Code   142  stm32_eval_i2c_ee.o(.text)
    sEE_DeInit                               0x0800d287   Thumb Code     8  stm32_eval_i2c_ee.o(.text)
    sEE_LowLevel_Init                        0x0800d28f   Thumb Code   218  stm32_eval_i2c_ee.o(.text)
    sEE_Init                                 0x0800d369   Thumb Code    78  stm32_eval_i2c_ee.o(.text)
    sEE_LowLevel_DMAConfig                   0x0800d3b7   Thumb Code    56  stm32_eval_i2c_ee.o(.text)
    sEE_TIMEOUT_UserCallback                 0x0800d3ef   Thumb Code     4  stm32_eval_i2c_ee.o(.text)
    sEE_ExitCriticalSection_UserCallback     0x0800d3f3   Thumb Code     4  stm32_eval_i2c_ee.o(.text)
    sEE_EnterCriticalSection_UserCallback    0x0800d3f7   Thumb Code     4  stm32_eval_i2c_ee.o(.text)
    sEE_ReadBuffer                           0x0800d3fb   Thumb Code   592  stm32_eval_i2c_ee.o(.text)
    sEE_WritePage                            0x0800d64b   Thumb Code   280  stm32_eval_i2c_ee.o(.text)
    sEE_WaitEepromStandbyState               0x0800d763   Thumb Code   212  stm32_eval_i2c_ee.o(.text)
    sEE_WriteBuffer                          0x0800d837   Thumb Code   722  stm32_eval_i2c_ee.o(.text)
    DMA1_Channel6_IRQHandler                 0x0800db09   Thumb Code    96  stm32_eval_i2c_ee.o(.text)
    DMA1_Channel7_IRQHandler                 0x0800db69   Thumb Code    48  stm32_eval_i2c_ee.o(.text)
    AT24CXX_Init                             0x0800dbb5   Thumb Code     8  24cxx.o(.text)
    AT24CXX_ReadOneByte                      0x0800dbbd   Thumb Code   114  24cxx.o(.text)
    AT24CXX_WriteOneByte                     0x0800dc2f   Thumb Code    84  24cxx.o(.text)
    AT24CXX_WriteLenByte                     0x0800dc83   Thumb Code    42  24cxx.o(.text)
    AT24CXX_ReadLenByte                      0x0800dcad   Thumb Code    44  24cxx.o(.text)
    AT24CXX_Check                            0x0800dcd9   Thumb Code    52  24cxx.o(.text)
    AT24CXX_Read                             0x0800dd0d   Thumb Code    34  24cxx.o(.text)
    AT24CXX_Write                            0x0800dd2f   Thumb Code    36  24cxx.o(.text)
    EEPROM1024Part                           0x0800dd53   Thumb Code    22  24cxx.o(.text)
    IIC_Init                                 0x0800dd6d   Thumb Code    50  myiic.o(.text)
    IIC_Start                                0x0800dd9f   Thumb Code    72  myiic.o(.text)
    IIC_Stop                                 0x0800dde7   Thumb Code    74  myiic.o(.text)
    IIC_Wait_Ack                             0x0800de31   Thumb Code    84  myiic.o(.text)
    IIC_Ack                                  0x0800de85   Thumb Code    70  myiic.o(.text)
    IIC_NAck                                 0x0800decb   Thumb Code    68  myiic.o(.text)
    IIC_Send_Byte                            0x0800df0f   Thumb Code    90  myiic.o(.text)
    IIC_Read_Byte                            0x0800df69   Thumb Code    98  myiic.o(.text)
    EXTIX_Init                               0x0800dfd9   Thumb Code   114  exti.o(.text)
    EXTI15_10_IRQHandler                     0x0800e04b   Thumb Code    32  exti.o(.text)
    i2cInit                                  0x0800e071   Thumb Code   120  sd3078.o(.text)
    i2cStart                                 0x0800e0e9   Thumb Code    74  sd3078.o(.text)
    i2cStop                                  0x0800e133   Thumb Code    74  sd3078.o(.text)
    i2cWaitAck                               0x0800e17d   Thumb Code   100  sd3078.o(.text)
    i2cAck                                   0x0800e1e1   Thumb Code    76  sd3078.o(.text)
    i2cNoAck                                 0x0800e22d   Thumb Code    76  sd3078.o(.text)
    i2cSendByte                              0x0800e279   Thumb Code   114  sd3078.o(.text)
    i2cReadByte                              0x0800e2eb   Thumb Code   106  sd3078.o(.text)
    i2cWriteBytes                            0x0800e355   Thumb Code    92  sd3078.o(.text)
    i2cReadBytes                             0x0800e3b1   Thumb Code   112  sd3078.o(.text)
    WriteOn                                  0x0800e421   Thumb Code    96  sd3078.o(.text)
    WriteOff                                 0x0800e481   Thumb Code    80  sd3078.o(.text)
    read_time_from_sd30xx                    0x0800e4d1   Thumb Code    70  sd3078.o(.text)
    write_time_to_sd30xx                     0x0800e517   Thumb Code    72  sd3078.o(.text)
    Send_Str                                 0x0800e561   Thumb Code    38  gprs.o(.text)
    Compare_str                              0x0800e587   Thumb Code    78  gprs.o(.text)
    CleanRXBUF                               0x0800e5d5   Thumb Code    20  gprs.o(.text)
    Send_AT                                  0x0800e5e9   Thumb Code   108  gprs.o(.text)
    Connect                                  0x0800e655   Thumb Code    44  gprs.o(.text)
    DisConnect                               0x0800e681   Thumb Code    44  gprs.o(.text)
    usart_send_char                          0x0800e6ad   Thumb Code    28  gprs.o(.text)
    usart_report                             0x0800e6c9   Thumb Code    42  gprs.o(.text)
    GetRSSI                                  0x0800e6f3   Thumb Code   158  gprs.o(.text)
    Nb_Connect                               0x0800e791   Thumb Code    36  gprs.o(.text)
    Nb_DisConnect                            0x0800e7b5   Thumb Code    12  gprs.o(.text)
    Nb_SendData                              0x0800e7c1   Thumb Code   210  gprs.o(.text)
    Wifi_Setrouter                           0x0800e893   Thumb Code    20  gprs.o(.text)
    Wifi_Connect                             0x0800e8a7   Thumb Code    52  gprs.o(.text)
    Wifi_DisConnect                          0x0800e8db   Thumb Code    44  gprs.o(.text)
    delay_init                               0x0800ea29   Thumb Code    50  delay.o(.text)
    delay_us                                 0x0800ea5b   Thumb Code    72  delay.o(.text)
    delay_ms                                 0x0800eaa3   Thumb Code    72  delay.o(.text)
    _sys_exit                                0x0800eafd   Thumb Code     6  usart.o(.text)
    fputc                                    0x0800eb03   Thumb Code    24  usart.o(.text)
    uart2_init                               0x0800eb1b   Thumb Code   164  usart.o(.text)
    uart1_init                               0x0800ebbf   Thumb Code   150  usart.o(.text)
    Reset_Handler                            0x0800ec61   Thumb Code     8  startup_stm32f10x_hd.o(.text)
    ADC1_2_IRQHandler                        0x0800ec7b   Thumb Code     0  startup_stm32f10x_hd.o(.text)
    ADC3_IRQHandler                          0x0800ec7b   Thumb Code     0  startup_stm32f10x_hd.o(.text)
    CAN1_RX1_IRQHandler                      0x0800ec7b   Thumb Code     0  startup_stm32f10x_hd.o(.text)
    CAN1_SCE_IRQHandler                      0x0800ec7b   Thumb Code     0  startup_stm32f10x_hd.o(.text)
    DMA1_Channel1_IRQHandler                 0x0800ec7b   Thumb Code     0  startup_stm32f10x_hd.o(.text)
    DMA1_Channel2_IRQHandler                 0x0800ec7b   Thumb Code     0  startup_stm32f10x_hd.o(.text)
    DMA1_Channel3_IRQHandler                 0x0800ec7b   Thumb Code     0  startup_stm32f10x_hd.o(.text)
    DMA1_Channel4_IRQHandler                 0x0800ec7b   Thumb Code     0  startup_stm32f10x_hd.o(.text)
    DMA1_Channel5_IRQHandler                 0x0800ec7b   Thumb Code     0  startup_stm32f10x_hd.o(.text)
    DMA2_Channel1_IRQHandler                 0x0800ec7b   Thumb Code     0  startup_stm32f10x_hd.o(.text)
    DMA2_Channel2_IRQHandler                 0x0800ec7b   Thumb Code     0  startup_stm32f10x_hd.o(.text)
    DMA2_Channel3_IRQHandler                 0x0800ec7b   Thumb Code     0  startup_stm32f10x_hd.o(.text)
    DMA2_Channel4_5_IRQHandler               0x0800ec7b   Thumb Code     0  startup_stm32f10x_hd.o(.text)
    EXTI0_IRQHandler                         0x0800ec7b   Thumb Code     0  startup_stm32f10x_hd.o(.text)
    EXTI1_IRQHandler                         0x0800ec7b   Thumb Code     0  startup_stm32f10x_hd.o(.text)
    EXTI2_IRQHandler                         0x0800ec7b   Thumb Code     0  startup_stm32f10x_hd.o(.text)
    EXTI3_IRQHandler                         0x0800ec7b   Thumb Code     0  startup_stm32f10x_hd.o(.text)
    EXTI4_IRQHandler                         0x0800ec7b   Thumb Code     0  startup_stm32f10x_hd.o(.text)
    EXTI9_5_IRQHandler                       0x0800ec7b   Thumb Code     0  startup_stm32f10x_hd.o(.text)
    FLASH_IRQHandler                         0x0800ec7b   Thumb Code     0  startup_stm32f10x_hd.o(.text)
    FSMC_IRQHandler                          0x0800ec7b   Thumb Code     0  startup_stm32f10x_hd.o(.text)
    I2C1_ER_IRQHandler                       0x0800ec7b   Thumb Code     0  startup_stm32f10x_hd.o(.text)
    I2C1_EV_IRQHandler                       0x0800ec7b   Thumb Code     0  startup_stm32f10x_hd.o(.text)
    I2C2_ER_IRQHandler                       0x0800ec7b   Thumb Code     0  startup_stm32f10x_hd.o(.text)
    I2C2_EV_IRQHandler                       0x0800ec7b   Thumb Code     0  startup_stm32f10x_hd.o(.text)
    PVD_IRQHandler                           0x0800ec7b   Thumb Code     0  startup_stm32f10x_hd.o(.text)
    RCC_IRQHandler                           0x0800ec7b   Thumb Code     0  startup_stm32f10x_hd.o(.text)
    RTCAlarm_IRQHandler                      0x0800ec7b   Thumb Code     0  startup_stm32f10x_hd.o(.text)
    SDIO_IRQHandler                          0x0800ec7b   Thumb Code     0  startup_stm32f10x_hd.o(.text)
    SPI1_IRQHandler                          0x0800ec7b   Thumb Code     0  startup_stm32f10x_hd.o(.text)
    SPI2_IRQHandler                          0x0800ec7b   Thumb Code     0  startup_stm32f10x_hd.o(.text)
    SPI3_IRQHandler                          0x0800ec7b   Thumb Code     0  startup_stm32f10x_hd.o(.text)
    TAMPER_IRQHandler                        0x0800ec7b   Thumb Code     0  startup_stm32f10x_hd.o(.text)
    TIM1_BRK_IRQHandler                      0x0800ec7b   Thumb Code     0  startup_stm32f10x_hd.o(.text)
    TIM1_CC_IRQHandler                       0x0800ec7b   Thumb Code     0  startup_stm32f10x_hd.o(.text)
    TIM1_TRG_COM_IRQHandler                  0x0800ec7b   Thumb Code     0  startup_stm32f10x_hd.o(.text)
    TIM1_UP_IRQHandler                       0x0800ec7b   Thumb Code     0  startup_stm32f10x_hd.o(.text)
    TIM6_IRQHandler                          0x0800ec7b   Thumb Code     0  startup_stm32f10x_hd.o(.text)
    TIM7_IRQHandler                          0x0800ec7b   Thumb Code     0  startup_stm32f10x_hd.o(.text)
    TIM8_BRK_IRQHandler                      0x0800ec7b   Thumb Code     0  startup_stm32f10x_hd.o(.text)
    TIM8_CC_IRQHandler                       0x0800ec7b   Thumb Code     0  startup_stm32f10x_hd.o(.text)
    TIM8_TRG_COM_IRQHandler                  0x0800ec7b   Thumb Code     0  startup_stm32f10x_hd.o(.text)
    TIM8_UP_IRQHandler                       0x0800ec7b   Thumb Code     0  startup_stm32f10x_hd.o(.text)
    UART4_IRQHandler                         0x0800ec7b   Thumb Code     0  startup_stm32f10x_hd.o(.text)
    UART5_IRQHandler                         0x0800ec7b   Thumb Code     0  startup_stm32f10x_hd.o(.text)
    USART3_IRQHandler                        0x0800ec7b   Thumb Code     0  startup_stm32f10x_hd.o(.text)
    USBWakeUp_IRQHandler                     0x0800ec7b   Thumb Code     0  startup_stm32f10x_hd.o(.text)
    USB_HP_CAN1_TX_IRQHandler                0x0800ec7b   Thumb Code     0  startup_stm32f10x_hd.o(.text)
    USB_LP_CAN1_RX0_IRQHandler               0x0800ec7b   Thumb Code     0  startup_stm32f10x_hd.o(.text)
    WWDG_IRQHandler                          0x0800ec7b   Thumb Code     0  startup_stm32f10x_hd.o(.text)
    __user_initial_stackheap                 0x0800ec7d   Thumb Code     0  startup_stm32f10x_hd.o(.text)
    GPIO_DeInit                              0x0800eca1   Thumb Code   172  stm32f10x_gpio.o(.text)
    GPIO_AFIODeInit                          0x0800ed4d   Thumb Code    20  stm32f10x_gpio.o(.text)
    GPIO_Init                                0x0800ed61   Thumb Code   278  stm32f10x_gpio.o(.text)
    GPIO_StructInit                          0x0800ee77   Thumb Code    16  stm32f10x_gpio.o(.text)
    GPIO_ReadInputDataBit                    0x0800ee87   Thumb Code    18  stm32f10x_gpio.o(.text)
    GPIO_ReadInputData                       0x0800ee99   Thumb Code     8  stm32f10x_gpio.o(.text)
    GPIO_ReadOutputDataBit                   0x0800eea1   Thumb Code    18  stm32f10x_gpio.o(.text)
    GPIO_ReadOutputData                      0x0800eeb3   Thumb Code     8  stm32f10x_gpio.o(.text)
    GPIO_SetBits                             0x0800eebb   Thumb Code     4  stm32f10x_gpio.o(.text)
    GPIO_ResetBits                           0x0800eebf   Thumb Code     4  stm32f10x_gpio.o(.text)
    GPIO_WriteBit                            0x0800eec3   Thumb Code    10  stm32f10x_gpio.o(.text)
    GPIO_Write                               0x0800eecd   Thumb Code     4  stm32f10x_gpio.o(.text)
    GPIO_PinLockConfig                       0x0800eed1   Thumb Code    18  stm32f10x_gpio.o(.text)
    GPIO_EventOutputConfig                   0x0800eee3   Thumb Code    26  stm32f10x_gpio.o(.text)
    GPIO_EventOutputCmd                      0x0800eefd   Thumb Code     6  stm32f10x_gpio.o(.text)
    GPIO_PinRemapConfig                      0x0800ef03   Thumb Code   138  stm32f10x_gpio.o(.text)
    GPIO_EXTILineConfig                      0x0800ef8d   Thumb Code    66  stm32f10x_gpio.o(.text)
    GPIO_ETH_MediaInterfaceConfig            0x0800efcf   Thumb Code     8  stm32f10x_gpio.o(.text)
    RCC_DeInit                               0x0800effd   Thumb Code    64  stm32f10x_rcc.o(.text)
    RCC_HSEConfig                            0x0800f03d   Thumb Code    70  stm32f10x_rcc.o(.text)
    RCC_GetFlagStatus                        0x0800f083   Thumb Code    56  stm32f10x_rcc.o(.text)
    RCC_WaitForHSEStartUp                    0x0800f0bb   Thumb Code    56  stm32f10x_rcc.o(.text)
    RCC_AdjustHSICalibrationValue            0x0800f0f3   Thumb Code    20  stm32f10x_rcc.o(.text)
    RCC_HSICmd                               0x0800f107   Thumb Code     6  stm32f10x_rcc.o(.text)
    RCC_PLLConfig                            0x0800f10d   Thumb Code    24  stm32f10x_rcc.o(.text)
    RCC_PLLCmd                               0x0800f125   Thumb Code     6  stm32f10x_rcc.o(.text)
    RCC_SYSCLKConfig                         0x0800f12b   Thumb Code    18  stm32f10x_rcc.o(.text)
    RCC_GetSYSCLKSource                      0x0800f13d   Thumb Code    10  stm32f10x_rcc.o(.text)
    RCC_HCLKConfig                           0x0800f147   Thumb Code    18  stm32f10x_rcc.o(.text)
    RCC_PCLK1Config                          0x0800f159   Thumb Code    18  stm32f10x_rcc.o(.text)
    RCC_PCLK2Config                          0x0800f16b   Thumb Code    20  stm32f10x_rcc.o(.text)
    RCC_ITConfig                             0x0800f17f   Thumb Code    26  stm32f10x_rcc.o(.text)
    RCC_USBCLKConfig                         0x0800f199   Thumb Code     8  stm32f10x_rcc.o(.text)
    RCC_ADCCLKConfig                         0x0800f1a1   Thumb Code    18  stm32f10x_rcc.o(.text)
    RCC_LSEConfig                            0x0800f1b3   Thumb Code    50  stm32f10x_rcc.o(.text)
    RCC_LSICmd                               0x0800f1e5   Thumb Code     6  stm32f10x_rcc.o(.text)
    RCC_RTCCLKConfig                         0x0800f1eb   Thumb Code    12  stm32f10x_rcc.o(.text)
    RCC_RTCCLKCmd                            0x0800f1f7   Thumb Code     8  stm32f10x_rcc.o(.text)
    RCC_GetClocksFreq                        0x0800f1ff   Thumb Code   192  stm32f10x_rcc.o(.text)
    RCC_AHBPeriphClockCmd                    0x0800f2bf   Thumb Code    26  stm32f10x_rcc.o(.text)
    RCC_APB2PeriphClockCmd                   0x0800f2d9   Thumb Code    26  stm32f10x_rcc.o(.text)
    RCC_APB1PeriphClockCmd                   0x0800f2f3   Thumb Code    26  stm32f10x_rcc.o(.text)
    RCC_APB2PeriphResetCmd                   0x0800f30d   Thumb Code    26  stm32f10x_rcc.o(.text)
    RCC_APB1PeriphResetCmd                   0x0800f327   Thumb Code    26  stm32f10x_rcc.o(.text)
    RCC_BackupResetCmd                       0x0800f341   Thumb Code     8  stm32f10x_rcc.o(.text)
    RCC_ClockSecuritySystemCmd               0x0800f349   Thumb Code     6  stm32f10x_rcc.o(.text)
    RCC_MCOConfig                            0x0800f34f   Thumb Code     6  stm32f10x_rcc.o(.text)
    RCC_ClearFlag                            0x0800f355   Thumb Code    14  stm32f10x_rcc.o(.text)
    RCC_GetITStatus                          0x0800f363   Thumb Code    20  stm32f10x_rcc.o(.text)
    RCC_ClearITPendingBit                    0x0800f377   Thumb Code     6  stm32f10x_rcc.o(.text)
    USART_DeInit                             0x0800f3a1   Thumb Code   134  stm32f10x_usart.o(.text)
    USART_Init                               0x0800f427   Thumb Code   210  stm32f10x_usart.o(.text)
    USART_StructInit                         0x0800f4f9   Thumb Code    24  stm32f10x_usart.o(.text)
    USART_ClockInit                          0x0800f511   Thumb Code    34  stm32f10x_usart.o(.text)
    USART_ClockStructInit                    0x0800f533   Thumb Code    12  stm32f10x_usart.o(.text)
    USART_Cmd                                0x0800f53f   Thumb Code    24  stm32f10x_usart.o(.text)
    USART_ITConfig                           0x0800f557   Thumb Code    74  stm32f10x_usart.o(.text)
    USART_DMACmd                             0x0800f5a1   Thumb Code    18  stm32f10x_usart.o(.text)
    USART_SetAddress                         0x0800f5b3   Thumb Code    18  stm32f10x_usart.o(.text)
    USART_WakeUpConfig                       0x0800f5c5   Thumb Code    18  stm32f10x_usart.o(.text)
    USART_ReceiverWakeUpCmd                  0x0800f5d7   Thumb Code    24  stm32f10x_usart.o(.text)
    USART_LINBreakDetectLengthConfig         0x0800f5ef   Thumb Code    18  stm32f10x_usart.o(.text)
    USART_LINCmd                             0x0800f601   Thumb Code    24  stm32f10x_usart.o(.text)
    USART_SendData                           0x0800f619   Thumb Code     8  stm32f10x_usart.o(.text)
    USART_ReceiveData                        0x0800f621   Thumb Code    10  stm32f10x_usart.o(.text)
    USART_SendBreak                          0x0800f62b   Thumb Code    10  stm32f10x_usart.o(.text)
    USART_SetGuardTime                       0x0800f635   Thumb Code    16  stm32f10x_usart.o(.text)
    USART_SetPrescaler                       0x0800f645   Thumb Code    16  stm32f10x_usart.o(.text)
    USART_SmartCardCmd                       0x0800f655   Thumb Code    24  stm32f10x_usart.o(.text)
    USART_SmartCardNACKCmd                   0x0800f66d   Thumb Code    24  stm32f10x_usart.o(.text)
    USART_HalfDuplexCmd                      0x0800f685   Thumb Code    24  stm32f10x_usart.o(.text)
    USART_OverSampling8Cmd                   0x0800f69d   Thumb Code    22  stm32f10x_usart.o(.text)
    USART_OneBitMethodCmd                    0x0800f6b3   Thumb Code    24  stm32f10x_usart.o(.text)
    USART_IrDAConfig                         0x0800f6cb   Thumb Code    18  stm32f10x_usart.o(.text)
    USART_IrDACmd                            0x0800f6dd   Thumb Code    24  stm32f10x_usart.o(.text)
    USART_GetFlagStatus                      0x0800f6f5   Thumb Code    26  stm32f10x_usart.o(.text)
    USART_ClearFlag                          0x0800f70f   Thumb Code    18  stm32f10x_usart.o(.text)
    USART_GetITStatus                        0x0800f721   Thumb Code    84  stm32f10x_usart.o(.text)
    USART_ClearITPendingBit                  0x0800f775   Thumb Code    52  stm32f10x_usart.o(.text)
    NVIC_PriorityGroupConfig                 0x0800f7a9   Thumb Code    10  misc.o(.text)
    NVIC_Init                                0x0800f7b3   Thumb Code   100  misc.o(.text)
    NVIC_SetVectorTable                      0x0800f817   Thumb Code    14  misc.o(.text)
    NVIC_SystemLPConfig                      0x0800f825   Thumb Code    34  misc.o(.text)
    SysTick_CLKSourceConfig                  0x0800f847   Thumb Code    40  misc.o(.text)
    TIM_DeInit                               0x0800f885   Thumb Code   424  stm32f10x_tim.o(.text)
    TIM_TimeBaseInit                         0x0800fa2d   Thumb Code   122  stm32f10x_tim.o(.text)
    TIM_OC1Init                              0x0800faa7   Thumb Code   132  stm32f10x_tim.o(.text)
    TIM_OC2Init                              0x0800fb2b   Thumb Code   154  stm32f10x_tim.o(.text)
    TIM_OC3Init                              0x0800fbc5   Thumb Code   150  stm32f10x_tim.o(.text)
    TIM_OC4Init                              0x0800fc5b   Thumb Code   182  stm32f10x_tim.o(.text)
    TIM_SetIC4Prescaler                      0x0800fd11   Thumb Code    26  stm32f10x_tim.o(.text)
    TIM_SetIC3Prescaler                      0x0800fdad   Thumb Code    18  stm32f10x_tim.o(.text)
    TIM_SetIC2Prescaler                      0x0800fe39   Thumb Code    26  stm32f10x_tim.o(.text)
    TIM_SetIC1Prescaler                      0x0800fed5   Thumb Code    18  stm32f10x_tim.o(.text)
    TIM_ICInit                               0x0800ff53   Thumb Code   150  stm32f10x_tim.o(.text)
    TIM_PWMIConfig                           0x0800ffe9   Thumb Code   124  stm32f10x_tim.o(.text)
    TIM_BDTRConfig                           0x08010065   Thumb Code    32  stm32f10x_tim.o(.text)
    TIM_TimeBaseStructInit                   0x08010085   Thumb Code    18  stm32f10x_tim.o(.text)
    TIM_OCStructInit                         0x08010097   Thumb Code    20  stm32f10x_tim.o(.text)
    TIM_ICStructInit                         0x080100ab   Thumb Code    18  stm32f10x_tim.o(.text)
    TIM_BDTRStructInit                       0x080100bd   Thumb Code    40  stm32f10x_tim.o(.text)
    TIM_Cmd                                  0x080100e5   Thumb Code    24  stm32f10x_tim.o(.text)
    TIM_CtrlPWMOutputs                       0x080100fd   Thumb Code    30  stm32f10x_tim.o(.text)
    TIM_ITConfig                             0x0801011b   Thumb Code    18  stm32f10x_tim.o(.text)
    TIM_GenerateEvent                        0x0801012d   Thumb Code     4  stm32f10x_tim.o(.text)
    TIM_DMAConfig                            0x08010131   Thumb Code    10  stm32f10x_tim.o(.text)
    TIM_DMACmd                               0x0801013b   Thumb Code    18  stm32f10x_tim.o(.text)
    TIM_InternalClockConfig                  0x0801014d   Thumb Code    12  stm32f10x_tim.o(.text)
    TIM_SelectInputTrigger                   0x08010159   Thumb Code    18  stm32f10x_tim.o(.text)
    TIM_ITRxExternalClockConfig              0x0801016b   Thumb Code    24  stm32f10x_tim.o(.text)
    TIM_TIxExternalClockConfig               0x08010183   Thumb Code    62  stm32f10x_tim.o(.text)
    TIM_ETRConfig                            0x080101c1   Thumb Code    28  stm32f10x_tim.o(.text)
    TIM_ETRClockMode1Config                  0x080101dd   Thumb Code    54  stm32f10x_tim.o(.text)
    TIM_ETRClockMode2Config                  0x08010213   Thumb Code    32  stm32f10x_tim.o(.text)
    TIM_PrescalerConfig                      0x08010233   Thumb Code     6  stm32f10x_tim.o(.text)
    TIM_CounterModeConfig                    0x08010239   Thumb Code    18  stm32f10x_tim.o(.text)
    TIM_EncoderInterfaceConfig               0x0801024b   Thumb Code    66  stm32f10x_tim.o(.text)
    TIM_ForcedOC1Config                      0x0801028d   Thumb Code    18  stm32f10x_tim.o(.text)
    TIM_ForcedOC2Config                      0x0801029f   Thumb Code    26  stm32f10x_tim.o(.text)
    TIM_ForcedOC3Config                      0x080102b9   Thumb Code    18  stm32f10x_tim.o(.text)
    TIM_ForcedOC4Config                      0x080102cb   Thumb Code    26  stm32f10x_tim.o(.text)
    TIM_ARRPreloadConfig                     0x080102e5   Thumb Code    24  stm32f10x_tim.o(.text)
    TIM_SelectCOM                            0x080102fd   Thumb Code    24  stm32f10x_tim.o(.text)
    TIM_SelectCCDMA                          0x08010315   Thumb Code    24  stm32f10x_tim.o(.text)
    TIM_CCPreloadControl                     0x0801032d   Thumb Code    24  stm32f10x_tim.o(.text)
    TIM_OC1PreloadConfig                     0x08010345   Thumb Code    18  stm32f10x_tim.o(.text)
    TIM_OC2PreloadConfig                     0x08010357   Thumb Code    26  stm32f10x_tim.o(.text)
    TIM_OC3PreloadConfig                     0x08010371   Thumb Code    18  stm32f10x_tim.o(.text)
    TIM_OC4PreloadConfig                     0x08010383   Thumb Code    26  stm32f10x_tim.o(.text)
    TIM_OC1FastConfig                        0x0801039d   Thumb Code    18  stm32f10x_tim.o(.text)
    TIM_OC2FastConfig                        0x080103af   Thumb Code    26  stm32f10x_tim.o(.text)
    TIM_OC3FastConfig                        0x080103c9   Thumb Code    18  stm32f10x_tim.o(.text)
    TIM_OC4FastConfig                        0x080103db   Thumb Code    26  stm32f10x_tim.o(.text)
    TIM_ClearOC1Ref                          0x080103f5   Thumb Code    18  stm32f10x_tim.o(.text)
    TIM_ClearOC2Ref                          0x08010407   Thumb Code    24  stm32f10x_tim.o(.text)
    TIM_ClearOC3Ref                          0x0801041f   Thumb Code    18  stm32f10x_tim.o(.text)
    TIM_ClearOC4Ref                          0x08010431   Thumb Code    24  stm32f10x_tim.o(.text)
    TIM_OC1PolarityConfig                    0x08010449   Thumb Code    18  stm32f10x_tim.o(.text)
    TIM_OC1NPolarityConfig                   0x0801045b   Thumb Code    18  stm32f10x_tim.o(.text)
    TIM_OC2PolarityConfig                    0x0801046d   Thumb Code    26  stm32f10x_tim.o(.text)
    TIM_OC2NPolarityConfig                   0x08010487   Thumb Code    26  stm32f10x_tim.o(.text)
    TIM_OC3PolarityConfig                    0x080104a1   Thumb Code    26  stm32f10x_tim.o(.text)
    TIM_OC3NPolarityConfig                   0x080104bb   Thumb Code    26  stm32f10x_tim.o(.text)
    TIM_OC4PolarityConfig                    0x080104d5   Thumb Code    26  stm32f10x_tim.o(.text)
    TIM_CCxCmd                               0x080104ef   Thumb Code    30  stm32f10x_tim.o(.text)
    TIM_CCxNCmd                              0x0801050d   Thumb Code    30  stm32f10x_tim.o(.text)
    TIM_SelectOCxM                           0x0801052b   Thumb Code    82  stm32f10x_tim.o(.text)
    TIM_UpdateDisableConfig                  0x0801057d   Thumb Code    24  stm32f10x_tim.o(.text)
    TIM_UpdateRequestConfig                  0x08010595   Thumb Code    24  stm32f10x_tim.o(.text)
    TIM_SelectHallSensor                     0x080105ad   Thumb Code    24  stm32f10x_tim.o(.text)
    TIM_SelectOnePulseMode                   0x080105c5   Thumb Code    18  stm32f10x_tim.o(.text)
    TIM_SelectOutputTrigger                  0x080105d7   Thumb Code    18  stm32f10x_tim.o(.text)
    TIM_SelectSlaveMode                      0x080105e9   Thumb Code    18  stm32f10x_tim.o(.text)
    TIM_SelectMasterSlaveMode                0x080105fb   Thumb Code    18  stm32f10x_tim.o(.text)
    TIM_SetCounter                           0x0801060d   Thumb Code     4  stm32f10x_tim.o(.text)
    TIM_SetAutoreload                        0x08010611   Thumb Code     4  stm32f10x_tim.o(.text)
    TIM_SetCompare1                          0x08010615   Thumb Code     4  stm32f10x_tim.o(.text)
    TIM_SetCompare2                          0x08010619   Thumb Code     4  stm32f10x_tim.o(.text)
    TIM_SetCompare3                          0x0801061d   Thumb Code     4  stm32f10x_tim.o(.text)
    TIM_SetCompare4                          0x08010621   Thumb Code     6  stm32f10x_tim.o(.text)
    TIM_SetClockDivision                     0x08010627   Thumb Code    18  stm32f10x_tim.o(.text)
    TIM_GetCapture1                          0x08010639   Thumb Code     6  stm32f10x_tim.o(.text)
    TIM_GetCapture2                          0x0801063f   Thumb Code     6  stm32f10x_tim.o(.text)
    TIM_GetCapture3                          0x08010645   Thumb Code     6  stm32f10x_tim.o(.text)
    TIM_GetCapture4                          0x0801064b   Thumb Code     8  stm32f10x_tim.o(.text)
    TIM_GetCounter                           0x08010653   Thumb Code     6  stm32f10x_tim.o(.text)
    TIM_GetPrescaler                         0x08010659   Thumb Code     6  stm32f10x_tim.o(.text)
    TIM_GetFlagStatus                        0x0801065f   Thumb Code    18  stm32f10x_tim.o(.text)
    TIM_ClearFlag                            0x08010671   Thumb Code     6  stm32f10x_tim.o(.text)
    TIM_GetITStatus                          0x08010677   Thumb Code    34  stm32f10x_tim.o(.text)
    TIM_ClearITPendingBit                    0x08010699   Thumb Code     6  stm32f10x_tim.o(.text)
    ADC_DeInit                               0x080106a1   Thumb Code    78  stm32f10x_adc.o(.text)
    ADC_Init                                 0x080106ef   Thumb Code    70  stm32f10x_adc.o(.text)
    ADC_StructInit                           0x08010735   Thumb Code    18  stm32f10x_adc.o(.text)
    ADC_Cmd                                  0x08010747   Thumb Code    22  stm32f10x_adc.o(.text)
    ADC_DMACmd                               0x0801075d   Thumb Code    22  stm32f10x_adc.o(.text)
    ADC_ITConfig                             0x08010773   Thumb Code    24  stm32f10x_adc.o(.text)
    ADC_ResetCalibration                     0x0801078b   Thumb Code    10  stm32f10x_adc.o(.text)
    ADC_GetResetCalibrationStatus            0x08010795   Thumb Code    20  stm32f10x_adc.o(.text)
    ADC_StartCalibration                     0x080107a9   Thumb Code    10  stm32f10x_adc.o(.text)
    ADC_GetCalibrationStatus                 0x080107b3   Thumb Code    20  stm32f10x_adc.o(.text)
    ADC_SoftwareStartConvCmd                 0x080107c7   Thumb Code    22  stm32f10x_adc.o(.text)
    ADC_GetSoftwareStartConvStatus           0x080107dd   Thumb Code    20  stm32f10x_adc.o(.text)
    ADC_DiscModeChannelCountConfig           0x080107f1   Thumb Code    24  stm32f10x_adc.o(.text)
    ADC_DiscModeCmd                          0x08010809   Thumb Code    22  stm32f10x_adc.o(.text)
    ADC_RegularChannelConfig                 0x0801081f   Thumb Code   184  stm32f10x_adc.o(.text)
    ADC_ExternalTrigConvCmd                  0x080108d7   Thumb Code    22  stm32f10x_adc.o(.text)
    ADC_GetConversionValue                   0x080108ed   Thumb Code     8  stm32f10x_adc.o(.text)
    ADC_GetDualModeConversionValue           0x080108f5   Thumb Code     8  stm32f10x_adc.o(.text)
    ADC_AutoInjectedConvCmd                  0x080108fd   Thumb Code    22  stm32f10x_adc.o(.text)
    ADC_InjectedDiscModeCmd                  0x08010913   Thumb Code    22  stm32f10x_adc.o(.text)
    ADC_ExternalTrigInjectedConvConfig       0x08010929   Thumb Code    16  stm32f10x_adc.o(.text)
    ADC_ExternalTrigInjectedConvCmd          0x08010939   Thumb Code    22  stm32f10x_adc.o(.text)
    ADC_SoftwareStartInjectedConvCmd         0x0801094f   Thumb Code    22  stm32f10x_adc.o(.text)
    ADC_GetSoftwareStartInjectedConvCmdStatus 0x08010965   Thumb Code    20  stm32f10x_adc.o(.text)
    ADC_InjectedChannelConfig                0x08010979   Thumb Code   130  stm32f10x_adc.o(.text)
    ADC_InjectedSequencerLengthConfig        0x080109fb   Thumb Code    24  stm32f10x_adc.o(.text)
    ADC_SetInjectedOffset                    0x08010a13   Thumb Code    20  stm32f10x_adc.o(.text)
    ADC_GetInjectedConversionValue           0x08010a27   Thumb Code    28  stm32f10x_adc.o(.text)
    ADC_AnalogWatchdogCmd                    0x08010a43   Thumb Code    16  stm32f10x_adc.o(.text)
    ADC_AnalogWatchdogThresholdsConfig       0x08010a53   Thumb Code     6  stm32f10x_adc.o(.text)
    ADC_AnalogWatchdogSingleChannelConfig    0x08010a59   Thumb Code    16  stm32f10x_adc.o(.text)
    ADC_TempSensorVrefintCmd                 0x08010a69   Thumb Code    64  stm32f10x_adc.o(.text)
    ADC_GetFlagStatus                        0x08010aa9   Thumb Code    18  stm32f10x_adc.o(.text)
    ADC_ClearFlag                            0x08010abb   Thumb Code     6  stm32f10x_adc.o(.text)
    ADC_GetITStatus                          0x08010ac1   Thumb Code    36  stm32f10x_adc.o(.text)
    ADC_ClearITPendingBit                    0x08010ae5   Thumb Code    10  stm32f10x_adc.o(.text)
    I2C_DeInit                               0x08010af1   Thumb Code    50  stm32f10x_i2c.o(.text)
    I2C_Init                                 0x08010b23   Thumb Code   222  stm32f10x_i2c.o(.text)
    I2C_StructInit                           0x08010c01   Thumb Code    30  stm32f10x_i2c.o(.text)
    I2C_Cmd                                  0x08010c1f   Thumb Code    24  stm32f10x_i2c.o(.text)
    I2C_DMACmd                               0x08010c37   Thumb Code    24  stm32f10x_i2c.o(.text)
    I2C_DMALastTransferCmd                   0x08010c4f   Thumb Code    24  stm32f10x_i2c.o(.text)
    I2C_GenerateSTART                        0x08010c67   Thumb Code    24  stm32f10x_i2c.o(.text)
    I2C_GenerateSTOP                         0x08010c7f   Thumb Code    24  stm32f10x_i2c.o(.text)
    I2C_AcknowledgeConfig                    0x08010c97   Thumb Code    24  stm32f10x_i2c.o(.text)
    I2C_OwnAddress2Config                    0x08010caf   Thumb Code    22  stm32f10x_i2c.o(.text)
    I2C_DualAddressCmd                       0x08010cc5   Thumb Code    24  stm32f10x_i2c.o(.text)
    I2C_GeneralCallCmd                       0x08010cdd   Thumb Code    24  stm32f10x_i2c.o(.text)
    I2C_ITConfig                             0x08010cf5   Thumb Code    18  stm32f10x_i2c.o(.text)
    I2C_SendData                             0x08010d07   Thumb Code     4  stm32f10x_i2c.o(.text)
    I2C_ReceiveData                          0x08010d0b   Thumb Code     8  stm32f10x_i2c.o(.text)
    I2C_Send7bitAddress                      0x08010d13   Thumb Code    18  stm32f10x_i2c.o(.text)
    I2C_ReadRegister                         0x08010d25   Thumb Code    22  stm32f10x_i2c.o(.text)
    I2C_SoftwareResetCmd                     0x08010d3b   Thumb Code    22  stm32f10x_i2c.o(.text)
    I2C_NACKPositionConfig                   0x08010d51   Thumb Code    28  stm32f10x_i2c.o(.text)
    I2C_SMBusAlertConfig                     0x08010d6d   Thumb Code    28  stm32f10x_i2c.o(.text)
    I2C_TransmitPEC                          0x08010d89   Thumb Code    24  stm32f10x_i2c.o(.text)
    I2C_PECPositionConfig                    0x08010da1   Thumb Code    28  stm32f10x_i2c.o(.text)
    I2C_CalculatePEC                         0x08010dbd   Thumb Code    24  stm32f10x_i2c.o(.text)
    I2C_GetPEC                               0x08010dd5   Thumb Code     8  stm32f10x_i2c.o(.text)
    I2C_ARPCmd                               0x08010ddd   Thumb Code    24  stm32f10x_i2c.o(.text)
    I2C_StretchClockCmd                      0x08010df5   Thumb Code    24  stm32f10x_i2c.o(.text)
    I2C_FastModeDutyCycleConfig              0x08010e0d   Thumb Code    28  stm32f10x_i2c.o(.text)
    I2C_CheckEvent                           0x08010e29   Thumb Code    42  stm32f10x_i2c.o(.text)
    I2C_GetLastEvent                         0x08010e53   Thumb Code    26  stm32f10x_i2c.o(.text)
    I2C_GetFlagStatus                        0x08010e6d   Thumb Code    58  stm32f10x_i2c.o(.text)
    I2C_ClearFlag                            0x08010ea7   Thumb Code    12  stm32f10x_i2c.o(.text)
    I2C_GetITStatus                          0x08010eb3   Thumb Code    54  stm32f10x_i2c.o(.text)
    I2C_ClearITPendingBit                    0x08010ee9   Thumb Code    12  stm32f10x_i2c.o(.text)
    DMA_DeInit                               0x08010ef5   Thumb Code   324  stm32f10x_dma.o(.text)
    DMA_Init                                 0x08011039   Thumb Code    60  stm32f10x_dma.o(.text)
    DMA_StructInit                           0x08011075   Thumb Code    26  stm32f10x_dma.o(.text)
    DMA_Cmd                                  0x0801108f   Thumb Code    24  stm32f10x_dma.o(.text)
    DMA_ITConfig                             0x080110a7   Thumb Code    18  stm32f10x_dma.o(.text)
    DMA_SetCurrDataCounter                   0x080110b9   Thumb Code     4  stm32f10x_dma.o(.text)
    DMA_GetCurrDataCounter                   0x080110bd   Thumb Code     8  stm32f10x_dma.o(.text)
    DMA_GetFlagStatus                        0x080110c5   Thumb Code    40  stm32f10x_dma.o(.text)
    DMA_ClearFlag                            0x080110ed   Thumb Code    22  stm32f10x_dma.o(.text)
    DMA_GetITStatus                          0x08011103   Thumb Code    40  stm32f10x_dma.o(.text)
    DMA_ClearITPendingBit                    0x0801112b   Thumb Code    22  stm32f10x_dma.o(.text)
    RTC_ITConfig                             0x08011149   Thumb Code    26  stm32f10x_rtc.o(.text)
    RTC_EnterConfigMode                      0x08011163   Thumb Code    18  stm32f10x_rtc.o(.text)
    RTC_ExitConfigMode                       0x08011175   Thumb Code    20  stm32f10x_rtc.o(.text)
    RTC_GetCounter                           0x08011189   Thumb Code    18  stm32f10x_rtc.o(.text)
    RTC_SetCounter                           0x0801119b   Thumb Code    26  stm32f10x_rtc.o(.text)
    RTC_SetPrescaler                         0x080111b5   Thumb Code    28  stm32f10x_rtc.o(.text)
    RTC_SetAlarm                             0x080111d1   Thumb Code    26  stm32f10x_rtc.o(.text)
    RTC_GetDivider                           0x080111eb   Thumb Code    22  stm32f10x_rtc.o(.text)
    RTC_WaitForLastTask                      0x08011201   Thumb Code    18  stm32f10x_rtc.o(.text)
    RTC_WaitForSynchro                       0x08011213   Thumb Code    36  stm32f10x_rtc.o(.text)
    RTC_GetFlagStatus                        0x08011237   Thumb Code    22  stm32f10x_rtc.o(.text)
    RTC_ClearFlag                            0x0801124d   Thumb Code    16  stm32f10x_rtc.o(.text)
    RTC_GetITStatus                          0x0801125d   Thumb Code    32  stm32f10x_rtc.o(.text)
    RTC_ClearITPendingBit                    0x0801127d   Thumb Code    16  stm32f10x_rtc.o(.text)
    EXTI_DeInit                              0x08011291   Thumb Code    28  stm32f10x_exti.o(.text)
    EXTI_Init                                0x080112ad   Thumb Code   142  stm32f10x_exti.o(.text)
    EXTI_StructInit                          0x0801133b   Thumb Code    16  stm32f10x_exti.o(.text)
    EXTI_GenerateSWInterrupt                 0x0801134b   Thumb Code    16  stm32f10x_exti.o(.text)
    EXTI_GetFlagStatus                       0x0801135b   Thumb Code    22  stm32f10x_exti.o(.text)
    EXTI_ClearFlag                           0x08011371   Thumb Code     8  stm32f10x_exti.o(.text)
    EXTI_GetITStatus                         0x08011379   Thumb Code    34  stm32f10x_exti.o(.text)
    EXTI_ClearITPendingBit                   0x0801139b   Thumb Code     8  stm32f10x_exti.o(.text)
    __use_no_semihosting                     0x080113ad   Thumb Code     2  use_no_semi_2.o(.text)
    __2sprintf                               0x080113b1   Thumb Code    34  noretval__2sprintf.o(.text)
    __printf                                 0x080113d9   Thumb Code   104  __printf.o(.text)
    _printf_str                              0x08011441   Thumb Code    82  _printf_str.o(.text)
    _printf_int_dec                          0x08011495   Thumb Code   104  _printf_dec.o(.text)
    __use_two_region_memory                  0x0801150d   Thumb Code     2  heapauxi.o(.text)
    __rt_heap_escrow$2region                 0x0801150f   Thumb Code     2  heapauxi.o(.text)
    __rt_heap_expand$2region                 0x08011511   Thumb Code     2  heapauxi.o(.text)
    __I$use$semihosting                      0x08011513   Thumb Code     0  use_no_semi.o(.text)
    __use_no_semihosting_swi                 0x08011513   Thumb Code     2  use_no_semi.o(.text)
    _printf_int_common                       0x08011515   Thumb Code   178  _printf_intcommon.o(.text)
    _printf_char_common                      0x080115d3   Thumb Code    32  _printf_char_common.o(.text)
    _sputc                                   0x080115f9   Thumb Code    10  _sputc.o(.text)
    _printf_cs_common                        0x08011603   Thumb Code    20  _printf_char.o(.text)
    _printf_char                             0x08011617   Thumb Code    16  _printf_char.o(.text)
    _printf_string                           0x08011627   Thumb Code     8  _printf_char.o(.text)
    __user_libspace                          0x08011631   Thumb Code     8  libspace.o(.text)
    __user_perproc_libspace                  0x08011631   Thumb Code     0  libspace.o(.text)
    __user_perthread_libspace                0x08011631   Thumb Code     0  libspace.o(.text)
    __user_setup_stackheap                   0x08011639   Thumb Code    74  sys_stackheap_outer.o(.text)
    exit                                     0x08011683   Thumb Code    18  exit.o(.text)
    __aeabi_d2f                              0x08011695   Thumb Code     0  d2f.o(x$fpl$d2f)
    _d2f                                     0x08011695   Thumb Code    98  d2f.o(x$fpl$d2f)
    __aeabi_dadd                             0x080116f9   Thumb Code     0  daddsub_clz.o(x$fpl$dadd)
    _dadd                                    0x080116f9   Thumb Code   332  daddsub_clz.o(x$fpl$dadd)
    __fpl_dcmp_Inf                           0x08011849   Thumb Code    24  dcmpi.o(x$fpl$dcmpinf)
    __aeabi_ddiv                             0x08011861   Thumb Code     0  ddiv.o(x$fpl$ddiv)
    _ddiv                                    0x08011861   Thumb Code   552  ddiv.o(x$fpl$ddiv)
    __aeabi_i2d                              0x08011b11   Thumb Code     0  dflt_clz.o(x$fpl$dflt)
    _dflt                                    0x08011b11   Thumb Code    46  dflt_clz.o(x$fpl$dflt)
    __aeabi_ui2d                             0x08011b3f   Thumb Code     0  dflt_clz.o(x$fpl$dfltu)
    _dfltu                                   0x08011b3f   Thumb Code    38  dflt_clz.o(x$fpl$dfltu)
    __aeabi_cdcmple                          0x08011b65   Thumb Code     0  dleqf.o(x$fpl$dleqf)
    _dcmple                                  0x08011b65   Thumb Code   120  dleqf.o(x$fpl$dleqf)
    __fpl_dcmple_InfNaN                      0x08011bc7   Thumb Code     0  dleqf.o(x$fpl$dleqf)
    __aeabi_dmul                             0x08011bdd   Thumb Code     0  dmul.o(x$fpl$dmul)
    _dmul                                    0x08011bdd   Thumb Code   332  dmul.o(x$fpl$dmul)
    __fpl_dnaninf                            0x08011d31   Thumb Code   156  dnaninf.o(x$fpl$dnaninf)
    __fpl_dretinf                            0x08011dcd   Thumb Code    12  dretinf.o(x$fpl$dretinf)
    __aeabi_cdrcmple                         0x08011dd9   Thumb Code     0  drleqf.o(x$fpl$drleqf)
    _drcmple                                 0x08011dd9   Thumb Code   108  drleqf.o(x$fpl$drleqf)
    __aeabi_dsub                             0x08011e45   Thumb Code     0  daddsub_clz.o(x$fpl$dsub)
    _dsub                                    0x08011e45   Thumb Code   464  daddsub_clz.o(x$fpl$dsub)
    __aeabi_f2d                              0x08012019   Thumb Code     0  f2d.o(x$fpl$f2d)
    _f2d                                     0x08012019   Thumb Code    86  f2d.o(x$fpl$f2d)
    __aeabi_fadd                             0x08012071   Thumb Code     0  faddsub_clz.o(x$fpl$fadd)
    _fadd                                    0x08012071   Thumb Code   196  faddsub_clz.o(x$fpl$fadd)
    __fpl_fcmp_Inf                           0x08012135   Thumb Code    24  fcmpi.o(x$fpl$fcmpinf)
    __aeabi_fdiv                             0x0801214d   Thumb Code     0  fdiv.o(x$fpl$fdiv)
    _fdiv                                    0x0801214d   Thumb Code   384  fdiv.o(x$fpl$fdiv)
    __aeabi_cfcmpeq                          0x080122d1   Thumb Code     0  feqf.o(x$fpl$feqf)
    _fcmpeq                                  0x080122d1   Thumb Code   104  feqf.o(x$fpl$feqf)
    __aeabi_f2iz                             0x08012339   Thumb Code     0  ffix.o(x$fpl$ffix)
    _ffix                                    0x08012339   Thumb Code    54  ffix.o(x$fpl$ffix)
    __aeabi_f2uiz                            0x08012371   Thumb Code     0  ffixu.o(x$fpl$ffixu)
    _ffixu                                   0x08012371   Thumb Code    62  ffixu.o(x$fpl$ffixu)
    __aeabi_i2f                              0x080123b1   Thumb Code     0  fflt_clz.o(x$fpl$fflt)
    _fflt                                    0x080123b1   Thumb Code    48  fflt_clz.o(x$fpl$fflt)
    __aeabi_ui2f                             0x080123e1   Thumb Code     0  fflt_clz.o(x$fpl$ffltu)
    _ffltu                                   0x080123e1   Thumb Code    38  fflt_clz.o(x$fpl$ffltu)
    __aeabi_cfcmple                          0x08012409   Thumb Code     0  fleqf.o(x$fpl$fleqf)
    _fcmple                                  0x08012409   Thumb Code   104  fleqf.o(x$fpl$fleqf)
    __fpl_fcmple_InfNaN                      0x0801245b   Thumb Code     0  fleqf.o(x$fpl$fleqf)
    __aeabi_fmul                             0x08012471   Thumb Code     0  fmul.o(x$fpl$fmul)
    _fmul                                    0x08012471   Thumb Code   258  fmul.o(x$fpl$fmul)
    __fpl_fnaninf                            0x08012573   Thumb Code   140  fnaninf.o(x$fpl$fnaninf)
    __fpl_fretinf                            0x080125ff   Thumb Code    10  fretinf.o(x$fpl$fretinf)
    __aeabi_cfrcmple                         0x08012609   Thumb Code     0  frleqf.o(x$fpl$frleqf)
    _frcmple                                 0x08012609   Thumb Code    98  frleqf.o(x$fpl$frleqf)
    __aeabi_frsub                            0x0801266b   Thumb Code     0  faddsub_clz.o(x$fpl$frsb)
    _frsb                                    0x0801266b   Thumb Code    20  faddsub_clz.o(x$fpl$frsb)
    __aeabi_fsub                             0x08012681   Thumb Code     0  faddsub_clz.o(x$fpl$fsub)
    _fsub                                    0x08012681   Thumb Code   234  faddsub_clz.o(x$fpl$fsub)
    Wendu                                    0x0801276a   Data          10  lcd.o(.constdata)
    __I$use$fp                               0x0801276a   Number         0  usenofp.o(x$fpl$usenofp)
    Wendu1                                   0x08012774   Data          10  lcd.o(.constdata)
    Shidu                                    0x0801277e   Data          10  lcd.o(.constdata)
    Shidu2                                   0x08012788   Data          10  lcd.o(.constdata)
    Others                                   0x08012792   Data          10  lcd.o(.constdata)
    WenduSetting                             0x0801279c   Data          12  lcd.o(.constdata)
    ShiduSetting                             0x080127a8   Data          12  lcd.o(.constdata)
    CHARS                                    0x080127b4   Data          26  lcd.o(.constdata)
    table_week                               0x080127ce   Data          12  rtc.o(.constdata)
    mon_table                                0x080127da   Data          12  rtc.o(.constdata)
    Region$$Table$$Base                      0x080127e8   Number         0  anon$$obj.o(Region$$Table)
    Region$$Table$$Limit                     0x08012808   Number         0  anon$$obj.o(Region$$Table)
    SystemCoreClock                          0x20000000   Data           4  system_stm32f10x.o(.data)
    AHBPrescTable                            0x20000004   Data          16  system_stm32f10x.o(.data)
    temp                                     0x20000014   Data           1  stm32f10x_it.o(.data)
    flag_ls_set                              0x20000018   Data           4  stm32f10x_it.o(.data)
    wifiName                                 0x2000001c   Data          20  stm32f10x_it.o(.data)
    wifiPassword                             0x20000030   Data          20  stm32f10x_it.o(.data)
    TransmitDataByte                         0x20000044   Data           2  stm32f10x_it.o(.data)
    StorageRead                              0x20000046   Data           2  stm32f10x_it.o(.data)
    Tim_Out                                  0x20000048   Data           1  stm32f10x_it.o(.data)
    Rcv_Complete                             0x20000049   Data           1  stm32f10x_it.o(.data)
    Send_Complete                            0x2000004a   Data           1  stm32f10x_it.o(.data)
    Com_busy                                 0x2000004b   Data           1  stm32f10x_it.o(.data)
    Rcv_Data                                 0x2000004c   Data           1  stm32f10x_it.o(.data)
    Send_Data                                0x2000004d   Data           1  stm32f10x_it.o(.data)
    Mod_Id                                   0x2000004e   Data           1  stm32f10x_it.o(.data)
    Rcv_Num                                  0x2000004f   Data           1  stm32f10x_it.o(.data)
    Send_Num                                 0x20000050   Data           1  stm32f10x_it.o(.data)
    PointToRcvBuf                            0x20000054   Data           4  stm32f10x_it.o(.data)
    PointToSendBuf                           0x20000058   Data           4  stm32f10x_it.o(.data)
    Comu_Busy                                0x2000005c   Data           1  stm32f10x_it.o(.data)
    HaveMes                                  0x2000005d   Data           1  stm32f10x_it.o(.data)
    Online                                   0x2000005e   Data           1  stm32f10x_it.o(.data)
    SendEERPOM                               0x2000005f   Data           1  stm32f10x_it.o(.data)
    ReadPartofEEPROM                         0x20000060   Data           1  stm32f10x_it.o(.data)
    NumberReadEEPROM                         0x20000062   Data           2  stm32f10x_it.o(.data)
    BUFFER_SIZE3                             0x20000064   Data           2  stm32f10x_it.o(.data)
    RIDLE                                    0x2000026c   Data           1  main.o(.data)
    RXNum                                    0x2000026d   Data           1  main.o(.data)
    deviceidArr                              0x2000026e   Data           5  main.o(.data)
    deviceidNum                              0x20000274   Data           4  main.o(.data)
    ip1                                      0x20000278   Data           1  main.o(.data)
    ip2                                      0x20000279   Data           1  main.o(.data)
    ip3                                      0x2000027a   Data           1  main.o(.data)
    ip4                                      0x2000027b   Data           1  main.o(.data)
    port                                     0x2000027c   Data           2  main.o(.data)
    flag_1s                                  0x2000027e   Data           1  main.o(.data)
    flag_state                               0x20000280   Data           2  main.o(.data)
    flag_fasong                              0x20000282   Data           1  main.o(.data)
    LCD_dizhi                                0x20000284   Data           2  main.o(.data)
    LCD_xindao                               0x20000286   Data           2  main.o(.data)
    LCD_yicunchu                             0x20000288   Data           2  main.o(.data)
    LCD_ID                                   0x2000028a   Data           2  main.o(.data)
    LCD_botelv                               0x2000028c   Data           2  main.o(.data)
    LCD_moshi                                0x2000028e   Data           2  main.o(.data)
    crc_num                                  0x20000290   Data           1  main.o(.data)
    usart_send_pointer                       0x20000294   Data           4  main.o(.data)
    usart_tx_counter                         0x20000298   Data           1  main.o(.data)
    usart_tx_counter1                        0x20000299   Data           1  main.o(.data)
    usart_rev_comflag                        0x2000029a   Data           1  main.o(.data)
    usart_rev_counter                        0x2000029b   Data           1  main.o(.data)
    humi_val                                 0x2000029c   Data           2  main.o(.data)
    temp_val                                 0x2000029e   Data           2  main.o(.data)
    err                                      0x200002a0   Data           1  main.o(.data)
    checksum                                 0x200002a1   Data           1  main.o(.data)
    humi_val_real                            0x200002a4   Data           4  main.o(.data)
    temp_val_real                            0x200002a8   Data           4  main.o(.data)
    dew_point                                0x200002ac   Data           4  main.o(.data)
    Timing                                   0x200002b0   Data           4  main.o(.data)
    Timing_Enable                            0x200002b4   Data           4  main.o(.data)
    TimingReadSensor                         0x200002b8   Data           4  main.o(.data)
    Menu_mode                                0x200002bc   Data           4  main.o(.data)
    address                                  0x200002c0   Data           1  main.o(.data)
    BaudRate                                 0x200002c4   Data           4  main.o(.data)
    BaudRateNum                              0x200002c8   Data           4  main.o(.data)
    BaudRateArray                            0x200002cc   Data          20  main.o(.data)
    Warning                                  0x200002e0   Data           4  main.o(.data)
    Temperatuer_Up                           0x200002e4   Data           4  main.o(.data)
    Temperatuer_Down                         0x200002e8   Data           4  main.o(.data)
    Temperature_O                            0x200002ec   Data           4  main.o(.data)
    Temperature_I                            0x200002f0   Data           4  main.o(.data)
    Humtidy_Up                               0x200002f4   Data           4  main.o(.data)
    Humtidy_Down                             0x200002f8   Data           4  main.o(.data)
    C_F                                      0x200002fc   Data           4  main.o(.data)
    RemoteControl                            0x20000300   Data           4  main.o(.data)
    RecordMode                               0x20000304   Data           4  main.o(.data)
    StorageMode                              0x20000308   Data           4  main.o(.data)
    RecordTiming                             0x2000030c   Data           4  main.o(.data)
    WarningTiming                            0x20000310   Data           4  main.o(.data)
    BatteryMonitor                           0x20000314   Data           4  main.o(.data)
    SensorSelected                           0x20000318   Data           4  main.o(.data)
    TimingSetting                            0x2000031c   Data           4  main.o(.data)
    DeleteData                               0x20000320   Data           4  main.o(.data)
    TemperatureHys                           0x20000324   Data           4  main.o(.data)
    TemperatureHysDisplay                    0x20000328   Data           4  main.o(.data)
    HumtidyHys                               0x2000032c   Data           4  main.o(.data)
    HumtidyHysDisplay                        0x20000330   Data           4  main.o(.data)
    Temperature_4ma                          0x20000334   Data           4  main.o(.data)
    TemperatureDisplay_4ma                   0x20000338   Data           4  main.o(.data)
    Temperature_20ma                         0x2000033c   Data           4  main.o(.data)
    TemperatureDisplay_20ma                  0x20000340   Data           4  main.o(.data)
    Humtidy_4ma                              0x20000344   Data           4  main.o(.data)
    HumtidyDisplay_4ma                       0x20000348   Data           4  main.o(.data)
    Humtidy_20ma                             0x2000034c   Data           4  main.o(.data)
    HumtidyDisplay_20ma                      0x20000350   Data           4  main.o(.data)
    TemperatureCalibration                   0x20000354   Data           4  main.o(.data)
    TemperatureCalibrationDisplay            0x20000358   Data           4  main.o(.data)
    HumtidyCalibration                       0x2000035c   Data           4  main.o(.data)
    HumtidyCalibrationDisplay                0x20000360   Data           4  main.o(.data)
    NumDataRead                              0x20000364   Data           2  main.o(.data)
    DisplayTime_On                           0x20000366   Data           1  main.o(.data)
    PartofEEPROM                             0x20000367   Data           1  main.o(.data)
    EEPROMFull                               0x20000368   Data           1  main.o(.data)
    EEPROMDownloading                        0x20000369   Data           1  main.o(.data)
    TemperatureHighWarning                   0x2000036a   Data           1  main.o(.data)
    TemperatureLowWarning                    0x2000036b   Data           1  main.o(.data)
    HumidityHighWarning                      0x2000036c   Data           1  main.o(.data)
    HumidityLowWarning                       0x2000036d   Data           1  main.o(.data)
    key                                      0x2000036e   Data           1  main.o(.data)
    OnlyDispalyTime                          0x20000370   Data           4  main.o(.data)
    OnlyDispalyTiming                        0x20000374   Data           4  main.o(.data)
    NormalState                              0x20000378   Data           4  main.o(.data)
    year_Set                                 0x2000037c   Data           2  main.o(.data)
    month_Set                                0x2000037e   Data           1  main.o(.data)
    date_Set                                 0x2000037f   Data           1  main.o(.data)
    hour_Set                                 0x20000380   Data           1  main.o(.data)
    min_Set                                  0x20000381   Data           1  main.o(.data)
    sec_Set                                  0x20000382   Data           1  main.o(.data)
    RTC_Control                              0x20000384   Data           4  main.o(.data)
    RTC_Selected                             0x20000388   Data           4  main.o(.data)
    RTCTimeParametersInit                    0x2000038c   Data           4  main.o(.data)
    WarningOrNot                             0x20000390   Data           4  main.o(.data)
    StorgeNum                                0x20000394   Data           2  main.o(.data)
    StorgeTiming                             0x20000398   Data           4  main.o(.data)
    THtoStorage                              0x2000039c   Data           8  main.o(.data)
    THtoStorage_4byte                        0x200003a4   Data           4  main.o(.data)
    Temperature_Load                         0x200003a8   Data           4  main.o(.data)
    Humidity_Load                            0x200003ac   Data           4  main.o(.data)
    Temperature_Load_F                       0x200003b0   Data           4  main.o(.data)
    flag_chuanganqi                          0x200003b4   Data           1  main.o(.data)
    Adjust_Tem_4ma                           0x200003b8   Data           4  main.o(.data)
    Adjust_Tem_20ma                          0x200003bc   Data           4  main.o(.data)
    Adjust_Hum_4ma                           0x200003c0   Data           4  main.o(.data)
    Adjust_Hum_20ma                          0x200003c4   Data           4  main.o(.data)
    Adjust_Tem_5v                            0x200003c8   Data           4  main.o(.data)
    Adjust_Hum_10v                           0x200003cc   Data           4  main.o(.data)
    ADC_5V                                   0x200003d0   Data           2  main.o(.data)
    ADC_BAT                                  0x200003d2   Data           2  main.o(.data)
    ADC_24V                                  0x200003d4   Data           2  main.o(.data)
    V_5V                                     0x200003d8   Data           4  main.o(.data)
    V_BAT                                    0x200003dc   Data           4  main.o(.data)
    V_24V                                    0x200003e0   Data           4  main.o(.data)
    Dac_Temp                                 0x200003e4   Data           2  main.o(.data)
    Dac_Humi                                 0x200003e6   Data           2  main.o(.data)
    Battery                                  0x200003e8   Data          40  main.o(.data)
    Trg                                      0x20000410   Data           2  key.o(.data)
    Cont                                     0x20000412   Data           2  key.o(.data)
    AddUp                                    0x20000414   Data           2  key.o(.data)
    flag_1s_nnn                              0x20000418   Data           2  timer.o(.data)
    timetick                                 0x2000041a   Data           2  timer.o(.data)
    count                                    0x2000041c   Data           2  timer.o(.data)
    count_readsht                            0x2000041e   Data           2  timer.o(.data)
    TurnOffCount                             0x20000420   Data           2  timer.o(.data)
    i_count                                  0x20000424   Data           4  timer.o(.data)
    bLcd_flag                                0x20000428   Data           4  lcd.o(.data)
    bLcd_timer                               0x2000042c   Data           4  lcd.o(.data)
    ii                                       0x20000430   Data           4  lcd.o(.data)
    j                                        0x20000434   Data           4  lcd.o(.data)
    i                                        0x20000438   Data           1  lcd.o(.data)
    year                                     0x2000043a   Data           2  lcd.o(.data)
    month                                    0x2000043c   Data           1  lcd.o(.data)
    date                                     0x2000043d   Data           1  lcd.o(.data)
    hour                                     0x2000043e   Data           1  lcd.o(.data)
    min                                      0x2000043f   Data           1  lcd.o(.data)
    sec                                      0x20000440   Data           1  lcd.o(.data)
    tdata                                    0x20000441   Data           4  dhxx.o(.data)
    sbuf                                     0x20000445   Data           1  dhxx.o(.data)
    check                                    0x20000446   Data           1  dhxx.o(.data)
    sEEAddress                               0x20000448   Data           2  stm32_eval_i2c_ee.o(.data)
    sEETimeout                               0x2000044c   Data           4  stm32_eval_i2c_ee.o(.data)
    sEEDataReadPointer                       0x20000450   Data           4  stm32_eval_i2c_ee.o(.data)
    sEEDataWritePointer                      0x20000454   Data           4  stm32_eval_i2c_ee.o(.data)
    sEEDataNum                               0x20000458   Data           1  stm32_eval_i2c_ee.o(.data)
    status_flag                              0x20000459   Data           1  gprs.o(.data)
    status_flag3                             0x2000045a   Data           1  gprs.o(.data)
    rssi                                     0x2000045b   Data           1  gprs.o(.data)
    RssiGrade                                0x2000045c   Data           1  gprs.o(.data)
    routerSet                                0x2000045d   Data          40  gprs.o(.data)
    Rcv_Buffer                               0x200004a0   Data         210  stm32f10x_it.o(.bss)
    Send_Buffer                              0x20000572   Data         210  stm32f10x_it.o(.bss)
    EEPROM_Transmit                          0x20000644   Data          10  stm32f10x_it.o(.bss)
    EEPROM_Write                             0x2000064e   Data          10  stm32f10x_it.o(.bss)
    RXBUF                                    0x2000066c   Data         255  main.o(.bss)
    usart_rx_buff                            0x2000076b   Data          50  main.o(.bss)
    usart_tx_buff                            0x2000079d   Data          50  main.o(.bss)
    ParameterStorage                         0x200007cf   Data          50  main.o(.bss)
    ParameterRead                            0x20000801   Data          50  main.o(.bss)
    THtoStorage_10byte                       0x20000833   Data          10  main.o(.bss)
    THtoStorage_Read                         0x2000083d   Data          10  main.o(.bss)
    adc100                                   0x20000848   Data         400  main.o(.bss)
    g_sht2x_param                            0x200009d8   Data          24  sht2x.o(.bss)
    Lcdram                                   0x200009f0   Data          32  lcd.o(.bss)
    calendar                                 0x20000a10   Data          10  rtc.o(.bss)
    sEEDMA_InitStructure                     0x20000a1c   Data          44  stm32_eval_i2c_ee.o(.bss)
    temp_lala                                0x20000a48   Data          43  gprs.o(.bss)
    temp_nb                                  0x20000a73   Data          41  gprs.o(.bss)
    __libspace_start                         0x20000a9c   Data          96  libspace.o(.bss)
    __temporary_stack_top$libspace           0x20000afc   Data           0  libspace.o(.bss)



==============================================================================

Memory Map of the image

  Image Entry point : 0x08000131

  Load Region LR_IROM1 (Base: 0x08000000, Size: 0x00012ca8, Max: 0x00040000, ABSOLUTE, COMPRESSED[0x00012a00])

    Execution Region ER_IROM1 (Exec base: 0x08000000, Load base: 0x08000000, Size: 0x00012808, Max: 0x00040000, ABSOLUTE)

    Exec Addr    Load Addr    Size         Type   Attr      Idx    E Section Name        Object

    0x08000000   0x08000000   0x00000130   Data   RO          773    RESET               startup_stm32f10x_hd.o
    0x08000130   0x08000130   0x00000008   Code   RO          975  * !!!main             c_w.l(__main.o)
    0x08000138   0x08000138   0x00000034   Code   RO         1270    !!!scatter          c_w.l(__scatter.o)
    0x0800016c   0x0800016c   0x0000005a   Code   RO         1268    !!dczerorl2         c_w.l(__dczerorl2.o)
    0x080001c6   0x080001c6   0x00000002   PAD
    0x080001c8   0x080001c8   0x0000001c   Code   RO         1272    !!handler_zi        c_w.l(__scatter_zi.o)
    0x080001e4   0x080001e4   0x00000000   Code   RO          972    .ARM.Collect$$_printf_percent$$00000000  c_w.l(_printf_percent.o)
    0x080001e4   0x080001e4   0x00000006   Code   RO          971    .ARM.Collect$$_printf_percent$$00000009  c_w.l(_printf_d.o)
    0x080001ea   0x080001ea   0x00000006   Code   RO          970    .ARM.Collect$$_printf_percent$$00000014  c_w.l(_printf_s.o)
    0x080001f0   0x080001f0   0x00000004   Code   RO         1060    .ARM.Collect$$_printf_percent$$00000017  c_w.l(_printf_percent_end.o)
    0x080001f4   0x080001f4   0x00000002   Code   RO         1141    .ARM.Collect$$libinit$$00000000  c_w.l(libinit.o)
    0x080001f6   0x080001f6   0x00000000   Code   RO         1147    .ARM.Collect$$libinit$$00000002  c_w.l(libinit2.o)
    0x080001f6   0x080001f6   0x00000000   Code   RO         1149    .ARM.Collect$$libinit$$00000004  c_w.l(libinit2.o)
    0x080001f6   0x080001f6   0x00000000   Code   RO         1152    .ARM.Collect$$libinit$$0000000A  c_w.l(libinit2.o)
    0x080001f6   0x080001f6   0x00000000   Code   RO         1154    .ARM.Collect$$libinit$$0000000C  c_w.l(libinit2.o)
    0x080001f6   0x080001f6   0x00000000   Code   RO         1156    .ARM.Collect$$libinit$$0000000E  c_w.l(libinit2.o)
    0x080001f6   0x080001f6   0x00000000   Code   RO         1159    .ARM.Collect$$libinit$$00000011  c_w.l(libinit2.o)
    0x080001f6   0x080001f6   0x00000000   Code   RO         1161    .ARM.Collect$$libinit$$00000013  c_w.l(libinit2.o)
    0x080001f6   0x080001f6   0x00000000   Code   RO         1163    .ARM.Collect$$libinit$$00000015  c_w.l(libinit2.o)
    0x080001f6   0x080001f6   0x00000000   Code   RO         1165    .ARM.Collect$$libinit$$00000017  c_w.l(libinit2.o)
    0x080001f6   0x080001f6   0x00000000   Code   RO         1167    .ARM.Collect$$libinit$$00000019  c_w.l(libinit2.o)
    0x080001f6   0x080001f6   0x00000000   Code   RO         1169    .ARM.Collect$$libinit$$0000001B  c_w.l(libinit2.o)
    0x080001f6   0x080001f6   0x00000000   Code   RO         1171    .ARM.Collect$$libinit$$0000001D  c_w.l(libinit2.o)
    0x080001f6   0x080001f6   0x00000000   Code   RO         1173    .ARM.Collect$$libinit$$0000001F  c_w.l(libinit2.o)
    0x080001f6   0x080001f6   0x00000000   Code   RO         1175    .ARM.Collect$$libinit$$00000021  c_w.l(libinit2.o)
    0x080001f6   0x080001f6   0x00000000   Code   RO         1177    .ARM.Collect$$libinit$$00000023  c_w.l(libinit2.o)
    0x080001f6   0x080001f6   0x00000000   Code   RO         1179    .ARM.Collect$$libinit$$00000025  c_w.l(libinit2.o)
    0x080001f6   0x080001f6   0x00000000   Code   RO         1183    .ARM.Collect$$libinit$$0000002C  c_w.l(libinit2.o)
    0x080001f6   0x080001f6   0x00000000   Code   RO         1185    .ARM.Collect$$libinit$$0000002E  c_w.l(libinit2.o)
    0x080001f6   0x080001f6   0x00000000   Code   RO         1187    .ARM.Collect$$libinit$$00000030  c_w.l(libinit2.o)
    0x080001f6   0x080001f6   0x00000000   Code   RO         1189    .ARM.Collect$$libinit$$00000032  c_w.l(libinit2.o)
    0x080001f6   0x080001f6   0x00000002   Code   RO         1190    .ARM.Collect$$libinit$$00000033  c_w.l(libinit2.o)
    0x080001f8   0x080001f8   0x00000002   Code   RO         1210    .ARM.Collect$$libshutdown$$00000000  c_w.l(libshutdown.o)
    0x080001fa   0x080001fa   0x00000000   Code   RO         1220    .ARM.Collect$$libshutdown$$00000002  c_w.l(libshutdown2.o)
    0x080001fa   0x080001fa   0x00000000   Code   RO         1222    .ARM.Collect$$libshutdown$$00000004  c_w.l(libshutdown2.o)
    0x080001fa   0x080001fa   0x00000000   Code   RO         1225    .ARM.Collect$$libshutdown$$00000007  c_w.l(libshutdown2.o)
    0x080001fa   0x080001fa   0x00000000   Code   RO         1228    .ARM.Collect$$libshutdown$$0000000A  c_w.l(libshutdown2.o)
    0x080001fa   0x080001fa   0x00000000   Code   RO         1230    .ARM.Collect$$libshutdown$$0000000C  c_w.l(libshutdown2.o)
    0x080001fa   0x080001fa   0x00000000   Code   RO         1233    .ARM.Collect$$libshutdown$$0000000F  c_w.l(libshutdown2.o)
    0x080001fa   0x080001fa   0x00000002   Code   RO         1234    .ARM.Collect$$libshutdown$$00000010  c_w.l(libshutdown2.o)
    0x080001fc   0x080001fc   0x00000000   Code   RO         1049    .ARM.Collect$$rtentry$$00000000  c_w.l(__rtentry.o)
    0x080001fc   0x080001fc   0x00000000   Code   RO         1101    .ARM.Collect$$rtentry$$00000002  c_w.l(__rtentry2.o)
    0x080001fc   0x080001fc   0x00000006   Code   RO         1113    .ARM.Collect$$rtentry$$00000004  c_w.l(__rtentry4.o)
    0x08000202   0x08000202   0x00000000   Code   RO         1103    .ARM.Collect$$rtentry$$00000009  c_w.l(__rtentry2.o)
    0x08000202   0x08000202   0x00000004   Code   RO         1104    .ARM.Collect$$rtentry$$0000000A  c_w.l(__rtentry2.o)
    0x08000206   0x08000206   0x00000000   Code   RO         1106    .ARM.Collect$$rtentry$$0000000C  c_w.l(__rtentry2.o)
    0x08000206   0x08000206   0x00000008   Code   RO         1107    .ARM.Collect$$rtentry$$0000000D  c_w.l(__rtentry2.o)
    0x0800020e   0x0800020e   0x00000002   Code   RO         1144    .ARM.Collect$$rtexit$$00000000  c_w.l(rtexit.o)
    0x08000210   0x08000210   0x00000000   Code   RO         1194    .ARM.Collect$$rtexit$$00000002  c_w.l(rtexit2.o)
    0x08000210   0x08000210   0x00000004   Code   RO         1195    .ARM.Collect$$rtexit$$00000003  c_w.l(rtexit2.o)
    0x08000214   0x08000214   0x00000006   Code   RO         1196    .ARM.Collect$$rtexit$$00000004  c_w.l(rtexit2.o)
    0x0800021a   0x0800021a   0x00000002   PAD
    0x0800021c   0x0800021c   0x000001e0   Code   RO            1    .text               system_stm32f10x.o
    0x080003fc   0x080003fc   0x00000c20   Code   RO          103    .text               stm32f10x_it.o
    0x0800101c   0x0800101c   0x000098a0   Code   RO          239    .text               main.o
    0x0800a8bc   0x0800a8bc   0x00000050   Code   RO          336    .text               led.o
    0x0800a90c   0x0800a90c   0x0000017c   Code   RO          380    .text               key.o
    0x0800aa88   0x0800aa88   0x000002e8   Code   RO          402    .text               timer.o
    0x0800ad70   0x0800ad70   0x0000014c   Code   RO          422    .text               adc.o
    0x0800aebc   0x0800aebc   0x00000680   Code   RO          471    .text               sht2x.o
    0x0800b53c   0x0800b53c   0x00001762   Code   RO          489    .text               lcd.o
    0x0800cc9e   0x0800cc9e   0x00000002   PAD
    0x0800cca0   0x0800cca0   0x000002d0   Code   RO          520    .text               rtc.o
    0x0800cf70   0x0800cf70   0x00000058   Code   RO          546    .text               relay.o
    0x0800cfc8   0x0800cfc8   0x00000230   Code   RO          561    .text               dhxx.o
    0x0800d1f8   0x0800d1f8   0x000009bc   Code   RO          607    .text               stm32_eval_i2c_ee.o
    0x0800dbb4   0x0800dbb4   0x000001b8   Code   RO          626    .text               24cxx.o
    0x0800dd6c   0x0800dd6c   0x0000026c   Code   RO          645    .text               myiic.o
    0x0800dfd8   0x0800dfd8   0x00000098   Code   RO          657    .text               exti.o
    0x0800e070   0x0800e070   0x000004ee   Code   RO          673    .text               sd3078.o
    0x0800e55e   0x0800e55e   0x00000002   PAD
    0x0800e560   0x0800e560   0x000004c8   Code   RO          685    .text               gprs.o
    0x0800ea28   0x0800ea28   0x000000d4   Code   RO          706    .text               delay.o
    0x0800eafc   0x0800eafc   0x00000164   Code   RO          737    .text               usart.o
    0x0800ec60   0x0800ec60   0x00000040   Code   RO          774    .text               startup_stm32f10x_hd.o
    0x0800eca0   0x0800eca0   0x0000035c   Code   RO          778    .text               stm32f10x_gpio.o
    0x0800effc   0x0800effc   0x000003a4   Code   RO          790    .text               stm32f10x_rcc.o
    0x0800f3a0   0x0800f3a0   0x00000408   Code   RO          804    .text               stm32f10x_usart.o
    0x0800f7a8   0x0800f7a8   0x000000dc   Code   RO          816    .text               misc.o
    0x0800f884   0x0800f884   0x00000e1a   Code   RO          828    .text               stm32f10x_tim.o
    0x0801069e   0x0801069e   0x00000002   PAD
    0x080106a0   0x080106a0   0x0000044e   Code   RO          840    .text               stm32f10x_adc.o
    0x08010aee   0x08010aee   0x00000002   PAD
    0x08010af0   0x08010af0   0x00000404   Code   RO          864    .text               stm32f10x_i2c.o
    0x08010ef4   0x08010ef4   0x00000254   Code   RO          876    .text               stm32f10x_dma.o
    0x08011148   0x08011148   0x00000148   Code   RO          888    .text               stm32f10x_rtc.o
    0x08011290   0x08011290   0x0000011c   Code   RO          924    .text               stm32f10x_exti.o
    0x080113ac   0x080113ac   0x00000002   Code   RO          938    .text               c_w.l(use_no_semi_2.o)
    0x080113ae   0x080113ae   0x00000002   PAD
    0x080113b0   0x080113b0   0x00000028   Code   RO          942    .text               c_w.l(noretval__2sprintf.o)
    0x080113d8   0x080113d8   0x00000068   Code   RO          944    .text               c_w.l(__printf.o)
    0x08011440   0x08011440   0x00000052   Code   RO          946    .text               c_w.l(_printf_str.o)
    0x08011492   0x08011492   0x00000002   PAD
    0x08011494   0x08011494   0x00000078   Code   RO          948    .text               c_w.l(_printf_dec.o)
    0x0801150c   0x0801150c   0x00000006   Code   RO          973    .text               c_w.l(heapauxi.o)
    0x08011512   0x08011512   0x00000002   Code   RO         1047    .text               c_w.l(use_no_semi.o)
    0x08011514   0x08011514   0x000000b2   Code   RO         1052    .text               c_w.l(_printf_intcommon.o)
    0x080115c6   0x080115c6   0x00000002   PAD
    0x080115c8   0x080115c8   0x00000030   Code   RO         1054    .text               c_w.l(_printf_char_common.o)
    0x080115f8   0x080115f8   0x0000000a   Code   RO         1056    .text               c_w.l(_sputc.o)
    0x08011602   0x08011602   0x0000002c   Code   RO         1058    .text               c_w.l(_printf_char.o)
    0x0801162e   0x0801162e   0x00000002   PAD
    0x08011630   0x08011630   0x00000008   Code   RO         1129    .text               c_w.l(libspace.o)
    0x08011638   0x08011638   0x0000004a   Code   RO         1132    .text               c_w.l(sys_stackheap_outer.o)
    0x08011682   0x08011682   0x00000012   Code   RO         1134    .text               c_w.l(exit.o)
    0x08011694   0x08011694   0x00000062   Code   RO          977    x$fpl$d2f           fz_ws.l(d2f.o)
    0x080116f6   0x080116f6   0x00000002   PAD
    0x080116f8   0x080116f8   0x00000150   Code   RO          979    x$fpl$dadd          fz_ws.l(daddsub_clz.o)
    0x08011848   0x08011848   0x00000018   Code   RO         1061    x$fpl$dcmpinf       fz_ws.l(dcmpi.o)
    0x08011860   0x08011860   0x000002b0   Code   RO          986    x$fpl$ddiv          fz_ws.l(ddiv.o)
    0x08011b10   0x08011b10   0x0000002e   Code   RO          994    x$fpl$dflt          fz_ws.l(dflt_clz.o)
    0x08011b3e   0x08011b3e   0x00000026   Code   RO          993    x$fpl$dfltu         fz_ws.l(dflt_clz.o)
    0x08011b64   0x08011b64   0x00000078   Code   RO          999    x$fpl$dleqf         fz_ws.l(dleqf.o)
    0x08011bdc   0x08011bdc   0x00000154   Code   RO         1001    x$fpl$dmul          fz_ws.l(dmul.o)
    0x08011d30   0x08011d30   0x0000009c   Code   RO         1063    x$fpl$dnaninf       fz_ws.l(dnaninf.o)
    0x08011dcc   0x08011dcc   0x0000000c   Code   RO         1065    x$fpl$dretinf       fz_ws.l(dretinf.o)
    0x08011dd8   0x08011dd8   0x0000006c   Code   RO         1003    x$fpl$drleqf        fz_ws.l(drleqf.o)
    0x08011e44   0x08011e44   0x000001d4   Code   RO          981    x$fpl$dsub          fz_ws.l(daddsub_clz.o)
    0x08012018   0x08012018   0x00000056   Code   RO         1005    x$fpl$f2d           fz_ws.l(f2d.o)
    0x0801206e   0x0801206e   0x00000002   PAD
    0x08012070   0x08012070   0x000000c4   Code   RO         1007    x$fpl$fadd          fz_ws.l(faddsub_clz.o)
    0x08012134   0x08012134   0x00000018   Code   RO         1067    x$fpl$fcmpinf       fz_ws.l(fcmpi.o)
    0x0801214c   0x0801214c   0x00000184   Code   RO         1014    x$fpl$fdiv          fz_ws.l(fdiv.o)
    0x080122d0   0x080122d0   0x00000068   Code   RO         1017    x$fpl$feqf          fz_ws.l(feqf.o)
    0x08012338   0x08012338   0x00000036   Code   RO         1019    x$fpl$ffix          fz_ws.l(ffix.o)
    0x0801236e   0x0801236e   0x00000002   PAD
    0x08012370   0x08012370   0x0000003e   Code   RO         1023    x$fpl$ffixu         fz_ws.l(ffixu.o)
    0x080123ae   0x080123ae   0x00000002   PAD
    0x080123b0   0x080123b0   0x00000030   Code   RO         1028    x$fpl$fflt          fz_ws.l(fflt_clz.o)
    0x080123e0   0x080123e0   0x00000026   Code   RO         1027    x$fpl$ffltu         fz_ws.l(fflt_clz.o)
    0x08012406   0x08012406   0x00000002   PAD
    0x08012408   0x08012408   0x00000068   Code   RO         1033    x$fpl$fleqf         fz_ws.l(fleqf.o)
    0x08012470   0x08012470   0x00000102   Code   RO         1035    x$fpl$fmul          fz_ws.l(fmul.o)
    0x08012572   0x08012572   0x0000008c   Code   RO         1069    x$fpl$fnaninf       fz_ws.l(fnaninf.o)
    0x080125fe   0x080125fe   0x0000000a   Code   RO         1071    x$fpl$fretinf       fz_ws.l(fretinf.o)
    0x08012608   0x08012608   0x00000062   Code   RO         1037    x$fpl$frleqf        fz_ws.l(frleqf.o)
    0x0801266a   0x0801266a   0x00000014   Code   RO         1008    x$fpl$frsb          fz_ws.l(faddsub_clz.o)
    0x0801267e   0x0801267e   0x00000002   PAD
    0x08012680   0x08012680   0x000000ea   Code   RO         1009    x$fpl$fsub          fz_ws.l(faddsub_clz.o)
    0x0801276a   0x0801276a   0x00000000   Code   RO         1075    x$fpl$usenofp       fz_ws.l(usenofp.o)
    0x0801276a   0x0801276a   0x00000064   Data   RO          491    .constdata          lcd.o
    0x080127ce   0x080127ce   0x00000018   Data   RO          522    .constdata          rtc.o
    0x080127e6   0x080127e6   0x00000002   PAD
    0x080127e8   0x080127e8   0x00000020   Data   RO         1266    Region$$Table       anon$$obj.o


    Execution Region RW_IRAM1 (Exec base: 0x20000000, Load base: 0x08012808, Size: 0x00001100, Max: 0x0000c000, ABSOLUTE, COMPRESSED[0x000001f8])

    Exec Addr    Load Addr    Size         Type   Attr      Idx    E Section Name        Object

    0x20000000   COMPRESSED   0x00000014   Data   RW            2    .data               system_stm32f10x.o
    0x20000014   COMPRESSED   0x00000255   Data   RW          105    .data               stm32f10x_it.o
    0x20000269   COMPRESSED   0x00000003   PAD
    0x2000026c   COMPRESSED   0x000001a4   Data   RW          242    .data               main.o
    0x20000410   COMPRESSED   0x00000006   Data   RW          381    .data               key.o
    0x20000416   COMPRESSED   0x00000002   PAD
    0x20000418   COMPRESSED   0x00000010   Data   RW          403    .data               timer.o
    0x20000428   COMPRESSED   0x00000019   Data   RW          492    .data               lcd.o
    0x20000441   COMPRESSED   0x00000006   Data   RW          562    .data               dhxx.o
    0x20000447   COMPRESSED   0x00000001   PAD
    0x20000448   COMPRESSED   0x00000011   Data   RW          609    .data               stm32_eval_i2c_ee.o
    0x20000459   COMPRESSED   0x0000002c   Data   RW          687    .data               gprs.o
    0x20000485   COMPRESSED   0x00000001   PAD
    0x20000486   COMPRESSED   0x00000004   Data   RW          707    .data               delay.o
    0x2000048a   COMPRESSED   0x00000014   Data   RW          791    .data               stm32f10x_rcc.o
    0x2000049e   COMPRESSED   0x00000002   PAD
    0x200004a0        -       0x000001cc   Zero   RW          104    .bss                stm32f10x_it.o
    0x2000066c        -       0x0000036c   Zero   RW          240    .bss                main.o
    0x200009d8        -       0x00000018   Zero   RW          472    .bss                sht2x.o
    0x200009f0        -       0x00000020   Zero   RW          490    .bss                lcd.o
    0x20000a10        -       0x0000000a   Zero   RW          521    .bss                rtc.o
    0x20000a1a   COMPRESSED   0x00000002   PAD
    0x20000a1c        -       0x0000002c   Zero   RW          608    .bss                stm32_eval_i2c_ee.o
    0x20000a48        -       0x00000054   Zero   RW          686    .bss                gprs.o
    0x20000a9c        -       0x00000060   Zero   RW         1130    .bss                c_w.l(libspace.o)
    0x20000afc   COMPRESSED   0x00000004   PAD
    0x20000b00        -       0x00000200   Zero   RW          772    HEAP                startup_stm32f10x_hd.o
    0x20000d00        -       0x00000400   Zero   RW          771    STACK               startup_stm32f10x_hd.o


==============================================================================

Image component sizes


      Code (inc. data)   RO Data    RW Data    ZI Data      Debug   Object Name

       440          4          0          0          0       3124   24cxx.o
       332          8          0          0          0       1815   adc.o
       212         18          0          4          0       1003   delay.o
       560         24          0          6          0       2414   dhxx.o
       152          6          0          0          0        726   exti.o
      1224        290          0         44         84       4354   gprs.o
       380         24          0          6          0       1145   key.o
      5986        254        100         25         32      13325   lcd.o
        80          8          0          0          0     216407   led.o
     39072       1774          0        420        876     232753   main.o
       220         22          0          0          0       1769   misc.o
       620         14          0          0          0       1868   myiic.o
        88         14          0          0          0        488   relay.o
       720          8         24          0         10       3136   rtc.o
      1262         16          0          0          0       4197   sd3078.o
      1664         66          0          0         24       6985   sht2x.o
        64         26        304          0       1536        784   startup_stm32f10x_hd.o
      2492        104          0         17         44       5780   stm32_eval_i2c_ee.o
      1102         26          0          0          0      11009   stm32f10x_adc.o
       596          8          0          0          0       4330   stm32f10x_dma.o
       284         10          0          0          0       2223   stm32f10x_exti.o
       860         38          0          0          0       5701   stm32f10x_gpio.o
      1028         16          0          0          0       9191   stm32f10x_i2c.o
      3104        398          0        597        460     239777   stm32f10x_it.o
       932         36          0         20          0       8860   stm32f10x_rcc.o
       328          4          0          0          0       2706   stm32f10x_rtc.o
      3610         88          0          0          0      22808   stm32f10x_tim.o
      1032         22          0          0          0       8424   stm32f10x_usart.o
         0          0          0          0          0         32   sys.o
       480         38          0         20          0      67399   system_stm32f10x.o
       744         74          0         16          0       2438   timer.o
       356         12          0          0          0       3019   usart.o

    ----------------------------------------------------------------------
     70032       3450        462       1184       3068     889990   Object Totals
         0          0         32          0          0          0   (incl. Generated)
         8          0          2          9          2          0   (incl. Padding)

    ----------------------------------------------------------------------

      Code (inc. data)   RO Data    RW Data    ZI Data      Debug   Library Member Name

        90          0          0          0          0          0   __dczerorl2.o
         8          0          0          0          0         68   __main.o
       104          0          0          0          0         84   __printf.o
         0          0          0          0          0          0   __rtentry.o
        12          0          0          0          0          0   __rtentry2.o
         6          0          0          0          0          0   __rtentry4.o
        52          8          0          0          0          0   __scatter.o
        28          0          0          0          0          0   __scatter_zi.o
        44          0          0          0          0        108   _printf_char.o
        48          6          0          0          0         96   _printf_char_common.o
         6          0          0          0          0          0   _printf_d.o
       120         16          0          0          0         92   _printf_dec.o
       178          0          0          0          0         88   _printf_intcommon.o
         0          0          0          0          0          0   _printf_percent.o
         4          0          0          0          0          0   _printf_percent_end.o
         6          0          0          0          0          0   _printf_s.o
        82          0          0          0          0         80   _printf_str.o
        10          0          0          0          0         68   _sputc.o
        18          0          0          0          0         80   exit.o
         6          0          0          0          0        152   heapauxi.o
         2          0          0          0          0          0   libinit.o
         2          0          0          0          0          0   libinit2.o
         2          0          0          0          0          0   libshutdown.o
         2          0          0          0          0          0   libshutdown2.o
         8          4          0          0         96         68   libspace.o
        40          6          0          0          0         84   noretval__2sprintf.o
         2          0          0          0          0          0   rtexit.o
        10          0          0          0          0          0   rtexit2.o
        74          0          0          0          0         80   sys_stackheap_outer.o
         2          0          0          0          0         68   use_no_semi.o
         2          0          0          0          0         68   use_no_semi_2.o
        98          4          0          0          0         92   d2f.o
       804         16          0          0          0        272   daddsub_clz.o
        24          0          0          0          0         68   dcmpi.o
       688        140          0          0          0        208   ddiv.o
        84          0          0          0          0        136   dflt_clz.o
       120          4          0          0          0         92   dleqf.o
       340         12          0          0          0        104   dmul.o
       156          4          0          0          0         92   dnaninf.o
        12          0          0          0          0         68   dretinf.o
       108          0          0          0          0         80   drleqf.o
        86          4          0          0          0         84   f2d.o
       450          8          0          0          0        236   faddsub_clz.o
        24          0          0          0          0         68   fcmpi.o
       388         76          0          0          0         96   fdiv.o
       104          4          0          0          0         84   feqf.o
        54          4          0          0          0         84   ffix.o
        62          4          0          0          0         84   ffixu.o
        86          0          0          0          0        136   fflt_clz.o
       104          4          0          0          0         84   fleqf.o
       258          4          0          0          0         84   fmul.o
       140          4          0          0          0         84   fnaninf.o
        10          0          0          0          0         68   fretinf.o
        98          0          0          0          0         68   frleqf.o
         0          0          0          0          0          0   usenofp.o

    ----------------------------------------------------------------------
      5290        332          0          0        100       3756   Library Totals
        24          0          0          0          4          0   (incl. Padding)

    ----------------------------------------------------------------------

      Code (inc. data)   RO Data    RW Data    ZI Data      Debug   Library Name

       968         40          0          0         96       1284   c_w.l
      4298        292          0          0          0       2472   fz_ws.l

    ----------------------------------------------------------------------
      5290        332          0          0        100       3756   Library Totals

    ----------------------------------------------------------------------

==============================================================================


      Code (inc. data)   RO Data    RW Data    ZI Data      Debug   

     75322       3782        462       1184       3168     888802   Grand Totals
     75322       3782        462        504       3168     888802   ELF Image Totals (compressed)
     75322       3782        462        504          0          0   ROM Totals

==============================================================================

    Total RO  Size (Code + RO Data)                75784 (  74.01kB)
    Total RW  Size (RW Data + ZI Data)              4352 (   4.25kB)
    Total ROM Size (Code + RO Data + RW Data)      76288 (  74.50kB)

==============================================================================

