Component: ARM Compiler 5.06 update 6 (build 750) Tool: armlink [4d35ed]

==============================================================================

Section Cross References

    system_stm32f10x.o(.text) refers to system_stm32f10x.o(.data) for SystemCoreClock
    stm32f10x_it.o(.text) refers to _printf_percent.o(.ARM.Collect$$_printf_percent$$00000000) for _printf_percent
    stm32f10x_it.o(.text) refers to _printf_d.o(.ARM.Collect$$_printf_percent$$00000009) for _printf_d
    stm32f10x_it.o(.text) refers to _printf_dec.o(.text) for _printf_int_dec
    stm32f10x_it.o(.text) refers to _printf_s.o(.ARM.Collect$$_printf_percent$$00000014) for _printf_s
    stm32f10x_it.o(.text) refers to _printf_str.o(.text) for _printf_str
    stm32f10x_it.o(.text) refers to stm32f10x_usart.o(.text) for USART_ReceiveData
    stm32f10x_it.o(.text) refers to stm32f10x_tim.o(.text) for TIM_Cmd
    stm32f10x_it.o(.text) refers to fmul.o(x$fpl$fmul) for __aeabi_fmul
    stm32f10x_it.o(.text) refers to ffix.o(x$fpl$ffix) for __aeabi_f2iz
    stm32f10x_it.o(.text) refers to faddsub_clz.o(x$fpl$fsub) for __aeabi_fsub
    stm32f10x_it.o(.text) refers to stm32f10x_it.o(.data) for auchCRCHi
    stm32f10x_it.o(.text) refers to main.o(.data) for address
    stm32f10x_it.o(.text) refers to stm32f10x_it.o(.bss) for Rcv_Buffer
    stm32f10x_it.o(.text) refers to main.o(.bss) for usart_tx_buff
    stm32f10x_it.o(.text) refers to 24cxx.o(.text) for EEPROM1024Part
    stm32f10x_it.o(.text) refers to stm32f10x_gpio.o(.text) for GPIO_SetBits
    stm32f10x_it.o(.text) refers to gprs.o(.text) for DisConnect
    stm32f10x_it.o(.text) refers to noretval__2sprintf.o(.text) for __2sprintf
    stm32f10x_it.o(.text) refers to gprs.o(.bss) for temp_lala
    stm32f10x_it.o(.text) refers to timer.o(.data) for flag_1s_nnn
    stm32f10x_it.o(.text) refers to gprs.o(.data) for routerSet
    stm32f10x_it.o(.data) refers to stm32f10x_it.o(.bss) for Rcv_Buffer
    main.o(.text) refers to _printf_percent.o(.ARM.Collect$$_printf_percent$$00000000) for _printf_percent
    main.o(.text) refers to _printf_d.o(.ARM.Collect$$_printf_percent$$00000009) for _printf_d
    main.o(.text) refers to _printf_dec.o(.text) for _printf_int_dec
    main.o(.text) refers to 24cxx.o(.text) for EEPROM1024Part
    main.o(.text) refers to delay.o(.text) for delay_ms
    main.o(.text) refers to noretval__2sprintf.o(.text) for __2sprintf
    main.o(.text) refers to main.o(.data) for NumDataRead
    main.o(.text) refers to main.o(.bss) for ParameterRead
    main.o(.text) refers to gprs.o(.bss) for temp_lala
    main.o(.text) refers to stm32f10x_it.o(.data) for flag_ls_set
    main.o(.text) refers to stm32f10x_rcc.o(.text) for RCC_APB2PeriphClockCmd
    main.o(.text) refers to stm32f10x_gpio.o(.text) for GPIO_Init
    main.o(.text) refers to lcd.o(.text) for Clr_Wendu
    main.o(.text) refers to usart.o(.text) for uart2_init
    main.o(.text) refers to fmul.o(x$fpl$fmul) for __aeabi_fmul
    main.o(.text) refers to fleqf.o(x$fpl$fleqf) for __aeabi_cfcmple
    main.o(.text) refers to frleqf.o(x$fpl$frleqf) for __aeabi_cfrcmple
    main.o(.text) refers to fflt_clz.o(x$fpl$fflt) for __aeabi_i2f
    main.o(.text) refers to fdiv.o(x$fpl$fdiv) for __aeabi_fdiv
    main.o(.text) refers to faddsub_clz.o(x$fpl$fadd) for __aeabi_fadd
    main.o(.text) refers to faddsub_clz.o(x$fpl$fsub) for __aeabi_fsub
    main.o(.text) refers to ffix.o(x$fpl$ffix) for __aeabi_f2iz
    main.o(.text) refers to faddsub_clz.o(x$fpl$frsb) for __aeabi_frsub
    main.o(.text) refers to ffixu.o(x$fpl$ffixu) for __aeabi_f2uiz
    main.o(.text) refers to fflt_clz.o(x$fpl$ffltu) for __aeabi_ui2f
    main.o(.text) refers to misc.o(.text) for NVIC_PriorityGroupConfig
    main.o(.text) refers to led.o(.text) for LED_Init
    main.o(.text) refers to key.o(.text) for KEY_Init
    main.o(.text) refers to sd3078.o(.text) for i2cInit
    main.o(.text) refers to adc.o(.text) for Adc_Init
    main.o(.text) refers to exti.o(.text) for EXTIX_Init
    main.o(.text) refers to relay.o(.text) for RelayInit
    main.o(.text) refers to sht2x.o(.text) for SHT2x_Init
    main.o(.text) refers to timer.o(.text) for TIM3_Int_Init
    main.o(.text) refers to gprs.o(.text) for GetRSSI
    main.o(.text) refers to gprs.o(.data) for RssiGrade
    main.o(.text) refers to rtc.o(.text) for RTC_Set
    main.o(.text) refers to dhxx.o(.text) for ReadDHT11
    main.o(.text) refers to dflt_clz.o(x$fpl$dfltu) for __aeabi_ui2d
    main.o(.text) refers to ddiv.o(x$fpl$ddiv) for __aeabi_ddiv
    main.o(.text) refers to daddsub_clz.o(x$fpl$dadd) for __aeabi_dadd
    main.o(.text) refers to d2f.o(x$fpl$d2f) for __aeabi_d2f
    main.o(.text) refers to sht2x.o(.bss) for g_sht2x_param
    main.o(.text) refers to dhxx.o(.data) for tdata
    main.o(.text) refers to feqf.o(x$fpl$feqf) for __aeabi_cfcmpeq
    main.o(.text) refers to dflt_clz.o(x$fpl$dflt) for __aeabi_i2d
    main.o(.text) refers to f2d.o(x$fpl$f2d) for __aeabi_f2d
[...]
    Clr_Wendu2                               0x0800c029   Thumb Code    24  lcd.o(.text)
    Clr_Wendu1                               0x0800c041   Thumb Code    24  lcd.o(.text)
    Display_Wendu                            0x0800c059   Thumb Code   424  lcd.o(.text)
    Clr_Shidu                                0x0800c201   Thumb Code    14  lcd.o(.text)
    Display_Shidu                            0x0800c20f   Thumb Code   112  lcd.o(.text)
    Clr_Wendu                                0x0800c27f   Thumb Code    14  lcd.o(.text)
    Clr_Others                               0x0800c28d   Thumb Code    14  lcd.o(.text)
    DisplayOthers                            0x0800c29b   Thumb Code    76  lcd.o(.text)
    SetTimeParameters                        0x0800c2e7   Thumb Code    58  lcd.o(.text)
    OnlyDisplayTime                          0x0800c321   Thumb Code   402  lcd.o(.text)
    DisplayTime                              0x0800c4b3   Thumb Code  2002  lcd.o(.text)
    DisplayRssi                              0x0800cc85   Thumb Code   172  lcd.o(.text)
    RTC_Init                                 0x0800cd51   Thumb Code     2  rtc.o(.text)
    RTC_Get                                  0x0800cd53   Thumb Code   262  rtc.o(.text)
    RTC_IRQHandler                           0x0800ce59   Thumb Code    40  rtc.o(.text)
    Is_Leap_Year                             0x0800ce81   Thumb Code    58  rtc.o(.text)
    RTC_Set                                  0x0800cebb   Thumb Code   202  rtc.o(.text)
    RTC_Get_Week                             0x0800cf85   Thumb Code   116  rtc.o(.text)
    RelayInit                                0x0800d001   Thumb Code    74  relay.o(.text)
    DHT_PortIN                               0x0800d059   Thumb Code    30  dhxx.o(.text)
    DHT_PortOUT                              0x0800d077   Thumb Code    30  dhxx.o(.text)
    StartDHT11                               0x0800d095   Thumb Code    76  dhxx.o(.text)
    StartDHT21                               0x0800d0e1   Thumb Code    76  dhxx.o(.text)
    com                                      0x0800d12d   Thumb Code   108  dhxx.o(.text)
    ReadDHT11                                0x0800d199   Thumb Code   108  dhxx.o(.text)
    ReadDHT21                                0x0800d205   Thumb Code   108  dhxx.o(.text)
    sEE_LowLevel_DeInit                      0x0800d289   Thumb Code   142  stm32_eval_i2c_ee.o(.text)
    sEE_DeInit                               0x0800d317   Thumb Code     8  stm32_eval_i2c_ee.o(.text)
    sEE_LowLevel_Init                        0x0800d31f   Thumb Code   218  stm32_eval_i2c_ee.o(.text)
    sEE_Init                                 0x0800d3f9   Thumb Code    78  stm32_eval_i2c_ee.o(.text)
    sEE_LowLevel_DMAConfig                   0x0800d447   Thumb Code    56  stm32_eval_i2c_ee.o(.text)
    sEE_TIMEOUT_UserCallback                 0x0800d47f   Thumb Code     4  stm32_eval_i2c_ee.o(.text)
    sEE_ExitCriticalSection_UserCallback     0x0800d483   Thumb Code     4  stm32_eval_i2c_ee.o(.text)
    sEE_EnterCriticalSection_UserCallback    0x0800d487   Thumb Code     4  stm32_eval_i2c_ee.o(.text)
    sEE_ReadBuffer                           0x0800d48b   Thumb Code   592  stm32_eval_i2c_ee.o(.text)
    sEE_WritePage                            0x0800d6db   Thumb Code   280  stm32_eval_i2c_ee.o(.text)
    sEE_WaitEepromStandbyState               0x0800d7f3   Thumb Code   212  stm32_eval_i2c_ee.o(.text)
    sEE_WriteBuffer                          0x0800d8c7   Thumb Code   722  stm32_eval_i2c_ee.o(.text)
    DMA1_Channel6_IRQHandler                 0x0800db99   Thumb Code    96  stm32_eval_i2c_ee.o(.text)
    DMA1_Channel7_IRQHandler                 0x0800dbf9   Thumb Code    48  stm32_eval_i2c_ee.o(.text)
    AT24CXX_Init                             0x0800dc45   Thumb Code     8  24cxx.o(.text)
    AT24CXX_ReadOneByte                      0x0800dc4d   Thumb Code   114  24cxx.o(.text)
    AT24CXX_WriteOneByte                     0x0800dcbf   Thumb Code    84  24cxx.o(.text)
    AT24CXX_WriteLenByte                     0x0800dd13   Thumb Code    42  24cxx.o(.text)
    AT24CXX_ReadLenByte                      0x0800dd3d   Thumb Code    44  24cxx.o(.text)
    AT24CXX_Check                            0x0800dd69   Thumb Code    52  24cxx.o(.text)
    AT24CXX_Read                             0x0800dd9d   Thumb Code    34  24cxx.o(.text)
    AT24CXX_Write                            0x0800ddbf   Thumb Code    36  24cxx.o(.text)
    EEPROM1024Part                           0x0800dde3   Thumb Code    22  24cxx.o(.text)
    IIC_Init                                 0x0800ddfd   Thumb Code    50  myiic.o(.text)
    IIC_Start                                0x0800de2f   Thumb Code    72  myiic.o(.text)
    IIC_Stop                                 0x0800de77   Thumb Code    74  myiic.o(.text)
    IIC_Wait_Ack                             0x0800dec1   Thumb Code    84  myiic.o(.text)
    IIC_Ack                                  0x0800df15   Thumb Code    70  myiic.o(.text)
    IIC_NAck                                 0x0800df5b   Thumb Code    68  myiic.o(.text)
    IIC_Send_Byte                            0x0800df9f   Thumb Code    90  myiic.o(.text)
    IIC_Read_Byte                            0x0800dff9   Thumb Code    98  myiic.o(.text)
    EXTIX_Init                               0x0800e069   Thumb Code   114  exti.o(.text)
    EXTI15_10_IRQHandler                     0x0800e0db   Thumb Code    32  exti.o(.text)
    i2cInit                                  0x0800e101   Thumb Code   120  sd3078.o(.text)
    i2cStart                                 0x0800e179   Thumb Code    74  sd3078.o(.text)
    i2cStop                                  0x0800e1c3   Thumb Code    74  sd3078.o(.text)
    i2cWaitAck                               0x0800e20d   Thumb Code   100  sd3078.o(.text)
    i2cAck                                   0x0800e271   Thumb Code    76  sd3078.o(.text)
    i2cNoAck                                 0x0800e2bd   Thumb Code    76  sd3078.o(.text)
    i2cSendByte                              0x0800e309   Thumb Code   114  sd3078.o(.text)
    i2cReadByte                              0x0800e37b   Thumb Code   106  sd3078.o(.text)
    i2cWriteBytes                            0x0800e3e5   Thumb Code    92  sd3078.o(.text)
    i2cReadBytes                             0x0800e441   Thumb Code   112  sd3078.o(.text)
    WriteOn                                  0x0800e4b1   Thumb Code    96  sd3078.o(.text)
    WriteOff                                 0x0800e511   Thumb Code    80  sd3078.o(.text)
    read_time_from_sd30xx                    0x0800e561   Thumb Code    70  sd3078.o(.text)
    write_time_to_sd30xx                     0x0800e5a7   Thumb Code    72  sd3078.o(.text)
    Send_Str                                 0x0800e5f1   Thumb Code    38  gprs.o(.text)
    Compare_str                              0x0800e617   Thumb Code    78  gprs.o(.text)
    CleanRXBUF                               0x0800e665   Thumb Code    20  gprs.o(.text)
    Send_AT                                  0x0800e679   Thumb Code   108  gprs.o(.text)
    Connect                                  0x0800e6e5   Thumb Code    44  gprs.o(.text)
    DisConnect                               0x0800e711   Thumb Code    44  gprs.o(.text)
    usart_send_char                          0x0800e73d   Thumb Code    28  gprs.o(.text)
    usart_report                             0x0800e759   Thumb Code    42  gprs.o(.text)
    GetRSSI                                  0x0800e783   Thumb Code   158  gprs.o(.text)
    Nb_Connect                               0x0800e821   Thumb Code    36  gprs.o(.text)
    Nb_DisConnect                            0x0800e845   Thumb Code    12  gprs.o(.text)
    Nb_SendData                              0x0800e851   Thumb Code   210  gprs.o(.text)
    Wifi_Setrouter                           0x0800e923   Thumb Code    20  gprs.o(.text)
    Wifi_Connect                             0x0800e937   Thumb Code    52  gprs.o(.text)
    Wifi_DisConnect                          0x0800e96b   Thumb Code    44  gprs.o(.text)
    delay_init                               0x0800eab9   Thumb Code    50  delay.o(.text)
    delay_us                                 0x0800eaeb   Thumb Code    72  delay.o(.text)
    delay_ms                                 0x0800eb33   Thumb Code    72  delay.o(.text)
    _sys_exit                                0x0800eb8d   Thumb Code     6  usart.o(.text)
    fputc                                    0x0800eb93   Thumb Code    24  usart.o(.text)
    uart2_init                               0x0800ebab   Thumb Code   164  usart.o(.text)
    uart1_init                               0x0800ec4f   Thumb Code   150  usart.o(.text)
    Reset_Handler                            0x0800ecf1   Thumb Code     8  startup_stm32f10x_hd.o(.text)
    ADC1_2_IRQHandler                        0x0800ed0b   Thumb Code     0  startup_stm32f10x_hd.o(.text)
    ADC3_IRQHandler                          0x0800ed0b   Thumb Code     0  startup_stm32f10x_hd.o(.text)
    CAN1_RX1_IRQHandler                      0x0800ed0b   Thumb Code     0  startup_stm32f10x_hd.o(.text)
    CAN1_SCE_IRQHandler                      0x0800ed0b   Thumb Code     0  startup_stm32f10x_hd.o(.text)
    DMA1_Channel1_IRQHandler                 0x0800ed0b   Thumb Code     0  startup_stm32f10x_hd.o(.text)
    DMA1_Channel2_IRQHandler                 0x0800ed0b   Thumb Code     0  startup_stm32f10x_hd.o(.text)
    DMA1_Channel3_IRQHandler                 0x0800ed0b   Thumb Code     0  startup_stm32f10x_hd.o(.text)
    DMA1_Channel4_IRQHandler                 0x0800ed0b   Thumb Code     0  startup_stm32f10x_hd.o(.text)
    DMA1_Channel5_IRQHandler                 0x0800ed0b   Thumb Code     0  startup_stm32f10x_hd.o(.text)
    DMA2_Channel1_IRQHandler                 0x0800ed0b   Thumb Code     0  startup_stm32f10x_hd.o(.text)
    DMA2_Channel2_IRQHandler                 0x0800ed0b   Thumb Code     0  startup_stm32f10x_hd.o(.text)
    DMA2_Channel3_IRQHandler                 0x0800ed0b   Thumb Code     0  startup_stm32f10x_hd.o(.text)
    DMA2_Channel4_5_IRQHandler               0x0800ed0b   Thumb Code     0  startup_stm32f10x_hd.o(.text)
    EXTI0_IRQHandler                         0x0800ed0b   Thumb Code     0  startup_stm32f10x_hd.o(.text)
    EXTI1_IRQHandler                         0x0800ed0b   Thumb Code     0  startup_stm32f10x_hd.o(.text)
    EXTI2_IRQHandler                         0x0800ed0b   Thumb Code     0  startup_stm32f10x_hd.o(.text)
    EXTI3_IRQHandler                         0x0800ed0b   Thumb Code     0  startup_stm32f10x_hd.o(.text)
    EXTI4_IRQHandler                         0x0800ed0b   Thumb Code     0  startup_stm32f10x_hd.o(.text)
    EXTI9_5_IRQHandler                       0x0800ed0b   Thumb Code     0  startup_stm32f10x_hd.o(.text)
    FLASH_IRQHandler                         0x0800ed0b   Thumb Code     0  startup_stm32f10x_hd.o(.text)
    FSMC_IRQHandler                          0x0800ed0b   Thumb Code     0  startup_stm32f10x_hd.o(.text)
    I2C1_ER_IRQHandler                       0x0800ed0b   Thumb Code     0  startup_stm32f10x_hd.o(.text)
    I2C1_EV_IRQHandler                       0x0800ed0b   Thumb Code     0  startup_stm32f10x_hd.o(.text)
    I2C2_ER_IRQHandler                       0x0800ed0b   Thumb Code     0  startup_stm32f10x_hd.o(.text)
    I2C2_EV_IRQHandler                       0x0800ed0b   Thumb Code     0  startup_stm32f10x_hd.o(.text)
    PVD_IRQHandler                           0x0800ed0b   Thumb Code     0  startup_stm32f10x_hd.o(.text)
    RCC_IRQHandler                           0x0800ed0b   Thumb Code     0  startup_stm32f10x_hd.o(.text)
    RTCAlarm_IRQHandler                      0x0800ed0b   Thumb Code     0  startup_stm32f10x_hd.o(.text)
    SDIO_IRQHandler                          0x0800ed0b   Thumb Code     0  startup_stm32f10x_hd.o(.text)
    SPI1_IRQHandler                          0x0800ed0b   Thumb Code     0  startup_stm32f10x_hd.o(.text)
    SPI2_IRQHandler                          0x0800ed0b   Thumb Code     0  startup_stm32f10x_hd.o(.text)
    SPI3_IRQHandler                          0x0800ed0b   Thumb Code     0  startup_stm32f10x_hd.o(.text)
    TAMPER_IRQHandler                        0x0800ed0b   Thumb Code     0  startup_stm32f10x_hd.o(.text)
    TIM1_BRK_IRQHandler                      0x0800ed0b   Thumb Code     0  startup_stm32f10x_hd.o(.text)
    TIM1_CC_IRQHandler                       0x0800ed0b   Thumb Code     0  startup_stm32f10x_hd.o(.text)
    TIM1_TRG_COM_IRQHandler                  0x0800ed0b   Thumb Code     0  startup_stm32f10x_hd.o(.text)
    TIM1_UP_IRQHandler                       0x0800ed0b   Thumb Code     0  startup_stm32f10x_hd.o(.text)
    TIM6_IRQHandler                          0x0800ed0b   Thumb Code     0  startup_stm32f10x_hd.o(.text)
    TIM7_IRQHandler                          0x0800ed0b   Thumb Code     0  startup_stm32f10x_hd.o(.text)
    TIM8_BRK_IRQHandler                      0x0800ed0b   Thumb Code     0  startup_stm32f10x_hd.o(.text)
    TIM8_CC_IRQHandler                       0x0800ed0b   Thumb Code     0  startup_stm32f10x_hd.o(.text)
    TIM8_TRG_COM_IRQHandler                  0x0800ed0b   Thumb Code     0  startup_stm32f10x_hd.o(.text)
    TIM8_UP_IRQHandler                       0x0800ed0b   Thumb Code     0  startup_stm32f10x_hd.o(.text)
    UART4_IRQHandler                         0x0800ed0b   Thumb Code     0  startup_stm32f10x_hd.o(.text)
    UART5_IRQHandler                         0x0800ed0b   Thumb Code     0  startup_stm32f10x_hd.o(.text)
    USART3_IRQHandler                        0x0800ed0b   Thumb Code     0  startup_stm32f10x_hd.o(.text)
    USBWakeUp_IRQHandler                     0x0800ed0b   Thumb Code     0  startup_stm32f10x_hd.o(.text)
    USB_HP_CAN1_TX_IRQHandler                0x0800ed0b   Thumb Code     0  startup_stm32f10x_hd.o(.text)
    USB_LP_CAN1_RX0_IRQHandler               0x0800ed0b   Thumb Code     0  startup_stm32f10x_hd.o(.text)
    WWDG_IRQHandler                          0x0800ed0b   Thumb Code     0  startup_stm32f10x_hd.o(.text)
    __user_initial_stackheap                 0x0800ed0d   Thumb Code     0  startup_stm32f10x_hd.o(.text)
    GPIO_DeInit                              0x0800ed31   Thumb Code   172  stm32f10x_gpio.o(.text)
    GPIO_AFIODeInit                          0x0800eddd   Thumb Code    20  stm32f10x_gpio.o(.text)
    GPIO_Init                                0x0800edf1   Thumb Code   278  stm32f10x_gpio.o(.text)
    GPIO_StructInit                          0x0800ef07   Thumb Code    16  stm32f10x_gpio.o(.text)
    GPIO_ReadInputDataBit                    0x0800ef17   Thumb Code    18  stm32f10x_gpio.o(.text)
    GPIO_ReadInputData                       0x0800ef29   Thumb Code     8  stm32f10x_gpio.o(.text)
    GPIO_ReadOutputDataBit                   0x0800ef31   Thumb Code    18  stm32f10x_gpio.o(.text)
    GPIO_ReadOutputData                      0x0800ef43   Thumb Code     8  stm32f10x_gpio.o(.text)
    GPIO_SetBits                             0x0800ef4b   Thumb Code     4  stm32f10x_gpio.o(.text)
    GPIO_ResetBits                           0x0800ef4f   Thumb Code     4  stm32f10x_gpio.o(.text)
    GPIO_WriteBit                            0x0800ef53   Thumb Code    10  stm32f10x_gpio.o(.text)
    GPIO_Write                               0x0800ef5d   Thumb Code     4  stm32f10x_gpio.o(.text)
    GPIO_PinLockConfig                       0x0800ef61   Thumb Code    18  stm32f10x_gpio.o(.text)
    GPIO_EventOutputConfig                   0x0800ef73   Thumb Code    26  stm32f10x_gpio.o(.text)
    GPIO_EventOutputCmd                      0x0800ef8d   Thumb Code     6  stm32f10x_gpio.o(.text)
    GPIO_PinRemapConfig                      0x0800ef93   Thumb Code   138  stm32f10x_gpio.o(.text)
    GPIO_EXTILineConfig                      0x0800f01d   Thumb Code    66  stm32f10x_gpio.o(.text)
    GPIO_ETH_MediaInterfaceConfig            0x0800f05f   Thumb Code     8  stm32f10x_gpio.o(.text)
    RCC_DeInit                               0x0800f08d   Thumb Code    64  stm32f10x_rcc.o(.text)
    RCC_HSEConfig                            0x0800f0cd   Thumb Code    70  stm32f10x_rcc.o(.text)
    RCC_GetFlagStatus                        0x0800f113   Thumb Code    56  stm32f10x_rcc.o(.text)
    RCC_WaitForHSEStartUp                    0x0800f14b   Thumb Code    56  stm32f10x_rcc.o(.text)
    RCC_AdjustHSICalibrationValue            0x0800f183   Thumb Code    20  stm32f10x_rcc.o(.text)
    RCC_HSICmd                               0x0800f197   Thumb Code     6  stm32f10x_rcc.o(.text)
    RCC_PLLConfig                            0x0800f19d   Thumb Code    24  stm32f10x_rcc.o(.text)
    RCC_PLLCmd                               0x0800f1b5   Thumb Code     6  stm32f10x_rcc.o(.text)
    RCC_SYSCLKConfig                         0x0800f1bb   Thumb Code    18  stm32f10x_rcc.o(.text)
    RCC_GetSYSCLKSource                      0x0800f1cd   Thumb Code    10  stm32f10x_rcc.o(.text)
    RCC_HCLKConfig                           0x0800f1d7   Thumb Code    18  stm32f10x_rcc.o(.text)
    RCC_PCLK1Config                          0x0800f1e9   Thumb Code    18  stm32f10x_rcc.o(.text)
    RCC_PCLK2Config                          0x0800f1fb   Thumb Code    20  stm32f10x_rcc.o(.text)
    RCC_ITConfig                             0x0800f20f   Thumb Code    26  stm32f10x_rcc.o(.text)
    RCC_USBCLKConfig                         0x0800f229   Thumb Code     8  stm32f10x_rcc.o(.text)
    RCC_ADCCLKConfig                         0x0800f231   Thumb Code    18  stm32f10x_rcc.o(.text)
    RCC_LSEConfig                            0x0800f243   Thumb Code    50  stm32f10x_rcc.o(.text)
    RCC_LSICmd                               0x0800f275   Thumb Code     6  stm32f10x_rcc.o(.text)
    RCC_RTCCLKConfig                         0x0800f27b   Thumb Code    12  stm32f10x_rcc.o(.text)
    RCC_RTCCLKCmd                            0x0800f287   Thumb Code     8  stm32f10x_rcc.o(.text)
    RCC_GetClocksFreq                        0x0800f28f   Thumb Code   192  stm32f10x_rcc.o(.text)
    RCC_AHBPeriphClockCmd                    0x0800f34f   Thumb Code    26  stm32f10x_rcc.o(.text)
    RCC_APB2PeriphClockCmd                   0x0800f369   Thumb Code    26  stm32f10x_rcc.o(.text)
    RCC_APB1PeriphClockCmd                   0x0800f383   Thumb Code    26  stm32f10x_rcc.o(.text)
    RCC_APB2PeriphResetCmd                   0x0800f39d   Thumb Code    26  stm32f10x_rcc.o(.text)
    RCC_APB1PeriphResetCmd                   0x0800f3b7   Thumb Code    26  stm32f10x_rcc.o(.text)
    RCC_BackupResetCmd                       0x0800f3d1   Thumb Code     8  stm32f10x_rcc.o(.text)
    RCC_ClockSecuritySystemCmd               0x0800f3d9   Thumb Code     6  stm32f10x_rcc.o(.text)
    RCC_MCOConfig                            0x0800f3df   Thumb Code     6  stm32f10x_rcc.o(.text)
    RCC_ClearFlag                            0x0800f3e5   Thumb Code    14  stm32f10x_rcc.o(.text)
    RCC_GetITStatus                          0x0800f3f3   Thumb Code    20  stm32f10x_rcc.o(.text)
    RCC_ClearITPendingBit                    0x0800f407   Thumb Code     6  stm32f10x_rcc.o(.text)
    USART_DeInit                             0x0800f431   Thumb Code   134  stm32f10x_usart.o(.text)
    USART_Init                               0x0800f4b7   Thumb Code   210  stm32f10x_usart.o(.text)
    USART_StructInit                         0x0800f589   Thumb Code    24  stm32f10x_usart.o(.text)
    USART_ClockInit                          0x0800f5a1   Thumb Code    34  stm32f10x_usart.o(.text)
    USART_ClockStructInit                    0x0800f5c3   Thumb Code    12  stm32f10x_usart.o(.text)
    USART_Cmd                                0x0800f5cf   Thumb Code    24  stm32f10x_usart.o(.text)
    USART_ITConfig                           0x0800f5e7   Thumb Code    74  stm32f10x_usart.o(.text)
    USART_DMACmd                             0x0800f631   Thumb Code    18  stm32f10x_usart.o(.text)
    USART_SetAddress                         0x0800f643   Thumb Code    18  stm32f10x_usart.o(.text)
    USART_WakeUpConfig                       0x0800f655   Thumb Code    18  stm32f10x_usart.o(.text)
    USART_ReceiverWakeUpCmd                  0x0800f667   Thumb Code    24  stm32f10x_usart.o(.text)
    USART_LINBreakDetectLengthConfig         0x0800f67f   Thumb Code    18  stm32f10x_usart.o(.text)
    USART_LINCmd                             0x0800f691   Thumb Code    24  stm32f10x_usart.o(.text)
    USART_SendData                           0x0800f6a9   Thumb Code     8  stm32f10x_usart.o(.text)
    USART_ReceiveData                        0x0800f6b1   Thumb Code    10  stm32f10x_usart.o(.text)
    USART_SendBreak                          0x0800f6bb   Thumb Code    10  stm32f10x_usart.o(.text)
    USART_SetGuardTime                       0x0800f6c5   Thumb Code    16  stm32f10x_usart.o(.text)
    USART_SetPrescaler                       0x0800f6d5   Thumb Code    16  stm32f10x_usart.o(.text)
    USART_SmartCardCmd                       0x0800f6e5   Thumb Code    24  stm32f10x_usart.o(.text)
    USART_SmartCardNACKCmd                   0x0800f6fd   Thumb Code    24  stm32f10x_usart.o(.text)
    USART_HalfDuplexCmd                      0x0800f715   Thumb Code    24  stm32f10x_usart.o(.text)
    USART_OverSampling8Cmd                   0x0800f72d   Thumb Code    22  stm32f10x_usart.o(.text)
    USART_OneBitMethodCmd                    0x0800f743   Thumb Code    24  stm32f10x_usart.o(.text)
    USART_IrDAConfig                         0x0800f75b   Thumb Code    18  stm32f10x_usart.o(.text)
    USART_IrDACmd                            0x0800f76d   Thumb Code    24  stm32f10x_usart.o(.text)
    USART_GetFlagStatus                      0x0800f785   Thumb Code    26  stm32f10x_usart.o(.text)
    USART_ClearFlag                          0x0800f79f   Thumb Code    18  stm32f10x_usart.o(.text)
    USART_GetITStatus                        0x0800f7b1   Thumb Code    84  stm32f10x_usart.o(.text)
    USART_ClearITPendingBit                  0x0800f805   Thumb Code    52  stm32f10x_usart.o(.text)
    NVIC_PriorityGroupConfig                 0x0800f839   Thumb Code    10  misc.o(.text)
    NVIC_Init                                0x0800f843   Thumb Code   100  misc.o(.text)
    NVIC_SetVectorTable                      0x0800f8a7   Thumb Code    14  misc.o(.text)
    NVIC_SystemLPConfig                      0x0800f8b5   Thumb Code    34  misc.o(.text)
    SysTick_CLKSourceConfig                  0x0800f8d7   Thumb Code    40  misc.o(.text)
    TIM_DeInit                               0x0800f915   Thumb Code   424  stm32f10x_tim.o(.text)
    TIM_TimeBaseInit                         0x0800fabd   Thumb Code   122  stm32f10x_tim.o(.text)
    TIM_OC1Init                              0x0800fb37   Thumb Code   132  stm32f10x_tim.o(.text)
    TIM_OC2Init                              0x0800fbbb   Thumb Code   154  stm32f10x_tim.o(.text)
    TIM_OC3Init                              0x0800fc55   Thumb Code   150  stm32f10x_tim.o(.text)
    TIM_OC4Init                              0x0800fceb   Thumb Code   182  stm32f10x_tim.o(.text)
    TIM_SetIC4Prescaler                      0x0800fda1   Thumb Code    26  stm32f10x_tim.o(.text)
    TIM_SetIC3Prescaler                      0x0800fe3d   Thumb Code    18  stm32f10x_tim.o(.text)
    TIM_SetIC2Prescaler                      0x0800fec9   Thumb Code    26  stm32f10x_tim.o(.text)
    TIM_SetIC1Prescaler                      0x0800ff65   Thumb Code    18  stm32f10x_tim.o(.text)
    TIM_ICInit                               0x0800ffe3   Thumb Code   150  stm32f10x_tim.o(.text)
    TIM_PWMIConfig                           0x08010079   Thumb Code   124  stm32f10x_tim.o(.text)
    TIM_BDTRConfig                           0x080100f5   Thumb Code    32  stm32f10x_tim.o(.text)
    TIM_TimeBaseStructInit                   0x08010115   Thumb Code    18  stm32f10x_tim.o(.text)
    TIM_OCStructInit                         0x08010127   Thumb Code    20  stm32f10x_tim.o(.text)
    TIM_ICStructInit                         0x0801013b   Thumb Code    18  stm32f10x_tim.o(.text)
    TIM_BDTRStructInit                       0x0801014d   Thumb Code    40  stm32f10x_tim.o(.text)
    TIM_Cmd                                  0x08010175   Thumb Code    24  stm32f10x_tim.o(.text)
    TIM_CtrlPWMOutputs                       0x0801018d   Thumb Code    30  stm32f10x_tim.o(.text)
    TIM_ITConfig                             0x080101ab   Thumb Code    18  stm32f10x_tim.o(.text)
    TIM_GenerateEvent                        0x080101bd   Thumb Code     4  stm32f10x_tim.o(.text)
    TIM_DMAConfig                            0x080101c1   Thumb Code    10  stm32f10x_tim.o(.text)
    TIM_DMACmd                               0x080101cb   Thumb Code    18  stm32f10x_tim.o(.text)
    TIM_InternalClockConfig                  0x080101dd   Thumb Code    12  stm32f10x_tim.o(.text)
    TIM_SelectInputTrigger                   0x080101e9   Thumb Code    18  stm32f10x_tim.o(.text)
    TIM_ITRxExternalClockConfig              0x080101fb   Thumb Code    24  stm32f10x_tim.o(.text)
    TIM_TIxExternalClockConfig               0x08010213   Thumb Code    62  stm32f10x_tim.o(.text)
    TIM_ETRConfig                            0x08010251   Thumb Code    28  stm32f10x_tim.o(.text)
    TIM_ETRClockMode1Config                  0x0801026d   Thumb Code    54  stm32f10x_tim.o(.text)
    TIM_ETRClockMode2Config                  0x080102a3   Thumb Code    32  stm32f10x_tim.o(.text)
    TIM_PrescalerConfig                      0x080102c3   Thumb Code     6  stm32f10x_tim.o(.text)
    TIM_CounterModeConfig                    0x080102c9   Thumb Code    18  stm32f10x_tim.o(.text)
    TIM_EncoderInterfaceConfig               0x080102db   Thumb Code    66  stm32f10x_tim.o(.text)
    TIM_ForcedOC1Config                      0x0801031d   Thumb Code    18  stm32f10x_tim.o(.text)
    TIM_ForcedOC2Config                      0x0801032f   Thumb Code    26  stm32f10x_tim.o(.text)
    TIM_ForcedOC3Config                      0x08010349   Thumb Code    18  stm32f10x_tim.o(.text)
    TIM_ForcedOC4Config                      0x0801035b   Thumb Code    26  stm32f10x_tim.o(.text)
    TIM_ARRPreloadConfig                     0x08010375   Thumb Code    24  stm32f10x_tim.o(.text)
    TIM_SelectCOM                            0x0801038d   Thumb Code    24  stm32f10x_tim.o(.text)
    TIM_SelectCCDMA                          0x080103a5   Thumb Code    24  stm32f10x_tim.o(.text)
    TIM_CCPreloadControl                     0x080103bd   Thumb Code    24  stm32f10x_tim.o(.text)
    TIM_OC1PreloadConfig                     0x080103d5   Thumb Code    18  stm32f10x_tim.o(.text)
    TIM_OC2PreloadConfig                     0x080103e7   Thumb Code    26  stm32f10x_tim.o(.text)
    TIM_OC3PreloadConfig                     0x08010401   Thumb Code    18  stm32f10x_tim.o(.text)
    TIM_OC4PreloadConfig                     0x08010413   Thumb Code    26  stm32f10x_tim.o(.text)
    TIM_OC1FastConfig                        0x0801042d   Thumb Code    18  stm32f10x_tim.o(.text)
    TIM_OC2FastConfig                        0x0801043f   Thumb Code    26  stm32f10x_tim.o(.text)
    TIM_OC3FastConfig                        0x08010459   Thumb Code    18  stm32f10x_tim.o(.text)
    TIM_OC4FastConfig                        0x0801046b   Thumb Code    26  stm32f10x_tim.o(.text)
    TIM_ClearOC1Ref                          0x08010485   Thumb Code    18  stm32f10x_tim.o(.text)
    TIM_ClearOC2Ref                          0x08010497   Thumb Code    24  stm32f10x_tim.o(.text)
    TIM_ClearOC3Ref                          0x080104af   Thumb Code    18  stm32f10x_tim.o(.text)
    TIM_ClearOC4Ref                          0x080104c1   Thumb Code    24  stm32f10x_tim.o(.text)
    TIM_OC1PolarityConfig                    0x080104d9   Thumb Code    18  stm32f10x_tim.o(.text)
    TIM_OC1NPolarityConfig                   0x080104eb   Thumb Code    18  stm32f10x_tim.o(.text)
    TIM_OC2PolarityConfig                    0x080104fd   Thumb Code    26  stm32f10x_tim.o(.text)
    TIM_OC2NPolarityConfig                   0x08010517   Thumb Code    26  stm32f10x_tim.o(.text)
    TIM_OC3PolarityConfig                    0x08010531   Thumb Code    26  stm32f10x_tim.o(.text)
    TIM_OC3NPolarityConfig                   0x0801054b   Thumb Code    26  stm32f10x_tim.o(.text)
    TIM_OC4PolarityConfig                    0x08010565   Thumb Code    26  stm32f10x_tim.o(.text)
    TIM_CCxCmd                               0x0801057f   Thumb Code    30  stm32f10x_tim.o(.text)
    TIM_CCxNCmd                              0x0801059d   Thumb Code    30  stm32f10x_tim.o(.text)
    TIM_SelectOCxM                           0x080105bb   Thumb Code    82  stm32f10x_tim.o(.text)
    TIM_UpdateDisableConfig                  0x0801060d   Thumb Code    24  stm32f10x_tim.o(.text)
    TIM_UpdateRequestConfig                  0x08010625   Thumb Code    24  stm32f10x_tim.o(.text)
    TIM_SelectHallSensor                     0x0801063d   Thumb Code    24  stm32f10x_tim.o(.text)
    TIM_SelectOnePulseMode                   0x08010655   Thumb Code    18  stm32f10x_tim.o(.text)
    TIM_SelectOutputTrigger                  0x08010667   Thumb Code    18  stm32f10x_tim.o(.text)
    TIM_SelectSlaveMode                      0x08010679   Thumb Code    18  stm32f10x_tim.o(.text)
    TIM_SelectMasterSlaveMode                0x0801068b   Thumb Code    18  stm32f10x_tim.o(.text)
    TIM_SetCounter                           0x0801069d   Thumb Code     4  stm32f10x_tim.o(.text)
    TIM_SetAutoreload                        0x080106a1   Thumb Code     4  stm32f10x_tim.o(.text)
    TIM_SetCompare1                          0x080106a5   Thumb Code     4  stm32f10x_tim.o(.text)
    TIM_SetCompare2                          0x080106a9   Thumb Code     4  stm32f10x_tim.o(.text)
    TIM_SetCompare3                          0x080106ad   Thumb Code     4  stm32f10x_tim.o(.text)
    TIM_SetCompare4                          0x080106b1   Thumb Code     6  stm32f10x_tim.o(.text)
    TIM_SetClockDivision                     0x080106b7   Thumb Code    18  stm32f10x_tim.o(.text)
    TIM_GetCapture1                          0x080106c9   Thumb Code     6  stm32f10x_tim.o(.text)
    TIM_GetCapture2                          0x080106cf   Thumb Code     6  stm32f10x_tim.o(.text)
    TIM_GetCapture3                          0x080106d5   Thumb Code     6  stm32f10x_tim.o(.text)
    TIM_GetCapture4                          0x080106db   Thumb Code     8  stm32f10x_tim.o(.text)
    TIM_GetCounter                           0x080106e3   Thumb Code     6  stm32f10x_tim.o(.text)
    TIM_GetPrescaler                         0x080106e9   Thumb Code     6  stm32f10x_tim.o(.text)
    TIM_GetFlagStatus                        0x080106ef   Thumb Code    18  stm32f10x_tim.o(.text)
    TIM_ClearFlag                            0x08010701   Thumb Code     6  stm32f10x_tim.o(.text)
    TIM_GetITStatus                          0x08010707   Thumb Code    34  stm32f10x_tim.o(.text)
    TIM_ClearITPendingBit                    0x08010729   Thumb Code     6  stm32f10x_tim.o(.text)
    ADC_DeInit                               0x08010731   Thumb Code    78  stm32f10x_adc.o(.text)
    ADC_Init                                 0x0801077f   Thumb Code    70  stm32f10x_adc.o(.text)
    ADC_StructInit                           0x080107c5   Thumb Code    18  stm32f10x_adc.o(.text)
    ADC_Cmd                                  0x080107d7   Thumb Code    22  stm32f10x_adc.o(.text)
    ADC_DMACmd                               0x080107ed   Thumb Code    22  stm32f10x_adc.o(.text)
    ADC_ITConfig                             0x08010803   Thumb Code    24  stm32f10x_adc.o(.text)
    ADC_ResetCalibration                     0x0801081b   Thumb Code    10  stm32f10x_adc.o(.text)
    ADC_GetResetCalibrationStatus            0x08010825   Thumb Code    20  stm32f10x_adc.o(.text)
    ADC_StartCalibration                     0x08010839   Thumb Code    10  stm32f10x_adc.o(.text)
    ADC_GetCalibrationStatus                 0x08010843   Thumb Code    20  stm32f10x_adc.o(.text)
    ADC_SoftwareStartConvCmd                 0x08010857   Thumb Code    22  stm32f10x_adc.o(.text)
    ADC_GetSoftwareStartConvStatus           0x0801086d   Thumb Code    20  stm32f10x_adc.o(.text)
    ADC_DiscModeChannelCountConfig           0x08010881   Thumb Code    24  stm32f10x_adc.o(.text)
    ADC_DiscModeCmd                          0x08010899   Thumb Code    22  stm32f10x_adc.o(.text)
    ADC_RegularChannelConfig                 0x080108af   Thumb Code   184  stm32f10x_adc.o(.text)
    ADC_ExternalTrigConvCmd                  0x08010967   Thumb Code    22  stm32f10x_adc.o(.text)
    ADC_GetConversionValue                   0x0801097d   Thumb Code     8  stm32f10x_adc.o(.text)
    ADC_GetDualModeConversionValue           0x08010985   Thumb Code     8  stm32f10x_adc.o(.text)
    ADC_AutoInjectedConvCmd                  0x0801098d   Thumb Code    22  stm32f10x_adc.o(.text)
    ADC_InjectedDiscModeCmd                  0x080109a3   Thumb Code    22  stm32f10x_adc.o(.text)
    ADC_ExternalTrigInjectedConvConfig       0x080109b9   Thumb Code    16  stm32f10x_adc.o(.text)
    ADC_ExternalTrigInjectedConvCmd          0x080109c9   Thumb Code    22  stm32f10x_adc.o(.text)
    ADC_SoftwareStartInjectedConvCmd         0x080109df   Thumb Code    22  stm32f10x_adc.o(.text)
    ADC_GetSoftwareStartInjectedConvCmdStatus 0x080109f5   Thumb Code    20  stm32f10x_adc.o(.text)
    ADC_InjectedChannelConfig                0x08010a09   Thumb Code   130  stm32f10x_adc.o(.text)
    ADC_InjectedSequencerLengthConfig        0x08010a8b   Thumb Code    24  stm32f10x_adc.o(.text)
    ADC_SetInjectedOffset                    0x08010aa3   Thumb Code    20  stm32f10x_adc.o(.text)
    ADC_GetInjectedConversionValue           0x08010ab7   Thumb Code    28  stm32f10x_adc.o(.text)
    ADC_AnalogWatchdogCmd                    0x08010ad3   Thumb Code    16  stm32f10x_adc.o(.text)
    ADC_AnalogWatchdogThresholdsConfig       0x08010ae3   Thumb Code     6  stm32f10x_adc.o(.text)
    ADC_AnalogWatchdogSingleChannelConfig    0x08010ae9   Thumb Code    16  stm32f10x_adc.o(.text)
    ADC_TempSensorVrefintCmd                 0x08010af9   Thumb Code    64  stm32f10x_adc.o(.text)
    ADC_GetFlagStatus                        0x08010b39   Thumb Code    18  stm32f10x_adc.o(.text)
    ADC_ClearFlag                            0x08010b4b   Thumb Code     6  stm32f10x_adc.o(.text)
    ADC_GetITStatus                          0x08010b51   Thumb Code    36  stm32f10x_adc.o(.text)
    ADC_ClearITPendingBit                    0x08010b75   Thumb Code    10  stm32f10x_adc.o(.text)
    I2C_DeInit                               0x08010b81   Thumb Code    50  stm32f10x_i2c.o(.text)
    I2C_Init                                 0x08010bb3   Thumb Code   222  stm32f10x_i2c.o(.text)
    I2C_StructInit                           0x08010c91   Thumb Code    30  stm32f10x_i2c.o(.text)
    I2C_Cmd                                  0x08010caf   Thumb Code    24  stm32f10x_i2c.o(.text)
    I2C_DMACmd                               0x08010cc7   Thumb Code    24  stm32f10x_i2c.o(.text)
    I2C_DMALastTransferCmd                   0x08010cdf   Thumb Code    24  stm32f10x_i2c.o(.text)
    I2C_GenerateSTART                        0x08010cf7   Thumb Code    24  stm32f10x_i2c.o(.text)
    I2C_GenerateSTOP                         0x08010d0f   Thumb Code    24  stm32f10x_i2c.o(.text)
    I2C_AcknowledgeConfig                    0x08010d27   Thumb Code    24  stm32f10x_i2c.o(.text)
    I2C_OwnAddress2Config                    0x08010d3f   Thumb Code    22  stm32f10x_i2c.o(.text)
    I2C_DualAddressCmd                       0x08010d55   Thumb Code    24  stm32f10x_i2c.o(.text)
    I2C_GeneralCallCmd                       0x08010d6d   Thumb Code    24  stm32f10x_i2c.o(.text)
    I2C_ITConfig                             0x08010d85   Thumb Code    18  stm32f10x_i2c.o(.text)
    I2C_SendData                             0x08010d97   Thumb Code     4  stm32f10x_i2c.o(.text)
    I2C_ReceiveData                          0x08010d9b   Thumb Code     8  stm32f10x_i2c.o(.text)
    I2C_Send7bitAddress                      0x08010da3   Thumb Code    18  stm32f10x_i2c.o(.text)
    I2C_ReadRegister                         0x08010db5   Thumb Code    22  stm32f10x_i2c.o(.text)
    I2C_SoftwareResetCmd                     0x08010dcb   Thumb Code    22  stm32f10x_i2c.o(.text)
    I2C_NACKPositionConfig                   0x08010de1   Thumb Code    28  stm32f10x_i2c.o(.text)
    I2C_SMBusAlertConfig                     0x08010dfd   Thumb Code    28  stm32f10x_i2c.o(.text)
    I2C_TransmitPEC                          0x08010e19   Thumb Code    24  stm32f10x_i2c.o(.text)
    I2C_PECPositionConfig                    0x08010e31   Thumb Code    28  stm32f10x_i2c.o(.text)
    I2C_CalculatePEC                         0x08010e4d   Thumb Code    24  stm32f10x_i2c.o(.text)
    I2C_GetPEC                               0x08010e65   Thumb Code     8  stm32f10x_i2c.o(.text)
    I2C_ARPCmd                               0x08010e6d   Thumb Code    24  stm32f10x_i2c.o(.text)
    I2C_StretchClockCmd                      0x08010e85   Thumb Code    24  stm32f10x_i2c.o(.text)
    I2C_FastModeDutyCycleConfig              0x08010e9d   Thumb Code    28  stm32f10x_i2c.o(.text)
    I2C_CheckEvent                           0x08010eb9   Thumb Code    42  stm32f10x_i2c.o(.text)
    I2C_GetLastEvent                         0x08010ee3   Thumb Code    26  stm32f10x_i2c.o(.text)
    I2C_GetFlagStatus                        0x08010efd   Thumb Code    58  stm32f10x_i2c.o(.text)
    I2C_ClearFlag                            0x08010f37   Thumb Code    12  stm32f10x_i2c.o(.text)
    I2C_GetITStatus                          0x08010f43   Thumb Code    54  stm32f10x_i2c.o(.text)
    I2C_ClearITPendingBit                    0x08010f79   Thumb Code    12  stm32f10x_i2c.o(.text)
    DMA_DeInit                               0x08010f85   Thumb Code   324  stm32f10x_dma.o(.text)
    DMA_Init                                 0x080110c9   Thumb Code    60  stm32f10x_dma.o(.text)
    DMA_StructInit                           0x08011105   Thumb Code    26  stm32f10x_dma.o(.text)
    DMA_Cmd                                  0x0801111f   Thumb Code    24  stm32f10x_dma.o(.text)
    DMA_ITConfig                             0x08011137   Thumb Code    18  stm32f10x_dma.o(.text)
    DMA_SetCurrDataCounter                   0x08011149   Thumb Code     4  stm32f10x_dma.o(.text)
    DMA_GetCurrDataCounter                   0x0801114d   Thumb Code     8  stm32f10x_dma.o(.text)
    DMA_GetFlagStatus                        0x08011155   Thumb Code    40  stm32f10x_dma.o(.text)
    DMA_ClearFlag                            0x0801117d   Thumb Code    22  stm32f10x_dma.o(.text)
    DMA_GetITStatus                          0x08011193   Thumb Code    40  stm32f10x_dma.o(.text)
    DMA_ClearITPendingBit                    0x080111bb   Thumb Code    22  stm32f10x_dma.o(.text)
    RTC_ITConfig                             0x080111d9   Thumb Code    26  stm32f10x_rtc.o(.text)
    RTC_EnterConfigMode                      0x080111f3   Thumb Code    18  stm32f10x_rtc.o(.text)
    RTC_ExitConfigMode                       0x08011205   Thumb Code    20  stm32f10x_rtc.o(.text)
    RTC_GetCounter                           0x08011219   Thumb Code    18  stm32f10x_rtc.o(.text)
    RTC_SetCounter                           0x0801122b   Thumb Code    26  stm32f10x_rtc.o(.text)
    RTC_SetPrescaler                         0x08011245   Thumb Code    28  stm32f10x_rtc.o(.text)
    RTC_SetAlarm                             0x08011261   Thumb Code    26  stm32f10x_rtc.o(.text)
    RTC_GetDivider                           0x0801127b   Thumb Code    22  stm32f10x_rtc.o(.text)
    RTC_WaitForLastTask                      0x08011291   Thumb Code    18  stm32f10x_rtc.o(.text)
    RTC_WaitForSynchro                       0x080112a3   Thumb Code    36  stm32f10x_rtc.o(.text)
    RTC_GetFlagStatus                        0x080112c7   Thumb Code    22  stm32f10x_rtc.o(.text)
    RTC_ClearFlag                            0x080112dd   Thumb Code    16  stm32f10x_rtc.o(.text)
    RTC_GetITStatus                          0x080112ed   Thumb Code    32  stm32f10x_rtc.o(.text)
    RTC_ClearITPendingBit                    0x0801130d   Thumb Code    16  stm32f10x_rtc.o(.text)
    EXTI_DeInit                              0x08011321   Thumb Code    28  stm32f10x_exti.o(.text)
    EXTI_Init                                0x0801133d   Thumb Code   142  stm32f10x_exti.o(.text)
    EXTI_StructInit                          0x080113cb   Thumb Code    16  stm32f10x_exti.o(.text)
    EXTI_GenerateSWInterrupt                 0x080113db   Thumb Code    16  stm32f10x_exti.o(.text)
    EXTI_GetFlagStatus                       0x080113eb   Thumb Code    22  stm32f10x_exti.o(.text)
    EXTI_ClearFlag                           0x08011401   Thumb Code     8  stm32f10x_exti.o(.text)
    EXTI_GetITStatus                         0x08011409   Thumb Code    34  stm32f10x_exti.o(.text)
    EXTI_ClearITPendingBit                   0x0801142b   Thumb Code     8  stm32f10x_exti.o(.text)
    __use_no_semihosting                     0x0801143d   Thumb Code     2  use_no_semi_2.o(.text)
    __2sprintf                               0x08011441   Thumb Code    34  noretval__2sprintf.o(.text)
    __printf                                 0x08011469   Thumb Code   104  __printf.o(.text)
    _printf_str                              0x080114d1   Thumb Code    82  _printf_str.o(.text)
    _printf_int_dec                          0x08011525   Thumb Code   104  _printf_dec.o(.text)
    __use_two_region_memory                  0x0801159d   Thumb Code     2  heapauxi.o(.text)
    __rt_heap_escrow$2region                 0x0801159f   Thumb Code     2  heapauxi.o(.text)
    __rt_heap_expand$2region                 0x080115a1   Thumb Code     2  heapauxi.o(.text)
    __I$use$semihosting                      0x080115a3   Thumb Code     0  use_no_semi.o(.text)
    __use_no_semihosting_swi                 0x080115a3   Thumb Code     2  use_no_semi.o(.text)
    _printf_int_common                       0x080115a5   Thumb Code   178  _printf_intcommon.o(.text)
    _printf_char_common                      0x08011663   Thumb Code    32  _printf_char_common.o(.text)
    _sputc                                   0x08011689   Thumb Code    10  _sputc.o(.text)
    _printf_cs_common                        0x08011693   Thumb Code    20  _printf_char.o(.text)
    _printf_char                             0x080116a7   Thumb Code    16  _printf_char.o(.text)
    _printf_string                           0x080116b7   Thumb Code     8  _printf_char.o(.text)
    __user_libspace                          0x080116c1   Thumb Code     8  libspace.o(.text)
    __user_perproc_libspace                  0x080116c1   Thumb Code     0  libspace.o(.text)
    __user_perthread_libspace                0x080116c1   Thumb Code     0  libspace.o(.text)
    __user_setup_stackheap                   0x080116c9   Thumb Code    74  sys_stackheap_outer.o(.text)
    exit                                     0x08011713   Thumb Code    18  exit.o(.text)
    __aeabi_d2f                              0x08011725   Thumb Code     0  d2f.o(x$fpl$d2f)
    _d2f                                     0x08011725   Thumb Code    98  d2f.o(x$fpl$d2f)
    __aeabi_dadd                             0x08011789   Thumb Code     0  daddsub_clz.o(x$fpl$dadd)
    _dadd                                    0x08011789   Thumb Code   332  daddsub_clz.o(x$fpl$dadd)
    __fpl_dcmp_Inf                           0x080118d9   Thumb Code    24  dcmpi.o(x$fpl$dcmpinf)
    __aeabi_ddiv                             0x080118f1   Thumb Code     0  ddiv.o(x$fpl$ddiv)
    _ddiv                                    0x080118f1   Thumb Code   552  ddiv.o(x$fpl$ddiv)
    __aeabi_i2d                              0x08011ba1   Thumb Code     0  dflt_clz.o(x$fpl$dflt)
    _dflt                                    0x08011ba1   Thumb Code    46  dflt_clz.o(x$fpl$dflt)
    __aeabi_ui2d                             0x08011bcf   Thumb Code     0  dflt_clz.o(x$fpl$dfltu)
    _dfltu                                   0x08011bcf   Thumb Code    38  dflt_clz.o(x$fpl$dfltu)
    __aeabi_cdcmple                          0x08011bf5   Thumb Code     0  dleqf.o(x$fpl$dleqf)
    _dcmple                                  0x08011bf5   Thumb Code   120  dleqf.o(x$fpl$dleqf)
    __fpl_dcmple_InfNaN                      0x08011c57   Thumb Code     0  dleqf.o(x$fpl$dleqf)
    __aeabi_dmul                             0x08011c6d   Thumb Code     0  dmul.o(x$fpl$dmul)
    _dmul                                    0x08011c6d   Thumb Code   332  dmul.o(x$fpl$dmul)
    __fpl_dnaninf                            0x08011dc1   Thumb Code   156  dnaninf.o(x$fpl$dnaninf)
    __fpl_dretinf                            0x08011e5d   Thumb Code    12  dretinf.o(x$fpl$dretinf)
    __aeabi_cdrcmple                         0x08011e69   Thumb Code     0  drleqf.o(x$fpl$drleqf)
    _drcmple                                 0x08011e69   Thumb Code   108  drleqf.o(x$fpl$drleqf)
    __aeabi_dsub                             0x08011ed5   Thumb Code     0  daddsub_clz.o(x$fpl$dsub)
    _dsub                                    0x08011ed5   Thumb Code   464  daddsub_clz.o(x$fpl$dsub)
    __aeabi_f2d                              0x080120a9   Thumb Code     0  f2d.o(x$fpl$f2d)
    _f2d                                     0x080120a9   Thumb Code    86  f2d.o(x$fpl$f2d)
    __aeabi_fadd                             0x08012101   Thumb Code     0  faddsub_clz.o(x$fpl$fadd)
    _fadd                                    0x08012101   Thumb Code   196  faddsub_clz.o(x$fpl$fadd)
    __fpl_fcmp_Inf                           0x080121c5   Thumb Code    24  fcmpi.o(x$fpl$fcmpinf)
    __aeabi_fdiv                             0x080121dd   Thumb Code     0  fdiv.o(x$fpl$fdiv)
    _fdiv                                    0x080121dd   Thumb Code   384  fdiv.o(x$fpl$fdiv)
    __aeabi_cfcmpeq                          0x08012361   Thumb Code     0  feqf.o(x$fpl$feqf)
    _fcmpeq                                  0x08012361   Thumb Code   104  feqf.o(x$fpl$feqf)
    __aeabi_f2iz                             0x080123c9   Thumb Code     0  ffix.o(x$fpl$ffix)
    _ffix                                    0x080123c9   Thumb Code    54  ffix.o(x$fpl$ffix)
    __aeabi_f2uiz                            0x08012401   Thumb Code     0  ffixu.o(x$fpl$ffixu)
    _ffixu                                   0x08012401   Thumb Code    62  ffixu.o(x$fpl$ffixu)
    __aeabi_i2f                              0x08012441   Thumb Code     0  fflt_clz.o(x$fpl$fflt)
    _fflt                                    0x08012441   Thumb Code    48  fflt_clz.o(x$fpl$fflt)
    __aeabi_ui2f                             0x08012471   Thumb Code     0  fflt_clz.o(x$fpl$ffltu)
    _ffltu                                   0x08012471   Thumb Code    38  fflt_clz.o(x$fpl$ffltu)
    __aeabi_cfcmple                          0x08012499   Thumb Code     0  fleqf.o(x$fpl$fleqf)
    _fcmple                                  0x08012499   Thumb Code   104  fleqf.o(x$fpl$fleqf)
    __fpl_fcmple_InfNaN                      0x080124eb   Thumb Code     0  fleqf.o(x$fpl$fleqf)
    __aeabi_fmul                             0x08012501   Thumb Code     0  fmul.o(x$fpl$fmul)
    _fmul                                    0x08012501   Thumb Code   258  fmul.o(x$fpl$fmul)
    __fpl_fnaninf                            0x08012603   Thumb Code   140  fnaninf.o(x$fpl$fnaninf)
    __fpl_fretinf                            0x0801268f   Thumb Code    10  fretinf.o(x$fpl$fretinf)
    __aeabi_cfrcmple                         0x08012699   Thumb Code     0  frleqf.o(x$fpl$frleqf)
    _frcmple                                 0x08012699   Thumb Code    98  frleqf.o(x$fpl$frleqf)
    __aeabi_frsub                            0x080126fb   Thumb Code     0  faddsub_clz.o(x$fpl$frsb)
    _frsb                                    0x080126fb   Thumb Code    20  faddsub_clz.o(x$fpl$frsb)
    __aeabi_fsub                             0x08012711   Thumb Code     0  faddsub_clz.o(x$fpl$fsub)
    _fsub                                    0x08012711   Thumb Code   234  faddsub_clz.o(x$fpl$fsub)
    Wendu                                    0x080127fa   Data          10  lcd.o(.constdata)
    __I$use$fp                               0x080127fa   Number         0  usenofp.o(x$fpl$usenofp)
    Wendu1                                   0x08012804   Data          10  lcd.o(.constdata)
    Shidu                                    0x0801280e   Data          10  lcd.o(.constdata)
    Shidu2                                   0x08012818   Data          10  lcd.o(.constdata)
    Others                                   0x08012822   Data          10  lcd.o(.constdata)
    WenduSetting                             0x0801282c   Data          12  lcd.o(.constdata)
    ShiduSetting                             0x08012838   Data          12  lcd.o(.constdata)
    CHARS                                    0x08012844   Data          26  lcd.o(.constdata)
    table_week                               0x0801285e   Data          12  rtc.o(.constdata)
    mon_table                                0x0801286a   Data          12  rtc.o(.constdata)
    Region$$Table$$Base                      0x08012878   Number         0  anon$$obj.o(Region$$Table)
    Region$$Table$$Limit                     0x08012898   Number         0  anon$$obj.o(Region$$Table)
    SystemCoreClock                          0x20000000   Data           4  system_stm32f10x.o(.data)
    AHBPrescTable                            0x20000004   Data          16  system_stm32f10x.o(.data)
    temp                                     0x20000014   Data           1  stm32f10x_it.o(.data)
    flag_ls_set                              0x20000018   Data           4  stm32f10x_it.o(.data)
    wifiName                                 0x2000001c   Data          20  stm32f10x_it.o(.data)
    wifiPassword                             0x20000030   Data          20  stm32f10x_it.o(.data)
    TransmitDataByte                         0x20000044   Data           2  stm32f10x_it.o(.data)
    StorageRead                              0x20000046   Data           2  stm32f10x_it.o(.data)
    Tim_Out                                  0x20000048   Data           1  stm32f10x_it.o(.data)
    Rcv_Complete                             0x20000049   Data           1  stm32f10x_it.o(.data)
    Send_Complete                            0x2000004a   Data           1  stm32f10x_it.o(.data)
    Com_busy                                 0x2000004b   Data           1  stm32f10x_it.o(.data)
    Rcv_Data                                 0x2000004c   Data           1  stm32f10x_it.o(.data)
    Send_Data                                0x2000004d   Data           1  stm32f10x_it.o(.data)
    Mod_Id                                   0x2000004e   Data           1  stm32f10x_it.o(.data)
    Rcv_Num                                  0x2000004f   Data           1  stm32f10x_it.o(.data)
    Send_Num                                 0x20000050   Data           1  stm32f10x_it.o(.data)
    PointToRcvBuf                            0x20000054   Data           4  stm32f10x_it.o(.data)
    PointToSendBuf                           0x20000058   Data           4  stm32f10x_it.o(.data)
    Comu_Busy                                0x2000005c   Data           1  stm32f10x_it.o(.data)
    HaveMes                                  0x2000005d   Data           1  stm32f10x_it.o(.data)
    Online                                   0x2000005e   Data           1  stm32f10x_it.o(.data)
    SendEERPOM                               0x2000005f   Data           1  stm32f10x_it.o(.data)
    ReadPartofEEPROM                         0x20000060   Data           1  stm32f10x_it.o(.data)
    NumberReadEEPROM                         0x20000062   Data           2  stm32f10x_it.o(.data)
    BUFFER_SIZE3                             0x20000064   Data           2  stm32f10x_it.o(.data)
    RIDLE                                    0x2000026c   Data           1  main.o(.data)
    RXNum                                    0x2000026d   Data           1  main.o(.data)
    deviceidArr                              0x2000026e   Data           5  main.o(.data)
    deviceidNum                              0x20000274   Data           4  main.o(.data)
    ip1                                      0x20000278   Data           1  main.o(.data)
    ip2                                      0x20000279   Data           1  main.o(.data)
    ip3                                      0x2000027a   Data           1  main.o(.data)
    ip4                                      0x2000027b   Data           1  main.o(.data)
    port                                     0x2000027c   Data           2  main.o(.data)
    flag_1s                                  0x2000027e   Data           1  main.o(.data)
    flag_state                               0x20000280   Data           2  main.o(.data)
    flag_fasong                              0x20000282   Data           1  main.o(.data)
    LCD_dizhi                                0x20000284   Data           2  main.o(.data)
    LCD_xindao                               0x20000286   Data           2  main.o(.data)
    LCD_yicunchu                             0x20000288   Data           2  main.o(.data)
    LCD_ID                                   0x2000028a   Data           2  main.o(.data)
    LCD_botelv                               0x2000028c   Data           2  main.o(.data)
    LCD_moshi                                0x2000028e   Data           2  main.o(.data)
    crc_num                                  0x20000290   Data           1  main.o(.data)
    usart_send_pointer                       0x20000294   Data           4  main.o(.data)
    usart_tx_counter                         0x20000298   Data           1  main.o(.data)
    usart_tx_counter1                        0x20000299   Data           1  main.o(.data)
    usart_rev_comflag                        0x2000029a   Data           1  main.o(.data)
    usart_rev_counter                        0x2000029b   Data           1  main.o(.data)
    humi_val                                 0x2000029c   Data           2  main.o(.data)
    temp_val                                 0x2000029e   Data           2  main.o(.data)
    err                                      0x200002a0   Data           1  main.o(.data)
    checksum                                 0x200002a1   Data           1  main.o(.data)
    humi_val_real                            0x200002a4   Data           4  main.o(.data)
    temp_val_real                            0x200002a8   Data           4  main.o(.data)
    dew_point                                0x200002ac   Data           4  main.o(.data)
    Timing                                   0x200002b0   Data           4  main.o(.data)
    Timing_Enable                            0x200002b4   Data           4  main.o(.data)
    TimingReadSensor                         0x200002b8   Data           4  main.o(.data)
    Menu_mode                                0x200002bc   Data           4  main.o(.data)
    address                                  0x200002c0   Data           1  main.o(.data)
    BaudRate                                 0x200002c4   Data           4  main.o(.data)
    BaudRateNum                              0x200002c8   Data           4  main.o(.data)
    BaudRateArray                            0x200002cc   Data          20  main.o(.data)
    Warning                                  0x200002e0   Data           4  main.o(.data)
    Temperatuer_Up                           0x200002e4   Data           4  main.o(.data)
    Temperatuer_Down                         0x200002e8   Data           4  main.o(.data)
    Temperature_O                            0x200002ec   Data           4  main.o(.data)
    Temperature_I                            0x200002f0   Data           4  main.o(.data)
    Humtidy_Up                               0x200002f4   Data           4  main.o(.data)
    Humtidy_Down                             0x200002f8   Data           4  main.o(.data)
    C_F                                      0x200002fc   Data           4  main.o(.data)
    RemoteControl                            0x20000300   Data           4  main.o(.data)
    RecordMode                               0x20000304   Data           4  main.o(.data)
    StorageMode                              0x20000308   Data           4  main.o(.data)
    RecordTiming                             0x2000030c   Data           4  main.o(.data)
    WarningTiming                            0x20000310   Data           4  main.o(.data)
    BatteryMonitor                           0x20000314   Data           4  main.o(.data)
    SensorSelected                           0x20000318   Data           4  main.o(.data)
    TimingSetting                            0x2000031c   Data           4  main.o(.data)
    DeleteData                               0x20000320   Data           4  main.o(.data)
    TemperatureHys                           0x20000324   Data           4  main.o(.data)
    TemperatureHysDisplay                    0x20000328   Data           4  main.o(.data)
    HumtidyHys                               0x2000032c   Data           4  main.o(.data)
    HumtidyHysDisplay                        0x20000330   Data           4  main.o(.data)
    Temperature_4ma                          0x20000334   Data           4  main.o(.data)
    TemperatureDisplay_4ma                   0x20000338   Data           4  main.o(.data)
    Temperature_20ma                         0x2000033c   Data           4  main.o(.data)
    TemperatureDisplay_20ma                  0x20000340   Data           4  main.o(.data)
    Humtidy_4ma                              0x20000344   Data           4  main.o(.data)
    HumtidyDisplay_4ma                       0x20000348   Data           4  main.o(.data)
    Humtidy_20ma                             0x2000034c   Data           4  main.o(.data)
    HumtidyDisplay_20ma                      0x20000350   Data           4  main.o(.data)
    TemperatureCalibration                   0x20000354   Data           4  main.o(.data)
    TemperatureCalibrationDisplay            0x20000358   Data           4  main.o(.data)
    HumtidyCalibration                       0x2000035c   Data           4  main.o(.data)
    HumtidyCalibrationDisplay                0x20000360   Data           4  main.o(.data)
    NumDataRead                              0x20000364   Data           2  main.o(.data)
    DisplayTime_On                           0x20000366   Data           1  main.o(.data)
    PartofEEPROM                             0x20000367   Data           1  main.o(.data)
    EEPROMFull                               0x20000368   Data           1  main.o(.data)
    EEPROMDownloading                        0x20000369   Data           1  main.o(.data)
    TemperatureHighWarning                   0x2000036a   Data           1  main.o(.data)
    TemperatureLowWarning                    0x2000036b   Data           1  main.o(.data)
    HumidityHighWarning                      0x2000036c   Data           1  main.o(.data)
    HumidityLowWarning                       0x2000036d   Data           1  main.o(.data)
    key                                      0x2000036e   Data           1  main.o(.data)
    OnlyDispalyTime                          0x20000370   Data           4  main.o(.data)
    OnlyDispalyTiming                        0x20000374   Data           4  main.o(.data)
    NormalState                              0x20000378   Data           4  main.o(.data)
    year_Set                                 0x2000037c   Data           2  main.o(.data)
    month_Set                                0x2000037e   Data           1  main.o(.data)
    date_Set                                 0x2000037f   Data           1  main.o(.data)
    hour_Set                                 0x20000380   Data           1  main.o(.data)
    min_Set                                  0x20000381   Data           1  main.o(.data)
    sec_Set                                  0x20000382   Data           1  main.o(.data)
    RTC_Control                              0x20000384   Data           4  main.o(.data)
    RTC_Selected                             0x20000388   Data           4  main.o(.data)
    RTCTimeParametersInit                    0x2000038c   Data           4  main.o(.data)
    WarningOrNot                             0x20000390   Data           4  main.o(.data)
    StorgeNum                                0x20000394   Data           2  main.o(.data)
    StorgeTiming                             0x20000398   Data           4  main.o(.data)
    THtoStorage                              0x2000039c   Data           8  main.o(.data)
    THtoStorage_4byte                        0x200003a4   Data           4  main.o(.data)
    Temperature_Load                         0x200003a8   Data           4  main.o(.data)
    Humidity_Load                            0x200003ac   Data           4  main.o(.data)
    Temperature_Load_F                       0x200003b0   Data           4  main.o(.data)
    flag_chuanganqi                          0x200003b4   Data           1  main.o(.data)
    Adjust_Tem_4ma                           0x200003b8   Data           4  main.o(.data)
    Adjust_Tem_20ma                          0x200003bc   Data           4  main.o(.data)
    Adjust_Hum_4ma                           0x200003c0   Data           4  main.o(.data)
    Adjust_Hum_20ma                          0x200003c4   Data           4  main.o(.data)
    Adjust_Tem_5v                            0x200003c8   Data           4  main.o(.data)
    Adjust_Hum_10v                           0x200003cc   Data           4  main.o(.data)
    ADC_5V                                   0x200003d0   Data           2  main.o(.data)
    ADC_BAT                                  0x200003d2   Data           2  main.o(.data)
    ADC_24V                                  0x200003d4   Data           2  main.o(.data)
    V_5V                                     0x200003d8   Data           4  main.o(.data)
    V_BAT                                    0x200003dc   Data           4  main.o(.data)
    V_24V                                    0x200003e0   Data           4  main.o(.data)
    Dac_Temp                                 0x200003e4   Data           2  main.o(.data)
    Dac_Humi                                 0x200003e6   Data           2  main.o(.data)
    Battery                                  0x200003e8   Data          40  main.o(.data)
    Trg                                      0x20000410   Data           2  key.o(.data)
    Cont                                     0x20000412   Data           2  key.o(.data)
    AddUp                                    0x20000414   Data           2  key.o(.data)
    flag_1s_nnn                              0x20000418   Data           2  timer.o(.data)
    timetick                                 0x2000041a   Data           2  timer.o(.data)
    count                                    0x2000041c   Data           2  timer.o(.data)
    count_readsht                            0x2000041e   Data           2  timer.o(.data)
    TurnOffCount                             0x20000420   Data           2  timer.o(.data)
    i_count                                  0x20000424   Data           4  timer.o(.data)
    bLcd_flag                                0x20000428   Data           4  lcd.o(.data)
    bLcd_timer                               0x2000042c   Data           4  lcd.o(.data)
    ii                                       0x20000430   Data           4  lcd.o(.data)
    j                                        0x20000434   Data           4  lcd.o(.data)
    i                                        0x20000438   Data           1  lcd.o(.data)
    year                                     0x2000043a   Data           2  lcd.o(.data)
    month                                    0x2000043c   Data           1  lcd.o(.data)
    date                                     0x2000043d   Data           1  lcd.o(.data)
    hour                                     0x2000043e   Data           1  lcd.o(.data)
    min                                      0x2000043f   Data           1  lcd.o(.data)
    sec                                      0x20000440   Data           1  lcd.o(.data)
    tdata                                    0x20000441   Data           4  dhxx.o(.data)
    sbuf                                     0x20000445   Data           1  dhxx.o(.data)
    check                                    0x20000446   Data           1  dhxx.o(.data)
    sEEAddress                               0x20000448   Data           2  stm32_eval_i2c_ee.o(.data)
    sEETimeout                               0x2000044c   Data           4  stm32_eval_i2c_ee.o(.data)
    sEEDataReadPointer                       0x20000450   Data           4  stm32_eval_i2c_ee.o(.data)
    sEEDataWritePointer                      0x20000454   Data           4  stm32_eval_i2c_ee.o(.data)
    sEEDataNum                               0x20000458   Data           1  stm32_eval_i2c_ee.o(.data)
    status_flag                              0x20000459   Data           1  gprs.o(.data)
    status_flag3                             0x2000045a   Data           1  gprs.o(.data)
    rssi                                     0x2000045b   Data           1  gprs.o(.data)
    RssiGrade                                0x2000045c   Data           1  gprs.o(.data)
    temp_nb                                  0x2000045d   Data          41  gprs.o(.data)
    routerSet                                0x20000486   Data          40  gprs.o(.data)
    Rcv_Buffer                               0x200004c8   Data         210  stm32f10x_it.o(.bss)
    Send_Buffer                              0x2000059a   Data         210  stm32f10x_it.o(.bss)
    EEPROM_Transmit                          0x2000066c   Data          10  stm32f10x_it.o(.bss)
    EEPROM_Write                             0x20000676   Data          10  stm32f10x_it.o(.bss)
    RXBUF                                    0x20000694   Data         255  main.o(.bss)
    usart_rx_buff                            0x20000793   Data          50  main.o(.bss)
    usart_tx_buff                            0x200007c5   Data          50  main.o(.bss)
    ParameterStorage                         0x200007f7   Data          50  main.o(.bss)
    ParameterRead                            0x20000829   Data          50  main.o(.bss)
    THtoStorage_10byte                       0x2000085b   Data          10  main.o(.bss)
    THtoStorage_Read                         0x20000865   Data          10  main.o(.bss)
    adc100                                   0x20000870   Data         400  main.o(.bss)
    g_sht2x_param                            0x20000a00   Data          24  sht2x.o(.bss)
    Lcdram                                   0x20000a18   Data          32  lcd.o(.bss)
    calendar                                 0x20000a38   Data          10  rtc.o(.bss)
    sEEDMA_InitStructure                     0x20000a44   Data          44  stm32_eval_i2c_ee.o(.bss)
    temp_lala                                0x20000a70   Data          43  gprs.o(.bss)
    __libspace_start                         0x20000a9c   Data          96  libspace.o(.bss)
    __temporary_stack_top$libspace           0x20000afc   Data           0  libspace.o(.bss)



==============================================================================

Memory Map of the image

  Image Entry point : 0x08000131

  Load Region LR_IROM1 (Base: 0x08000000, Size: 0x00012d60, Max: 0x00040000, ABSOLUTE, COMPRESSED[0x00012ab4])

    Execution Region ER_IROM1 (Exec base: 0x08000000, Load base: 0x08000000, Size: 0x00012898, Max: 0x00040000, ABSOLUTE)

    Exec Addr    Load Addr    Size         Type   Attr      Idx    E Section Name        Object

    0x08000000   0x08000000   0x00000130   Data   RO          758    RESET               startup_stm32f10x_hd.o
    0x08000130   0x08000130   0x00000008   Code   RO          960  * !!!main             c_w.l(__main.o)
    0x08000138   0x08000138   0x00000034   Code   RO         1255    !!!scatter          c_w.l(__scatter.o)
    0x0800016c   0x0800016c   0x0000005a   Code   RO         1253    !!dczerorl2         c_w.l(__dczerorl2.o)
    0x080001c6   0x080001c6   0x00000002   PAD
    0x080001c8   0x080001c8   0x0000001c   Code   RO         1257    !!handler_zi        c_w.l(__scatter_zi.o)
    0x080001e4   0x080001e4   0x00000000   Code   RO          957    .ARM.Collect$$_printf_percent$$00000000  c_w.l(_printf_percent.o)
    0x080001e4   0x080001e4   0x00000006   Code   RO          956    .ARM.Collect$$_printf_percent$$00000009  c_w.l(_printf_d.o)
    0x080001ea   0x080001ea   0x00000006   Code   RO          955    .ARM.Collect$$_printf_percent$$00000014  c_w.l(_printf_s.o)
    0x080001f0   0x080001f0   0x00000004   Code   RO         1045    .ARM.Collect$$_printf_percent$$00000017  c_w.l(_printf_percent_end.o)
    0x080001f4   0x080001f4   0x00000002   Code   RO         1126    .ARM.Collect$$libinit$$00000000  c_w.l(libinit.o)
    0x080001f6   0x080001f6   0x00000000   Code   RO         1132    .ARM.Collect$$libinit$$00000002  c_w.l(libinit2.o)
    0x080001f6   0x080001f6   0x00000000   Code   RO         1134    .ARM.Collect$$libinit$$00000004  c_w.l(libinit2.o)
    0x080001f6   0x080001f6   0x00000000   Code   RO         1137    .ARM.Collect$$libinit$$0000000A  c_w.l(libinit2.o)
    0x080001f6   0x080001f6   0x00000000   Code   RO         1139    .ARM.Collect$$libinit$$0000000C  c_w.l(libinit2.o)
    0x080001f6   0x080001f6   0x00000000   Code   RO         1141    .ARM.Collect$$libinit$$0000000E  c_w.l(libinit2.o)
    0x080001f6   0x080001f6   0x00000000   Code   RO         1144    .ARM.Collect$$libinit$$00000011  c_w.l(libinit2.o)
    0x080001f6   0x080001f6   0x00000000   Code   RO         1146    .ARM.Collect$$libinit$$00000013  c_w.l(libinit2.o)
    0x080001f6   0x080001f6   0x00000000   Code   RO         1148    .ARM.Collect$$libinit$$00000015  c_w.l(libinit2.o)
    0x080001f6   0x080001f6   0x00000000   Code   RO         1150    .ARM.Collect$$libinit$$00000017  c_w.l(libinit2.o)
    0x080001f6   0x080001f6   0x00000000   Code   RO         1152    .ARM.Collect$$libinit$$00000019  c_w.l(libinit2.o)
    0x080001f6   0x080001f6   0x00000000   Code   RO         1154    .ARM.Collect$$libinit$$0000001B  c_w.l(libinit2.o)
    0x080001f6   0x080001f6   0x00000000   Code   RO         1156    .ARM.Collect$$libinit$$0000001D  c_w.l(libinit2.o)
    0x080001f6   0x080001f6   0x00000000   Code   RO         1158    .ARM.Collect$$libinit$$0000001F  c_w.l(libinit2.o)
    0x080001f6   0x080001f6   0x00000000   Code   RO         1160    .ARM.Collect$$libinit$$00000021  c_w.l(libinit2.o)
    0x080001f6   0x080001f6   0x00000000   Code   RO         1162    .ARM.Collect$$libinit$$00000023  c_w.l(libinit2.o)
    0x080001f6   0x080001f6   0x00000000   Code   RO         1164    .ARM.Collect$$libinit$$00000025  c_w.l(libinit2.o)
    0x080001f6   0x080001f6   0x00000000   Code   RO         1168    .ARM.Collect$$libinit$$0000002C  c_w.l(libinit2.o)
    0x080001f6   0x080001f6   0x00000000   Code   RO         1170    .ARM.Collect$$libinit$$0000002E  c_w.l(libinit2.o)
    0x080001f6   0x080001f6   0x00000000   Code   RO         1172    .ARM.Collect$$libinit$$00000030  c_w.l(libinit2.o)
    0x080001f6   0x080001f6   0x00000000   Code   RO         1174    .ARM.Collect$$libinit$$00000032  c_w.l(libinit2.o)
    0x080001f6   0x080001f6   0x00000002   Code   RO         1175    .ARM.Collect$$libinit$$00000033  c_w.l(libinit2.o)
    0x080001f8   0x080001f8   0x00000002   Code   RO         1195    .ARM.Collect$$libshutdown$$00000000  c_w.l(libshutdown.o)
    0x080001fa   0x080001fa   0x00000000   Code   RO         1205    .ARM.Collect$$libshutdown$$00000002  c_w.l(libshutdown2.o)
    0x080001fa   0x080001fa   0x00000000   Code   RO         1207    .ARM.Collect$$libshutdown$$00000004  c_w.l(libshutdown2.o)
    0x080001fa   0x080001fa   0x00000000   Code   RO         1210    .ARM.Collect$$libshutdown$$00000007  c_w.l(libshutdown2.o)
    0x080001fa   0x080001fa   0x00000000   Code   RO         1213    .ARM.Collect$$libshutdown$$0000000A  c_w.l(libshutdown2.o)
    0x080001fa   0x080001fa   0x00000000   Code   RO         1215    .ARM.Collect$$libshutdown$$0000000C  c_w.l(libshutdown2.o)
    0x080001fa   0x080001fa   0x00000000   Code   RO         1218    .ARM.Collect$$libshutdown$$0000000F  c_w.l(libshutdown2.o)
    0x080001fa   0x080001fa   0x00000002   Code   RO         1219    .ARM.Collect$$libshutdown$$00000010  c_w.l(libshutdown2.o)
    0x080001fc   0x080001fc   0x00000000   Code   RO         1034    .ARM.Collect$$rtentry$$00000000  c_w.l(__rtentry.o)
    0x080001fc   0x080001fc   0x00000000   Code   RO         1086    .ARM.Collect$$rtentry$$00000002  c_w.l(__rtentry2.o)
    0x080001fc   0x080001fc   0x00000006   Code   RO         1098    .ARM.Collect$$rtentry$$00000004  c_w.l(__rtentry4.o)
    0x08000202   0x08000202   0x00000000   Code   RO         1088    .ARM.Collect$$rtentry$$00000009  c_w.l(__rtentry2.o)
    0x08000202   0x08000202   0x00000004   Code   RO         1089    .ARM.Collect$$rtentry$$0000000A  c_w.l(__rtentry2.o)
    0x08000206   0x08000206   0x00000000   Code   RO         1091    .ARM.Collect$$rtentry$$0000000C  c_w.l(__rtentry2.o)
    0x08000206   0x08000206   0x00000008   Code   RO         1092    .ARM.Collect$$rtentry$$0000000D  c_w.l(__rtentry2.o)
    0x0800020e   0x0800020e   0x00000002   Code   RO         1129    .ARM.Collect$$rtexit$$00000000  c_w.l(rtexit.o)
    0x08000210   0x08000210   0x00000000   Code   RO         1179    .ARM.Collect$$rtexit$$00000002  c_w.l(rtexit2.o)
    0x08000210   0x08000210   0x00000004   Code   RO         1180    .ARM.Collect$$rtexit$$00000003  c_w.l(rtexit2.o)
    0x08000214   0x08000214   0x00000006   Code   RO         1181    .ARM.Collect$$rtexit$$00000004  c_w.l(rtexit2.o)
    0x0800021a   0x0800021a   0x00000002   PAD
    0x0800021c   0x0800021c   0x000001e0   Code   RO            1    .text               system_stm32f10x.o
    0x080003fc   0x080003fc   0x00000c38   Code   RO          103    .text               stm32f10x_it.o
    0x08001034   0x08001034   0x00009958   Code   RO          160    .text               main.o
    0x0800a98c   0x0800a98c   0x00000050   Code   RO          329    .text               led.o
    0x0800a9dc   0x0800a9dc   0x0000017c   Code   RO          370    .text               key.o
    0x0800ab58   0x0800ab58   0x000002e8   Code   RO          389    .text               timer.o
    0x0800ae40   0x0800ae40   0x0000014c   Code   RO          409    .text               adc.o
    0x0800af8c   0x0800af8c   0x00000680   Code   RO          458    .text               sht2x.o
    0x0800b60c   0x0800b60c   0x00001724   Code   RO          476    .text               lcd.o
    0x0800cd30   0x0800cd30   0x000002d0   Code   RO          518    .text               rtc.o
    0x0800d000   0x0800d000   0x00000058   Code   RO          544    .text               relay.o
    0x0800d058   0x0800d058   0x00000230   Code   RO          559    .text               dhxx.o
    0x0800d288   0x0800d288   0x000009bc   Code   RO          605    .text               stm32_eval_i2c_ee.o
    0x0800dc44   0x0800dc44   0x000001b8   Code   RO          621    .text               24cxx.o
    0x0800ddfc   0x0800ddfc   0x0000026c   Code   RO          634    .text               myiic.o
    0x0800e068   0x0800e068   0x00000098   Code   RO          646    .text               exti.o
    0x0800e100   0x0800e100   0x000004ee   Code   RO          662    .text               sd3078.o
    0x0800e5ee   0x0800e5ee   0x00000002   PAD
    0x0800e5f0   0x0800e5f0   0x000004c8   Code   RO          674    .text               gprs.o
    0x0800eab8   0x0800eab8   0x000000d4   Code   RO          691    .text               delay.o
    0x0800eb8c   0x0800eb8c   0x00000164   Code   RO          722    .text               usart.o
    0x0800ecf0   0x0800ecf0   0x00000040   Code   RO          759    .text               startup_stm32f10x_hd.o
    0x0800ed30   0x0800ed30   0x0000035c   Code   RO          763    .text               stm32f10x_gpio.o
    0x0800f08c   0x0800f08c   0x000003a4   Code   RO          775    .text               stm32f10x_rcc.o
    0x0800f430   0x0800f430   0x00000408   Code   RO          789    .text               stm32f10x_usart.o
    0x0800f838   0x0800f838   0x000000dc   Code   RO          801    .text               misc.o
    0x0800f914   0x0800f914   0x00000e1a   Code   RO          813    .text               stm32f10x_tim.o
    0x0801072e   0x0801072e   0x00000002   PAD
    0x08010730   0x08010730   0x0000044e   Code   RO          825    .text               stm32f10x_adc.o
    0x08010b7e   0x08010b7e   0x00000002   PAD
    0x08010b80   0x08010b80   0x00000404   Code   RO          849    .text               stm32f10x_i2c.o
    0x08010f84   0x08010f84   0x00000254   Code   RO          861    .text               stm32f10x_dma.o
    0x080111d8   0x080111d8   0x00000148   Code   RO          873    .text               stm32f10x_rtc.o
    0x08011320   0x08011320   0x0000011c   Code   RO          909    .text               stm32f10x_exti.o
    0x0801143c   0x0801143c   0x00000002   Code   RO          923    .text               c_w.l(use_no_semi_2.o)
    0x0801143e   0x0801143e   0x00000002   PAD
    0x08011440   0x08011440   0x00000028   Code   RO          927    .text               c_w.l(noretval__2sprintf.o)
    0x08011468   0x08011468   0x00000068   Code   RO          929    .text               c_w.l(__printf.o)
    0x080114d0   0x080114d0   0x00000052   Code   RO          931    .text               c_w.l(_printf_str.o)
    0x08011522   0x08011522   0x00000002   PAD
    0x08011524   0x08011524   0x00000078   Code   RO          933    .text               c_w.l(_printf_dec.o)
    0x0801159c   0x0801159c   0x00000006   Code   RO          958    .text               c_w.l(heapauxi.o)
    0x080115a2   0x080115a2   0x00000002   Code   RO         1032    .text               c_w.l(use_no_semi.o)
    0x080115a4   0x080115a4   0x000000b2   Code   RO         1037    .text               c_w.l(_printf_intcommon.o)
    0x08011656   0x08011656   0x00000002   PAD
    0x08011658   0x08011658   0x00000030   Code   RO         1039    .text               c_w.l(_printf_char_common.o)
    0x08011688   0x08011688   0x0000000a   Code   RO         1041    .text               c_w.l(_sputc.o)
    0x08011692   0x08011692   0x0000002c   Code   RO         1043    .text               c_w.l(_printf_char.o)
    0x080116be   0x080116be   0x00000002   PAD
    0x080116c0   0x080116c0   0x00000008   Code   RO         1114    .text               c_w.l(libspace.o)
    0x080116c8   0x080116c8   0x0000004a   Code   RO         1117    .text               c_w.l(sys_stackheap_outer.o)
    0x08011712   0x08011712   0x00000012   Code   RO         1119    .text               c_w.l(exit.o)
    0x08011724   0x08011724   0x00000062   Code   RO          962    x$fpl$d2f           fz_ws.l(d2f.o)
    0x08011786   0x08011786   0x00000002   PAD
    0x08011788   0x08011788   0x00000150   Code   RO          964    x$fpl$dadd          fz_ws.l(daddsub_clz.o)
    0x080118d8   0x080118d8   0x00000018   Code   RO         1046    x$fpl$dcmpinf       fz_ws.l(dcmpi.o)
    0x080118f0   0x080118f0   0x000002b0   Code   RO          971    x$fpl$ddiv          fz_ws.l(ddiv.o)
    0x08011ba0   0x08011ba0   0x0000002e   Code   RO          979    x$fpl$dflt          fz_ws.l(dflt_clz.o)
    0x08011bce   0x08011bce   0x00000026   Code   RO          978    x$fpl$dfltu         fz_ws.l(dflt_clz.o)
    0x08011bf4   0x08011bf4   0x00000078   Code   RO          984    x$fpl$dleqf         fz_ws.l(dleqf.o)
    0x08011c6c   0x08011c6c   0x00000154   Code   RO          986    x$fpl$dmul          fz_ws.l(dmul.o)
    0x08011dc0   0x08011dc0   0x0000009c   Code   RO         1048    x$fpl$dnaninf       fz_ws.l(dnaninf.o)
    0x08011e5c   0x08011e5c   0x0000000c   Code   RO         1050    x$fpl$dretinf       fz_ws.l(dretinf.o)
    0x08011e68   0x08011e68   0x0000006c   Code   RO          988    x$fpl$drleqf        fz_ws.l(drleqf.o)
    0x08011ed4   0x08011ed4   0x000001d4   Code   RO          966    x$fpl$dsub          fz_ws.l(daddsub_clz.o)
    0x080120a8   0x080120a8   0x00000056   Code   RO          990    x$fpl$f2d           fz_ws.l(f2d.o)
    0x080120fe   0x080120fe   0x00000002   PAD
    0x08012100   0x08012100   0x000000c4   Code   RO          992    x$fpl$fadd          fz_ws.l(faddsub_clz.o)
    0x080121c4   0x080121c4   0x00000018   Code   RO         1052    x$fpl$fcmpinf       fz_ws.l(fcmpi.o)
    0x080121dc   0x080121dc   0x00000184   Code   RO          999    x$fpl$fdiv          fz_ws.l(fdiv.o)
    0x08012360   0x08012360   0x00000068   Code   RO         1002    x$fpl$feqf          fz_ws.l(feqf.o)
    0x080123c8   0x080123c8   0x00000036   Code   RO         1004    x$fpl$ffix          fz_ws.l(ffix.o)
    0x080123fe   0x080123fe   0x00000002   PAD
    0x08012400   0x08012400   0x0000003e   Code   RO         1008    x$fpl$ffixu         fz_ws.l(ffixu.o)
    0x0801243e   0x0801243e   0x00000002   PAD
    0x08012440   0x08012440   0x00000030   Code   RO         1013    x$fpl$fflt          fz_ws.l(fflt_clz.o)
    0x08012470   0x08012470   0x00000026   Code   RO         1012    x$fpl$ffltu         fz_ws.l(fflt_clz.o)
    0x08012496   0x08012496   0x00000002   PAD
    0x08012498   0x08012498   0x00000068   Code   RO         1018    x$fpl$fleqf         fz_ws.l(fleqf.o)
    0x08012500   0x08012500   0x00000102   Code   RO         1020    x$fpl$fmul          fz_ws.l(fmul.o)
    0x08012602   0x08012602   0x0000008c   Code   RO         1054    x$fpl$fnaninf       fz_ws.l(fnaninf.o)
    0x0801268e   0x0801268e   0x0000000a   Code   RO         1056    x$fpl$fretinf       fz_ws.l(fretinf.o)
    0x08012698   0x08012698   0x00000062   Code   RO         1022    x$fpl$frleqf        fz_ws.l(frleqf.o)
    0x080126fa   0x080126fa   0x00000014   Code   RO          993    x$fpl$frsb          fz_ws.l(faddsub_clz.o)
    0x0801270e   0x0801270e   0x00000002   PAD
    0x08012710   0x08012710   0x000000ea   Code   RO          994    x$fpl$fsub          fz_ws.l(faddsub_clz.o)
    0x080127fa   0x080127fa   0x00000000   Code   RO         1060    x$fpl$usenofp       fz_ws.l(usenofp.o)
    0x080127fa   0x080127fa   0x00000064   Data   RO          478    .constdata          lcd.o
    0x0801285e   0x0801285e   0x00000018   Data   RO          520    .constdata          rtc.o
    0x08012876   0x08012876   0x00000002   PAD
    0x08012878   0x08012878   0x00000020   Data   RO         1251    Region$$Table       anon$$obj.o


    Execution Region RW_IRAM1 (Exec base: 0x20000000, Load base: 0x08012898, Size: 0x00001100, Max: 0x0000c000, ABSOLUTE, COMPRESSED[0x0000021c])

    Exec Addr    Load Addr    Size         Type   Attr      Idx    E Section Name        Object

    0x20000000   COMPRESSED   0x00000014   Data   RW            2    .data               system_stm32f10x.o
    0x20000014   COMPRESSED   0x00000255   Data   RW          105    .data               stm32f10x_it.o
    0x20000269   COMPRESSED   0x00000003   PAD
    0x2000026c   COMPRESSED   0x000001a4   Data   RW          163    .data               main.o
    0x20000410   COMPRESSED   0x00000006   Data   RW          371    .data               key.o
    0x20000416   COMPRESSED   0x00000002   PAD
    0x20000418   COMPRESSED   0x00000010   Data   RW          390    .data               timer.o
    0x20000428   COMPRESSED   0x00000019   Data   RW          479    .data               lcd.o
    0x20000441   COMPRESSED   0x00000006   Data   RW          560    .data               dhxx.o
    0x20000447   COMPRESSED   0x00000001   PAD
    0x20000448   COMPRESSED   0x00000011   Data   RW          607    .data               stm32_eval_i2c_ee.o
    0x20000459   COMPRESSED   0x00000055   Data   RW          676    .data               gprs.o
    0x200004ae   COMPRESSED   0x00000004   Data   RW          692    .data               delay.o
    0x200004b2   COMPRESSED   0x00000014   Data   RW          776    .data               stm32f10x_rcc.o
    0x200004c6   COMPRESSED   0x00000002   PAD
    0x200004c8        -       0x000001cc   Zero   RW          104    .bss                stm32f10x_it.o
    0x20000694        -       0x0000036c   Zero   RW          161    .bss                main.o
    0x20000a00        -       0x00000018   Zero   RW          459    .bss                sht2x.o
    0x20000a18        -       0x00000020   Zero   RW          477    .bss                lcd.o
    0x20000a38        -       0x0000000a   Zero   RW          519    .bss                rtc.o
    0x20000a42   COMPRESSED   0x00000002   PAD
    0x20000a44        -       0x0000002c   Zero   RW          606    .bss                stm32_eval_i2c_ee.o
    0x20000a70        -       0x0000002b   Zero   RW          675    .bss                gprs.o
    0x20000a9b   COMPRESSED   0x00000001   PAD
    0x20000a9c        -       0x00000060   Zero   RW         1115    .bss                c_w.l(libspace.o)
    0x20000afc   COMPRESSED   0x00000004   PAD
    0x20000b00        -       0x00000200   Zero   RW          757    HEAP                startup_stm32f10x_hd.o
    0x20000d00        -       0x00000400   Zero   RW          756    STACK               startup_stm32f10x_hd.o


==============================================================================

Image component sizes


      Code (inc. data)   RO Data    RW Data    ZI Data      Debug   Object Name

       440          4          0          0          0       3124   24cxx.o
       332          8          0          0          0       1815   adc.o
       212         18          0          4          0       1003   delay.o
       560         24          0          6          0       2414   dhxx.o
       152          6          0          0          0        726   exti.o
      1224        290          0         85         43       4354   gprs.o
       380         24          0          6          0       1145   key.o
      5924        252        100         25         32      13313   lcd.o
        80          8          0          0          0     216407   led.o
     39256       1758          0        420        876     261493   main.o
       220         22          0          0          0       1769   misc.o
       620         14          0          0          0       1868   myiic.o
        88         14          0          0          0        488   relay.o
       720          8         24          0         10       3136   rtc.o
      1262         16          0          0          0       4197   sd3078.o
      1664         66          0          0         24       6997   sht2x.o
        64         26        304          0       1536        784   startup_stm32f10x_hd.o
      2492        104          0         17         44       5780   stm32_eval_i2c_ee.o
      1102         26          0          0          0      11009   stm32f10x_adc.o
       596          8          0          0          0       4330   stm32f10x_dma.o
       284         10          0          0          0       2223   stm32f10x_exti.o
       860         38          0          0          0       5701   stm32f10x_gpio.o
      1028         16          0          0          0       9191   stm32f10x_i2c.o
      3128        398          0        597        460       8085   stm32f10x_it.o
       932         36          0         20          0       8860   stm32f10x_rcc.o
       328          4          0          0          0       2706   stm32f10x_rtc.o
      3610         88          0          0          0      22808   stm32f10x_tim.o
      1032         22          0          0          0       8424   stm32f10x_usart.o
         0          0          0          0          0         32   sys.o
       480         38          0         20          0     270455   system_stm32f10x.o
       744         74          0         16          0       2438   timer.o
       356         12          0          0          0       3019   usart.o

    ----------------------------------------------------------------------
     70176       3432        462       1224       3028     890094   Object Totals
         0          0         32          0          0          0   (incl. Generated)
         6          0          2          8          3          0   (incl. Padding)

    ----------------------------------------------------------------------

      Code (inc. data)   RO Data    RW Data    ZI Data      Debug   Library Member Name

        90          0          0          0          0          0   __dczerorl2.o
         8          0          0          0          0         68   __main.o
       104          0          0          0          0         84   __printf.o
         0          0          0          0          0          0   __rtentry.o
        12          0          0          0          0          0   __rtentry2.o
         6          0          0          0          0          0   __rtentry4.o
        52          8          0          0          0          0   __scatter.o
        28          0          0          0          0          0   __scatter_zi.o
        44          0          0          0          0        108   _printf_char.o
        48          6          0          0          0         96   _printf_char_common.o
         6          0          0          0          0          0   _printf_d.o
       120         16          0          0          0         92   _printf_dec.o
       178          0          0          0          0         88   _printf_intcommon.o
         0          0          0          0          0          0   _printf_percent.o
         4          0          0          0          0          0   _printf_percent_end.o
         6          0          0          0          0          0   _printf_s.o
        82          0          0          0          0         80   _printf_str.o
        10          0          0          0          0         68   _sputc.o
        18          0          0          0          0         80   exit.o
         6          0          0          0          0        152   heapauxi.o
         2          0          0          0          0          0   libinit.o
         2          0          0          0          0          0   libinit2.o
         2          0          0          0          0          0   libshutdown.o
         2          0          0          0          0          0   libshutdown2.o
         8          4          0          0         96         68   libspace.o
        40          6          0          0          0         84   noretval__2sprintf.o
         2          0          0          0          0          0   rtexit.o
        10          0          0          0          0          0   rtexit2.o
        74          0          0          0          0         80   sys_stackheap_outer.o
         2          0          0          0          0         68   use_no_semi.o
         2          0          0          0          0         68   use_no_semi_2.o
        98          4          0          0          0         92   d2f.o
       804         16          0          0          0        272   daddsub_clz.o
        24          0          0          0          0         68   dcmpi.o
       688        140          0          0          0        208   ddiv.o
        84          0          0          0          0        136   dflt_clz.o
       120          4          0          0          0         92   dleqf.o
       340         12          0          0          0        104   dmul.o
       156          4          0          0          0         92   dnaninf.o
        12          0          0          0          0         68   dretinf.o
       108          0          0          0          0         80   drleqf.o
        86          4          0          0          0         84   f2d.o
       450          8          0          0          0        236   faddsub_clz.o
        24          0          0          0          0         68   fcmpi.o
       388         76          0          0          0         96   fdiv.o
       104          4          0          0          0         84   feqf.o
        54          4          0          0          0         84   ffix.o
        62          4          0          0          0         84   ffixu.o
        86          0          0          0          0        136   fflt_clz.o
       104          4          0          0          0         84   fleqf.o
       258          4          0          0          0         84   fmul.o
       140          4          0          0          0         84   fnaninf.o
        10          0          0          0          0         68   fretinf.o
        98          0          0          0          0         68   frleqf.o
         0          0          0          0          0          0   usenofp.o

    ----------------------------------------------------------------------
      5290        332          0          0        100       3756   Library Totals
        24          0          0          0          4          0   (incl. Padding)

    ----------------------------------------------------------------------

      Code (inc. data)   RO Data    RW Data    ZI Data      Debug   Library Name

       968         40          0          0         96       1284   c_w.l
      4298        292          0          0          0       2472   fz_ws.l

    ----------------------------------------------------------------------
      5290        332          0          0        100       3756   Library Totals

    ----------------------------------------------------------------------

==============================================================================


      Code (inc. data)   RO Data    RW Data    ZI Data      Debug   

     75466       3764        462       1224       3128     888906   Grand Totals
     75466       3764        462        540       3128     888906   ELF Image Totals (compressed)
     75466       3764        462        540          0          0   ROM Totals

==============================================================================

    Total RO  Size (Code + RO Data)                75928 (  74.15kB)
    Total RW  Size (RW Data + ZI Data)              4352 (   4.25kB)
    Total ROM Size (Code + RO Data + RW Data)      76468 (  74.68kB)

==============================================================================

